C:\Users\jorge\Documents\MCUXpressoIDE_11.8.0_1165\workspace\Chapter3_rtos_examples_freertos_hello_Example13\CMSIS/core_cm0plus.h:745:22:NVIC_EnableIRQ	16	static
C:\Users\jorge\Documents\MCUXpressoIDE_11.8.0_1165\workspace\Chapter3_rtos_examples_freertos_hello_Example13\drivers/fsl_common.h:212:20:EnableIRQ	16	static
C:\Users\jorge\Documents\MCUXpressoIDE_11.8.0_1165\workspace\Chapter3_rtos_examples_freertos_hello_Example13\drivers/fsl_pit.h:127:20:PIT_GetDefaultConfig	16	static
C:\Users\jorge\Documents\MCUXpressoIDE_11.8.0_1165\workspace\Chapter3_rtos_examples_freertos_hello_Example13\drivers/fsl_pit.h:181:20:PIT_EnableInterrupts	24	static
C:\Users\jorge\Documents\MCUXpressoIDE_11.8.0_1165\workspace\Chapter3_rtos_examples_freertos_hello_Example13\drivers/fsl_pit.h:242:20:PIT_ClearStatusFlags	24	static
C:\Users\jorge\Documents\MCUXpressoIDE_11.8.0_1165\workspace\Chapter3_rtos_examples_freertos_hello_Example13\drivers/fsl_pit.h:268:20:PIT_SetTimerPeriod	24	static
C:\Users\jorge\Documents\MCUXpressoIDE_11.8.0_1165\workspace\Chapter3_rtos_examples_freertos_hello_Example13\drivers/fsl_pit.h:308:20:PIT_StartTimer	16	static
../source/freertos_hello.c:73:5:main	64	static
../source/freertos_hello.c:141:13:vPeriodicTask	16	static
../source/freertos_hello.c:160:13:vHandlerTask	16	static
../source/freertos_hello.c:178:6:PIT_IRQHandler	8	static
