C:\Users\jorge\Documents\MCUXpressoIDE_11.8.0_1165\workspace\Chapter3_rtos_examples_freertos_hello_Example13\drivers/fsl_clock.h:745:20:CLOCK_SetSimSafeDivs	8	static
C:\Users\jorge\Documents\MCUXpressoIDE_11.8.0_1165\workspace\Chapter3_rtos_examples_freertos_hello_Example13\drivers/fsl_clock.h:1076:20:CLOCK_SetXtal0Freq	16	static
C:\Users\jorge\Documents\MCUXpressoIDE_11.8.0_1165\workspace\Chapter3_rtos_examples_freertos_hello_Example13\drivers/fsl_smc.h:283:20:SMC_SetPowerModeProtection	16	static
C:\Users\jorge\Documents\MCUXpressoIDE_11.8.0_1165\workspace\Chapter3_rtos_examples_freertos_hello_Example13\drivers/fsl_smc.h:302:33:SMC_GetPowerModeState	16	static
../board/clock_config.c:98:13:CLOCK_CONFIG_SetFllExtRefDiv	16	static
../board/clock_config.c:183:6:BOARD_BootClockRUN	8	static
../board/clock_config.c:276:6:BOARD_BootClockVLPR	8	static
