C:\Users\jorge\Documents\MCUXpressoIDE_11.8.0_1165\workspace\frdmkl25z_Chapter1_rtos_examples_freertos_hello_Example6\drivers/fsl_clock.h:745:20:CLOCK_SetSimSafeDivs	8	static
C:\Users\jorge\Documents\MCUXpressoIDE_11.8.0_1165\workspace\frdmkl25z_Chapter1_rtos_examples_freertos_hello_Example6\drivers/fsl_clock.h:1076:20:CLOCK_SetXtal0Freq	16	static
C:\Users\jorge\Documents\MCUXpressoIDE_11.8.0_1165\workspace\frdmkl25z_Chapter1_rtos_examples_freertos_hello_Example6\drivers/fsl_smc.h:283:20:SMC_SetPowerModeProtection	16	static
C:\Users\jorge\Documents\MCUXpressoIDE_11.8.0_1165\workspace\frdmkl25z_Chapter1_rtos_examples_freertos_hello_Example6\drivers/fsl_smc.h:302:33:SMC_GetPowerModeState	16	static
../board/clock_config.c:72:13:CLOCK_CONFIG_SetFllExtRefDiv	16	static
../board/clock_config.c:80:6:BOARD_InitBootClocks	8	static
../board/clock_config.c:168:6:BOARD_BootClockRUN	8	static
../board/clock_config.c:263:6:BOARD_BootClockVLPR	8	static
