Archive member included to satisfy reference by file (symbol)

c:/nxp/mcuxpressoide_11.8.0_1165/ide/plugins/com.nxp.mcuxpresso.tools.win32_11.8.0.202306131047/tools/bin/../lib/gcc/arm-none-eabi/12.2.1/../../../../arm-none-eabi/lib/thumb/v6-m/nofp\libcr_nohost_nf.a(_cr__main.o)
                              ./startup/startup_mkl25z4.o (__main)
c:/nxp/mcuxpressoide_11.8.0_1165/ide/plugins/com.nxp.mcuxpresso.tools.win32_11.8.0.202306131047/tools/bin/../lib/gcc/arm-none-eabi/12.2.1/../../../../arm-none-eabi/lib/thumb/v6-m/nofp\libcr_c.a(memcpy.o)
                              ./freertos/queue.o (memcpy)
c:/nxp/mcuxpressoide_11.8.0_1165/ide/plugins/com.nxp.mcuxpresso.tools.win32_11.8.0.202306131047/tools/bin/../lib/gcc/arm-none-eabi/12.2.1/../../../../arm-none-eabi/lib/thumb/v6-m/nofp\libcr_c.a(memset.o)
                              ./freertos/tasks.o (memset)
c:/nxp/mcuxpressoide_11.8.0_1165/ide/plugins/com.nxp.mcuxpresso.tools.win32_11.8.0.202306131047/tools/bin/../lib/gcc/arm-none-eabi/12.2.1/../../../../arm-none-eabi/lib/thumb/v6-m/nofp\libcr_c.a(initio.o)
                              c:/nxp/mcuxpressoide_11.8.0_1165/ide/plugins/com.nxp.mcuxpresso.tools.win32_11.8.0.202306131047/tools/bin/../lib/gcc/arm-none-eabi/12.2.1/../../../../arm-none-eabi/lib/thumb/v6-m/nofp\libcr_nohost_nf.a(_cr__main.o) (_initio)
c:/nxp/mcuxpressoide_11.8.0_1165/ide/plugins/com.nxp.mcuxpresso.tools.win32_11.8.0.202306131047/tools/bin/../lib/gcc/arm-none-eabi/12.2.1/../../../../arm-none-eabi/lib/thumb/v6-m/nofp\libcr_c.a(setvbuf.o)
                              c:/nxp/mcuxpressoide_11.8.0_1165/ide/plugins/com.nxp.mcuxpresso.tools.win32_11.8.0.202306131047/tools/bin/../lib/gcc/arm-none-eabi/12.2.1/../../../../arm-none-eabi/lib/thumb/v6-m/nofp\libcr_c.a(initio.o) (setvbuf)
c:/nxp/mcuxpressoide_11.8.0_1165/ide/plugins/com.nxp.mcuxpresso.tools.win32_11.8.0.202306131047/tools/bin/../lib/gcc/arm-none-eabi/12.2.1/../../../../arm-none-eabi/lib/thumb/v6-m/nofp\libcr_c.a(strlen.o)
                              ./utilities/fsl_debug_console.o (strlen)
c:/nxp/mcuxpressoide_11.8.0_1165/ide/plugins/com.nxp.mcuxpresso.tools.win32_11.8.0.202306131047/tools/bin/../lib/gcc/arm-none-eabi/12.2.1/../../../../arm-none-eabi/lib/thumb/v6-m/nofp\libcr_c.a(_fdopen.o)
                              c:/nxp/mcuxpressoide_11.8.0_1165/ide/plugins/com.nxp.mcuxpresso.tools.win32_11.8.0.202306131047/tools/bin/../lib/gcc/arm-none-eabi/12.2.1/../../../../arm-none-eabi/lib/thumb/v6-m/nofp\libcr_c.a(initio.o) (_fdopen)
c:/nxp/mcuxpressoide_11.8.0_1165/ide/plugins/com.nxp.mcuxpresso.tools.win32_11.8.0.202306131047/tools/bin/../lib/gcc/arm-none-eabi/12.2.1/../../../../arm-none-eabi/lib/thumb/v6-m/nofp\libcr_c.a(fclose.o)
                              c:/nxp/mcuxpressoide_11.8.0_1165/ide/plugins/com.nxp.mcuxpresso.tools.win32_11.8.0.202306131047/tools/bin/../lib/gcc/arm-none-eabi/12.2.1/../../../../arm-none-eabi/lib/thumb/v6-m/nofp\libcr_c.a(initio.o) (fclose)
c:/nxp/mcuxpressoide_11.8.0_1165/ide/plugins/com.nxp.mcuxpresso.tools.win32_11.8.0.202306131047/tools/bin/../lib/gcc/arm-none-eabi/12.2.1/../../../../arm-none-eabi/lib/thumb/v6-m/nofp\libcr_c.a(fflush.o)
                              c:/nxp/mcuxpressoide_11.8.0_1165/ide/plugins/com.nxp.mcuxpresso.tools.win32_11.8.0.202306131047/tools/bin/../lib/gcc/arm-none-eabi/12.2.1/../../../../arm-none-eabi/lib/thumb/v6-m/nofp\libcr_c.a(fclose.o) (fflush)
c:/nxp/mcuxpressoide_11.8.0_1165/ide/plugins/com.nxp.mcuxpresso.tools.win32_11.8.0.202306131047/tools/bin/../lib/gcc/arm-none-eabi/12.2.1/../../../../arm-none-eabi/lib/thumb/v6-m/nofp\libcr_c.a(fseek.o)
                              c:/nxp/mcuxpressoide_11.8.0_1165/ide/plugins/com.nxp.mcuxpresso.tools.win32_11.8.0.202306131047/tools/bin/../lib/gcc/arm-none-eabi/12.2.1/../../../../arm-none-eabi/lib/thumb/v6-m/nofp\libcr_c.a(_fdopen.o) (fseek)
c:/nxp/mcuxpressoide_11.8.0_1165/ide/plugins/com.nxp.mcuxpresso.tools.win32_11.8.0.202306131047/tools/bin/../lib/gcc/arm-none-eabi/12.2.1/../../../../arm-none-eabi/lib/thumb/v6-m/nofp\libcr_c.a(ftell.o)
                              c:/nxp/mcuxpressoide_11.8.0_1165/ide/plugins/com.nxp.mcuxpresso.tools.win32_11.8.0.202306131047/tools/bin/../lib/gcc/arm-none-eabi/12.2.1/../../../../arm-none-eabi/lib/thumb/v6-m/nofp\libcr_c.a(fseek.o) (ftell)
c:/nxp/mcuxpressoide_11.8.0_1165/ide/plugins/com.nxp.mcuxpresso.tools.win32_11.8.0.202306131047/tools/bin/../lib/gcc/arm-none-eabi/12.2.1/../../../../arm-none-eabi/lib/thumb/v6-m/nofp\libcr_c.a(remove.o)
                              c:/nxp/mcuxpressoide_11.8.0_1165/ide/plugins/com.nxp.mcuxpresso.tools.win32_11.8.0.202306131047/tools/bin/../lib/gcc/arm-none-eabi/12.2.1/../../../../arm-none-eabi/lib/thumb/v6-m/nofp\libcr_c.a(fclose.o) (remove)
c:/nxp/mcuxpressoide_11.8.0_1165/ide/plugins/com.nxp.mcuxpresso.tools.win32_11.8.0.202306131047/tools/bin/../lib/gcc/arm-none-eabi/12.2.1/../../../../arm-none-eabi/lib/thumb/v6-m/nofp\libcr_c.a(_do_fflush.o)
[...]
Memory Configuration

Name             Origin             Length             Attributes
PROGRAM_FLASH    0x00000000         0x00020000         xr
SRAM             0x1ffff000         0x00004000         xrw
*default*        0x00000000         0xffffffff

Linker script and memory map

LOAD ./utilities/fsl_debug_console.o
LOAD ./startup/startup_mkl25z4.o
LOAD ./source/freertos_hello.o
LOAD ./source/mtb.o
LOAD ./source/semihost_hardfault.o
LOAD ./freertos/croutine.o
LOAD ./freertos/event_groups.o
LOAD ./freertos/fsl_tickless_lptmr.o
LOAD ./freertos/fsl_tickless_systick.o
LOAD ./freertos/heap_4.o
LOAD ./freertos/list.o
LOAD ./freertos/port.o
LOAD ./freertos/queue.o
LOAD ./freertos/tasks.o
LOAD ./freertos/timers.o
LOAD ./drivers/fsl_adc16.o
LOAD ./drivers/fsl_clock.o
LOAD ./drivers/fsl_common.o
LOAD ./drivers/fsl_flash.o
LOAD ./drivers/fsl_gpio.o
LOAD ./drivers/fsl_lpsci.o
LOAD ./drivers/fsl_lpsci_freertos.o
LOAD ./drivers/fsl_smc.o
LOAD ./drivers/fsl_uart.o
LOAD ./drivers/fsl_uart_freertos.o
LOAD ./board/board.o
LOAD ./board/clock_config.o
LOAD ./board/pin_mux.o
LOAD ./CMSIS/system_MKL25Z4.o
START GROUP
LOAD c:/nxp/mcuxpressoide_11.8.0_1165/ide/plugins/com.nxp.mcuxpresso.tools.win32_11.8.0.202306131047/tools/bin/../lib/gcc/arm-none-eabi/12.2.1/../../../../arm-none-eabi/lib/thumb/v6-m/nofp\libcr_nohost_nf.a
LOAD c:/nxp/mcuxpressoide_11.8.0_1165/ide/plugins/com.nxp.mcuxpresso.tools.win32_11.8.0.202306131047/tools/bin/../lib/gcc/arm-none-eabi/12.2.1/../../../../arm-none-eabi/lib/thumb/v6-m/nofp\libcr_c.a
LOAD c:/nxp/mcuxpressoide_11.8.0_1165/ide/plugins/com.nxp.mcuxpresso.tools.win32_11.8.0.202306131047/tools/bin/../lib/gcc/arm-none-eabi/12.2.1/thumb/v6-m/nofp\libcr_eabihelpers.a
LOAD c:/nxp/mcuxpressoide_11.8.0_1165/ide/plugins/com.nxp.mcuxpresso.tools.win32_11.8.0.202306131047/tools/bin/../lib/gcc/arm-none-eabi/12.2.1/thumb/v6-m/nofp\libgcc.a
END GROUP
                0x00000000                __base_PROGRAM_FLASH = 0x0
                0x00000000                __base_Flash = 0x0
                0x00020000                __top_PROGRAM_FLASH = 0x20000
                0x00020000                __top_Flash = 0x20000
                0x1ffff000                __base_SRAM = 0x1ffff000
                0x1ffff000                __base_RAM = 0x1ffff000
                0x20003000                __top_SRAM = 0x20003000
                0x20003000                __top_RAM = 0x20003000

.text           0x00000000     0x57c4
 FILL mask 0xff
                0x00000000                __vectors_start__ = ABSOLUTE (.)
 *(SORT_BY_ALIGNMENT(.isr_vector))
 .isr_vector    0x00000000       0xc0 ./startup/startup_mkl25z4.o
                0x00000000                g_pfnVectors
                0x00000000                __Vectors
                0x000000c0                . = ALIGN (0x4)
                0x000000c0                __section_table_start = .
                0x000000c0                __data_section_table = .
                0x000000c0        0x4 LONG 0x57c4 LOADADDR (.data)
                0x000000c4        0x4 LONG 0x1ffff080 ADDR (.data)
                0x000000c8        0x4 LONG 0xc SIZEOF (.data)
                0x000000cc                __data_section_table_end = .
                0x000000cc                __bss_section_table = .
                0x000000cc        0x4 LONG 0x1ffff08c ADDR (.bss)
                0x000000d0        0x4 LONG 0x2a90 SIZEOF (.bss)
                0x000000d4                __bss_section_table_end = .
                0x000000d4                __section_table_end = .
 *(SORT_BY_ALIGNMENT(.after_vectors*))
 .after_vectors.reset
                0x000000d4       0x4c ./startup/startup_mkl25z4.o
                0x000000d4                ResetISR
 .after_vectors.init_data
                0x00000120       0x12 ./startup/startup_mkl25z4.o
                0x00000120                data_init
 .after_vectors.init_bss
                0x00000132       0x10 ./startup/startup_mkl25z4.o
                0x00000132                bss_init
 .after_vectors
                0x00000142      0x10c ./startup/startup_mkl25z4.o
                0x00000142                NMI_Handler
                0x0000014c                I2C0_DriverIRQHandler
                0x0000014c                DMA0_DriverIRQHandler
                0x0000014c                SPI1_DriverIRQHandler
                0x0000014c                LPTMR0_DriverIRQHandler
                0x0000014c                Reserved39_DriverIRQHandler
                0x0000014c                PIT_DriverIRQHandler
                0x0000014c                PORTD_DriverIRQHandler
                0x0000014c                DMA2_DriverIRQHandler
                0x0000014c                CMP0_DriverIRQHandler
                0x0000014c                TPM2_DriverIRQHandler
                0x0000014c                ADC0_DriverIRQHandler
                0x0000014c                SPI0_DriverIRQHandler
                0x0000014c                TSI0_DriverIRQHandler
                0x0000014c                RTC_Seconds_DriverIRQHandler
                0x0000014c                I2C1_DriverIRQHandler
                0x0000014c                DMA1_DriverIRQHandler
                0x0000014c                LLWU_DriverIRQHandler
                0x0000014c                MCG_DriverIRQHandler
                0x0000014c                RTC_DriverIRQHandler
                0x0000014c                TPM1_DriverIRQHandler
                0x0000014c                PORTA_DriverIRQHandler
                0x0000014c                FTFA_DriverIRQHandler
                0x0000014c                IntDefaultHandler
                0x0000014c                USB0_DriverIRQHandler
                0x0000014c                DAC0_DriverIRQHandler
                0x0000014c                Reserved45_DriverIRQHandler
                0x0000014c                LVD_LVW_DriverIRQHandler
                0x0000014c                TPM0_DriverIRQHandler
                0x0000014c                DMA3_DriverIRQHandler
                0x0000014c                Reserved20_DriverIRQHandler
                0x0000014e                DMA0_IRQHandler
                0x00000156                DMA1_IRQHandler
                0x0000015e                DMA2_IRQHandler
                0x00000166                DMA3_IRQHandler
                0x0000016e                Reserved20_IRQHandler
                0x00000176                FTFA_IRQHandler
                0x0000017e                LVD_LVW_IRQHandler
                0x00000186                LLWU_IRQHandler
                0x0000018e                I2C0_IRQHandler
                0x00000196                I2C1_IRQHandler
                0x0000019e                SPI0_IRQHandler
                0x000001a6                SPI1_IRQHandler
                0x000001ae                UART0_IRQHandler
                0x000001b6                UART1_IRQHandler
                0x000001be                UART2_IRQHandler
                0x000001c6                ADC0_IRQHandler
                0x000001ce                CMP0_IRQHandler
                0x000001d6                TPM0_IRQHandler
                0x000001de                TPM1_IRQHandler
                0x000001e6                TPM2_IRQHandler
                0x000001ee                RTC_IRQHandler
                0x000001f6                RTC_Seconds_IRQHandler
                0x000001fe                PIT_IRQHandler
                0x00000206                Reserved39_IRQHandler
                0x0000020e                USB0_IRQHandler
                0x00000216                DAC0_IRQHandler
                0x0000021e                TSI0_IRQHandler
                0x00000226                MCG_IRQHandler
                0x0000022e                LPTMR0_IRQHandler
                0x00000236                Reserved45_IRQHandler
                0x0000023e                PORTA_IRQHandler
                0x00000246                PORTD_IRQHandler
                0x00000400                . = 0x400
 *fill*         0x0000024e      0x1b2 ff
                0x00000400                PROVIDE (__FLASH_CONFIG_START__ = .)
 *(SORT_BY_ALIGNMENT(.FlashConfig))
 .FlashConfig   0x00000400       0x10 ./startup/startup_mkl25z4.o
                0x00000400                Flash_Config
                0x00000410                PROVIDE (__FLASH_CONFIG_END__ = .)
                0x00000001                ASSERT (! ((__FLASH_CONFIG_START__ == __FLASH_CONFIG_END__)), Linker Flash Config Support Enabled, but no .FlashConfig section provided within application)
 *(SORT_BY_ALIGNMENT(.text*))
 .text.vPortStartFirstTask
                0x00000410       0x38 ./freertos/port.o
 *fill*         0x00000448        0x8 ff
 .text.PendSV_Handler
                0x00000450       0x48 ./freertos/port.o
                0x00000450                PendSV_Handler
 .text.DbgConsole_Init
                0x00000498       0xf4 ./utilities/fsl_debug_console.o
                0x00000498                DbgConsole_Init
 .text.DbgConsole_Printf
                0x0000058c       0x44 ./utilities/fsl_debug_console.o
                0x0000058c                DbgConsole_Printf
 .text.DbgConsole_Putchar
                0x000005d0       0x34 ./utilities/fsl_debug_console.o
                0x000005d0                DbgConsole_Putchar
 .text.ADC16_GetChannelConversionValue
                0x00000604       0x30 ./source/freertos_hello.o
 .text.main     0x00000634       0x98 ./source/freertos_hello.o
                0x00000634                main
 .text.hello_task
                0x000006cc      0x1ac ./source/freertos_hello.o
 .text.HardFault_Handler
                0x00000878       0x38 ./source/semihost_hardfault.o
                0x00000878                HardFault_Handler
 .text.prvSetupTimerInterrupt
                0x000008b0       0x40 ./freertos/fsl_tickless_lptmr.o
                0x000008b0                prvSetupTimerInterrupt
 .text.pvPortMalloc
                0x000008f0      0x150 ./freertos/heap_4.o
                0x000008f0                pvPortMalloc
 .text.vPortFree
                0x00000a40       0x94 ./freertos/heap_4.o
                0x00000a40                vPortFree
 .text.prvHeapInit
                0x00000ad4       0xc0 ./freertos/heap_4.o
 .text.prvInsertBlockIntoFreeList
                0x00000b94       0xb0 ./freertos/heap_4.o
 .text.pxPortInitialiseStack
                0x00000c44       0x54 ./freertos/port.o
                0x00000c44                pxPortInitialiseStack
 .text.prvTaskExitError
                0x00000c98       0x1c ./freertos/port.o
 .text.xPortStartScheduler
                0x00000cb4       0x44 ./freertos/port.o
                0x00000cb4                xPortStartScheduler
 .text.vPortYield
                0x00000cf8       0x20 ./freertos/port.o
                0x00000cf8                vPortYield
 .text.vPortEnterCritical
                0x00000d18       0x24 ./freertos/port.o
                0x00000d18                vPortEnterCritical
 .text.vPortExitCritical
                0x00000d3c       0x30 ./freertos/port.o
                0x00000d3c                vPortExitCritical
 .text.SysTick_Handler
                0x00000d6c       0x34 ./freertos/port.o
                0x00000d6c                SysTick_Handler
 .text.vQueueAddToRegistry
                0x00000da0       0x50 ./freertos/queue.o
                0x00000da0                vQueueAddToRegistry
 .text.prvInitialiseNewTask
                0x00000df0      0x12c ./freertos/tasks.o
 .text.prvAddNewTaskToReadyList
                0x00000f1c       0xd0 ./freertos/tasks.o
 .text.vTaskDelay
                0x00000fec       0x4c ./freertos/tasks.o
                0x00000fec                vTaskDelay
 .text.vTaskStartScheduler
                0x00001038       0x7c ./freertos/tasks.o
                0x00001038                vTaskStartScheduler
 .text.vTaskSuspendAll
                0x000010b4       0x18 ./freertos/tasks.o
                0x000010b4                vTaskSuspendAll
 .text.xTaskResumeAll
                0x000010cc      0x118 ./freertos/tasks.o
                0x000010cc                xTaskResumeAll
 .text.xTaskGetTickCount
                0x000011e4       0x1c ./freertos/tasks.o
                0x000011e4                xTaskGetTickCount
 .text.xTaskIncrementTick
                0x00001200      0x150 ./freertos/tasks.o
                0x00001200                xTaskIncrementTick
 .text.vTaskSwitchContext
                0x00001350       0xa4 ./freertos/tasks.o
                0x00001350                vTaskSwitchContext
 .text.vTaskPlaceOnEventList
                0x000013f4       0x40 ./freertos/tasks.o
                0x000013f4                vTaskPlaceOnEventList
 .text.vTaskPlaceOnEventListRestricted
                0x00001434       0x50 ./freertos/tasks.o
                0x00001434                vTaskPlaceOnEventListRestricted
 .text.xTaskRemoveFromEventList
                0x00001484       0xbc ./freertos/tasks.o
                0x00001484                xTaskRemoveFromEventList
 .text.vTaskSetTimeOutState
                0x00001540       0x34 ./freertos/tasks.o
                0x00001540                vTaskSetTimeOutState
 .text.xTaskCheckForTimeOut
                0x00001574       0xa0 ./freertos/tasks.o
                0x00001574                xTaskCheckForTimeOut
 .text.vTaskMissedYield
                0x00001614       0x14 ./freertos/tasks.o
                0x00001614                vTaskMissedYield
 .text.prvIdleTask
                0x00001628       0x20 ./freertos/tasks.o
 .text.prvInitialiseTaskLists
                0x00001648       0x88 ./freertos/tasks.o
 .text.prvCheckTasksWaitingTermination
                0x000016d0       0x78 ./freertos/tasks.o
 .text.prvResetNextTaskUnblockTime
                0x00001748       0x48 ./freertos/tasks.o
 .text.xTaskGetSchedulerState
                0x00001790       0x38 ./freertos/tasks.o
                0x00001790                xTaskGetSchedulerState
 .text.vTaskPriorityInherit
                0x000017c8       0xbc ./freertos/tasks.o
                0x000017c8                vTaskPriorityInherit
 .text.xTaskPriorityDisinherit
                0x00001884       0xbc ./freertos/tasks.o
                0x00001884                xTaskPriorityDisinherit
 .text.pvTaskIncrementMutexHeldCount
                0x00001940       0x24 ./freertos/tasks.o
                0x00001940                pvTaskIncrementMutexHeldCount
 .text.xTaskGenericNotify
                0x00001964      0x11c ./freertos/tasks.o
                0x00001964                xTaskGenericNotify
 .text.xTaskGenericNotifyFromISR
                0x00001a80      0x158 ./freertos/tasks.o
                0x00001a80                xTaskGenericNotifyFromISR
 .text.prvAddCurrentTaskToDelayedList
                0x00001bd8       0xa8 ./freertos/tasks.o
 .text.xTimerCreateTimerTask
                0x00001c80       0x54 ./freertos/timers.o
                0x00001c80                xTimerCreateTimerTask
 .text.xTimerGenericCommand
                0x00001cd4       0x98 ./freertos/timers.o
                0x00001cd4                xTimerGenericCommand
 .text.prvProcessExpiredTimer
                0x00001d6c       0x74 ./freertos/timers.o
 .text.prvProcessTimerOrBlockTask
                0x00001de0       0x8c ./freertos/timers.o
 .text.prvGetNextExpireTime
                0x00001e6c       0x40 ./freertos/timers.o
 .text.prvSampleTimeNow
                0x00001eac       0x40 ./freertos/timers.o
 .text.prvInsertTimerInActiveList
                0x00001eec       0x84 ./freertos/timers.o
 .text.prvProcessReceivedCommands
                0x00001f70      0x134 ./freertos/timers.o
 .text.prvSwitchTimerLists
                0x000020a4       0xb8 ./freertos/timers.o
 .text.prvCheckForValidListAndQueue
                0x0000215c       0x74 ./freertos/timers.o
 .text.CLOCK_EnableClock
                0x000021d0       0x34 ./drivers/fsl_adc16.o
 .text.ADC16_GetInstance
                0x00002204       0x48 ./drivers/fsl_adc16.o
 .text.ADC16_Init
                0x0000224c      0x114 ./drivers/fsl_adc16.o
                0x0000224c                ADC16_Init
 .text.ADC16_GetDefaultConfig
                0x00002360       0x58 ./drivers/fsl_adc16.o
                0x00002360                ADC16_GetDefaultConfig
 .text.ADC16_SetChannelConfig
                0x000023b8       0x6c ./drivers/fsl_adc16.o
                0x000023b8                ADC16_SetChannelConfig
 .text.ADC16_GetChannelStatusFlags
                0x00002424       0x40 ./drivers/fsl_adc16.o
                0x00002424                ADC16_GetChannelStatusFlags
 .text.CLOCK_SetEr32kClock
                0x00002464       0x34 ./drivers/fsl_clock.o
 .text.CLOCK_SetPllFllSelClock
                0x00002498       0x38 ./drivers/fsl_clock.o
 .text.CLOCK_GetMcgExtClkFreq
                0x000024d0       0x28 ./drivers/fsl_clock.o
 .text.CLOCK_GetFllExtRefClkFreq
                0x000024f8       0xa8 ./drivers/fsl_clock.o
 .text.CLOCK_GetFllRefClkFreq
                0x000025a0       0x2c ./drivers/fsl_clock.o
 .text.CLOCK_GetOscRangeFromFreq
                0x000025cc       0x4c ./drivers/fsl_clock.o
 .text.CLOCK_GetPllFllSelClkFreq
                0x00002618       0x4c ./drivers/fsl_clock.o
                0x00002618                CLOCK_GetPllFllSelClkFreq
 .text.CLOCK_SetSimConfig
                0x00002664       0x38 ./drivers/fsl_clock.o
                0x00002664                CLOCK_SetSimConfig
 .text.CLOCK_GetFllFreq
                0x0000269c       0x84 ./drivers/fsl_clock.o
                0x0000269c                CLOCK_GetFllFreq
 .text.CLOCK_GetPll0Freq
                0x00002720       0x70 ./drivers/fsl_clock.o
                0x00002720                CLOCK_GetPll0Freq
 .text.CLOCK_SetInternalRefClkConfig
                0x00002790      0x124 ./drivers/fsl_clock.o
                0x00002790                CLOCK_SetInternalRefClkConfig
 .text.CLOCK_EnablePll0
                0x000028b4       0x94 ./drivers/fsl_clock.o
                0x000028b4                CLOCK_EnablePll0
 .text.CLOCK_InitOsc0
                0x00002948       0x94 ./drivers/fsl_clock.o
                0x00002948                CLOCK_InitOsc0
 .text.CLOCK_SetPbeMode
                0x000029dc       0xb0 ./drivers/fsl_clock.o
                0x000029dc                CLOCK_SetPbeMode
 .text.CLOCK_BootToPeeMode
                0x00002a8c       0x70 ./drivers/fsl_clock.o
                0x00002a8c                CLOCK_BootToPeeMode
 .text.__assertion_failed
                0x00002afc       0x1c ./drivers/fsl_common.o
                0x00002afc                __assertion_failed
 .text.CLOCK_EnableClock
                0x00002b18       0x34 ./drivers/fsl_lpsci.o
 .text.LPSCI_GetInstance
                0x00002b4c       0x48 ./drivers/fsl_lpsci.o
                0x00002b4c                LPSCI_GetInstance
 .text.LPSCI_Init
                0x00002b94      0x258 ./drivers/fsl_lpsci.o
                0x00002b94                LPSCI_Init
 .text.LPSCI_GetDefaultConfig
                0x00002dec       0x44 ./drivers/fsl_lpsci.o
                0x00002dec                LPSCI_GetDefaultConfig
 .text.LPSCI_ClearStatusFlags
                0x00002e30       0x94 ./drivers/fsl_lpsci.o
                0x00002e30                LPSCI_ClearStatusFlags
 .text.LPSCI_WriteBlocking
                0x00002ec4       0x4c ./drivers/fsl_lpsci.o
                0x00002ec4                LPSCI_WriteBlocking
 .text.LPSCI_ReadBlocking
                0x00002f10       0xc0 ./drivers/fsl_lpsci.o
                0x00002f10                LPSCI_ReadBlocking
 .text.UART0_DriverIRQHandler
                0x00002fd0       0x24 ./drivers/fsl_lpsci.o
                0x00002fd0                UART0_DriverIRQHandler
 .text.CLOCK_EnableClock
                0x00002ff4       0x34 ./drivers/fsl_uart.o
 .text.UART_GetInstance
                0x00003028       0x54 ./drivers/fsl_uart.o
                0x00003028                UART_GetInstance
 .text.UART_Init
                0x0000307c      0x1e0 ./drivers/fsl_uart.o
                0x0000307c                UART_Init
 .text.UART_GetDefaultConfig
                0x0000325c       0x44 ./drivers/fsl_uart.o
                0x0000325c                UART_GetDefaultConfig
 .text.UART_ReadBlocking
                0x000032a0       0x98 ./drivers/fsl_uart.o
                0x000032a0                UART_ReadBlocking
 .text.UART1_DriverIRQHandler
                0x00003338       0x24 ./drivers/fsl_uart.o
                0x00003338                UART1_DriverIRQHandler
 .text.UART2_DriverIRQHandler
                0x0000335c       0x24 ./drivers/fsl_uart.o
                0x0000335c                UART2_DriverIRQHandler
 .text.CLOCK_SetLpsci0Clock
                0x00003380       0x38 ./board/board.o
 .text.BOARD_InitDebugConsole
                0x000033b8       0x30 ./board/board.o
                0x000033b8                BOARD_InitDebugConsole
 .text.CLOCK_SetSimSafeDivs
                0x000033e8       0x20 ./board/clock_config.o
 .text.CLOCK_SetXtal0Freq
                0x00003408       0x1c ./board/clock_config.o
 .text.CLOCK_CONFIG_SetFllExtRefDiv
                0x00003424       0x3c ./board/clock_config.o
 .text.BOARD_BootClockRUN
                0x00003460       0x64 ./board/clock_config.o
                0x00003460                BOARD_BootClockRUN
 .text.CLOCK_EnableClock
                0x000034c4       0x34 ./board/pin_mux.o
 .text.PORT_SetPinMux
                0x000034f8       0x40 ./board/pin_mux.o
 .text.BOARD_InitPins
                0x00003538       0x4c ./board/pin_mux.o
                0x00003538                BOARD_InitPins
 .text.SystemInit
                0x00003584       0x18 ./CMSIS/system_MKL25Z4.o
                0x00003584                SystemInit
 .text._initio  0x0000359c       0x7c c:/nxp/mcuxpressoide_11.8.0_1165/ide/plugins/com.nxp.mcuxpresso.tools.win32_11.8.0.202306131047/tools/bin/../lib/gcc/arm-none-eabi/12.2.1/../../../../arm-none-eabi/lib/thumb/v6-m/nofp\libcr_c.a(initio.o)
                0x0000359c                _initio
 .text.setvbuf  0x00003618       0x4c c:/nxp/mcuxpressoide_11.8.0_1165/ide/plugins/com.nxp.mcuxpresso.tools.win32_11.8.0.202306131047/tools/bin/../lib/gcc/arm-none-eabi/12.2.1/../../../../arm-none-eabi/lib/thumb/v6-m/nofp\libcr_c.a(setvbuf.o)
                0x00003618                setvbuf
 .text.strlen   0x00003664       0x5c c:/nxp/mcuxpressoide_11.8.0_1165/ide/plugins/com.nxp.mcuxpresso.tools.win32_11.8.0.202306131047/tools/bin/../lib/gcc/arm-none-eabi/12.2.1/../../../../arm-none-eabi/lib/thumb/v6-m/nofp\libcr_c.a(strlen.o)
                0x00003664                strlen
 .text._fdopen  0x000036c0       0x74 c:/nxp/mcuxpressoide_11.8.0_1165/ide/plugins/com.nxp.mcuxpresso.tools.win32_11.8.0.202306131047/tools/bin/../lib/gcc/arm-none-eabi/12.2.1/../../../../arm-none-eabi/lib/thumb/v6-m/nofp\libcr_c.a(_fdopen.o)
                0x000036c0                _fdopen
 .text.fclose   0x00003734       0x5c c:/nxp/mcuxpressoide_11.8.0_1165/ide/plugins/com.nxp.mcuxpresso.tools.win32_11.8.0.202306131047/tools/bin/../lib/gcc/arm-none-eabi/12.2.1/../../../../arm-none-eabi/lib/thumb/v6-m/nofp\libcr_c.a(fclose.o)
                0x00003734                fclose
 .text.fflush   0x00003790       0x40 c:/nxp/mcuxpressoide_11.8.0_1165/ide/plugins/com.nxp.mcuxpresso.tools.win32_11.8.0.202306131047/tools/bin/../lib/gcc/arm-none-eabi/12.2.1/../../../../arm-none-eabi/lib/thumb/v6-m/nofp\libcr_c.a(fflush.o)
                0x00003790                fflush
 .text.fseek    0x000037d0       0xec c:/nxp/mcuxpressoide_11.8.0_1165/ide/plugins/com.nxp.mcuxpresso.tools.win32_11.8.0.202306131047/tools/bin/../lib/gcc/arm-none-eabi/12.2.1/../../../../arm-none-eabi/lib/thumb/v6-m/nofp\libcr_c.a(fseek.o)
                0x000037d0                fseek
 .text.ftell    0x000038bc       0x4c c:/nxp/mcuxpressoide_11.8.0_1165/ide/plugins/com.nxp.mcuxpresso.tools.win32_11.8.0.202306131047/tools/bin/../lib/gcc/arm-none-eabi/12.2.1/../../../../arm-none-eabi/lib/thumb/v6-m/nofp\libcr_c.a(ftell.o)
                0x000038bc                ftell
 .text._do_fflush
                0x00003908       0x48 c:/nxp/mcuxpressoide_11.8.0_1165/ide/plugins/com.nxp.mcuxpresso.tools.win32_11.8.0.202306131047/tools/bin/../lib/gcc/arm-none-eabi/12.2.1/../../../../arm-none-eabi/lib/thumb/v6-m/nofp\libcr_c.a(_do_fflush.o)
                0x00003908                _do_fflush
 .text._fflush  0x00003950       0x5c c:/nxp/mcuxpressoide_11.8.0_1165/ide/plugins/com.nxp.mcuxpresso.tools.win32_11.8.0.202306131047/tools/bin/../lib/gcc/arm-none-eabi/12.2.1/../../../../arm-none-eabi/lib/thumb/v6-m/nofp\libcr_c.a(_fflush.o)
                0x00003950                _fflush
 .text._Cwritebuf
                0x000039ac       0x68 c:/nxp/mcuxpressoide_11.8.0_1165/ide/plugins/com.nxp.mcuxpresso.tools.win32_11.8.0.202306131047/tools/bin/../lib/gcc/arm-none-eabi/12.2.1/../../../../arm-none-eabi/lib/thumb/v6-m/nofp\libcr_c.a(_writebuf.o)
                0x000039ac                _Cwritebuf
 .text._deferredlazyseek
                0x00003a14       0x40 c:/nxp/mcuxpressoide_11.8.0_1165/ide/plugins/com.nxp.mcuxpresso.tools.win32_11.8.0.202306131047/tools/bin/../lib/gcc/arm-none-eabi/12.2.1/../../../../arm-none-eabi/lib/thumb/v6-m/nofp\libcr_c.a(_deferredlazyseek.o)
                0x00003a14                _deferredlazyseek
 .text.__aeabi_fmul
                0x00003a54       0xd0 c:/nxp/mcuxpressoide_11.8.0_1165/ide/plugins/com.nxp.mcuxpresso.tools.win32_11.8.0.202306131047/tools/bin/../lib/gcc/arm-none-eabi/12.2.1/thumb/v6-m/nofp\libcr_eabihelpers.a(float.o)
                0x00003a54                __aeabi_fmul
 .text.__aeabi_fdiv
                0x00003b24       0xe4 c:/nxp/mcuxpressoide_11.8.0_1165/ide/plugins/com.nxp.mcuxpresso.tools.win32_11.8.0.202306131047/tools/bin/../lib/gcc/arm-none-eabi/12.2.1/thumb/v6-m/nofp\libcr_eabihelpers.a(float.o)
                0x00003b24                __aeabi_fdiv
 .text.__aeabi_fsub
                0x00003c08      0x12c c:/nxp/mcuxpressoide_11.8.0_1165/ide/plugins/com.nxp.mcuxpresso.tools.win32_11.8.0.202306131047/tools/bin/../lib/gcc/arm-none-eabi/12.2.1/thumb/v6-m/nofp\libcr_eabihelpers.a(float.o)
                0x00003c08                __aeabi_fsub
 .text.__aeabi_fadd
                0x00003d34       0xac c:/nxp/mcuxpressoide_11.8.0_1165/ide/plugins/com.nxp.mcuxpresso.tools.win32_11.8.0.202306131047/tools/bin/../lib/gcc/arm-none-eabi/12.2.1/thumb/v6-m/nofp\libcr_eabihelpers.a(float.o)
                0x00003d34                __aeabi_fadd
 .text.UART_EnableTx
                0x00003de0       0x40 ./utilities/fsl_debug_console.o
 .text.UART_EnableRx
                0x00003e20       0x40 ./utilities/fsl_debug_console.o
 .text.LPSCI_EnableTx
                0x00003e60       0x40 ./utilities/fsl_debug_console.o
 .text.LPSCI_EnableRx
                0x00003ea0       0x40 ./utilities/fsl_debug_console.o
 .text.DbgConsole_PrintfPaddingCharacter
                0x00003ee0       0x48 ./utilities/fsl_debug_console.o
 .text.DbgConsole_ConvertRadixNumToString
                0x00003f28      0x114 ./utilities/fsl_debug_console.o
 .text.DbgConsole_PrintfFormattedData
                0x0000403c      0x33a ./utilities/fsl_debug_console.o
 .text.ADC16_EnableHardwareTrigger
                0x00004376       0x3a ./source/freertos_hello.o
 .text.vListInitialise
                0x000043b0       0x3c ./freertos/list.o
                0x000043b0                vListInitialise
 .text.vListInitialiseItem
                0x000043ec       0x16 ./freertos/list.o
                0x000043ec                vListInitialiseItem
 .text.vListInsertEnd
                0x00004402       0x44 ./freertos/list.o
                0x00004402                vListInsertEnd
 .text.vListInsert
                0x00004446       0x6c ./freertos/list.o
                0x00004446                vListInsert
 .text.uxListRemove
                0x000044b2       0x50 ./freertos/list.o
                0x000044b2                uxListRemove
 .text.SVC_Handler
                0x00004502        0xa ./freertos/port.o
                0x00004502                SVC_Handler
 .text.ulSetInterruptMaskFromISR
                0x0000450c        0xc ./freertos/port.o
                0x0000450c                ulSetInterruptMaskFromISR
 .text.vClearInterruptMaskFromISR
                0x00004518        0x8 ./freertos/port.o
                0x00004518                vClearInterruptMaskFromISR
 .text.xQueueGenericReset
                0x00004520       0xaa ./freertos/queue.o
                0x00004520                xQueueGenericReset
 .text.xQueueGenericCreate
                0x000045ca       0x66 ./freertos/queue.o
                0x000045ca                xQueueGenericCreate
 .text.prvInitialiseNewQueue
                0x00004630       0x4e ./freertos/queue.o
 .text.xQueueGenericSend
                0x0000467e      0x190 ./freertos/queue.o
                0x0000467e                xQueueGenericSend
 .text.xQueueGenericSendFromISR
                0x0000480e       0xe8 ./freertos/queue.o
                0x0000480e                xQueueGenericSendFromISR
 .text.xQueueGenericReceive
                0x000048f6      0x1ce ./freertos/queue.o
                0x000048f6                xQueueGenericReceive
 .text.prvCopyDataToQueue
                0x00004ac4       0xd6 ./freertos/queue.o
 .text.prvCopyDataFromQueue
                0x00004b9a       0x4c ./freertos/queue.o
 .text.prvUnlockQueue
                0x00004be6       0xbc ./freertos/queue.o
 .text.prvIsQueueEmpty
                0x00004ca2       0x2c ./freertos/queue.o
 .text.prvIsQueueFull
                0x00004cce       0x30 ./freertos/queue.o
 .text.vQueueWaitForMessageRestricted
                0x00004cfe       0x66 ./freertos/queue.o
                0x00004cfe                vQueueWaitForMessageRestricted
 .text.xTaskCreate
                0x00004d64       0x90 ./freertos/tasks.o
                0x00004d64                xTaskCreate
 .text.prvDeleteTCB
                0x00004df4       0x22 ./freertos/tasks.o
 .text.prvTimerTask
                0x00004e16       0x2a ./freertos/timers.o
 .text.ADC16_DoAutoCalibration
                0x00004e40      0x118 ./drivers/fsl_adc16.o
                0x00004e40                ADC16_DoAutoCalibration
 .text.ADC16_GetStatusFlags
                0x00004f58       0x3a ./drivers/fsl_adc16.o
                0x00004f58                ADC16_GetStatusFlags
 .text.OSC_SetExtRefClkConfig
                0x00004f92       0x3e ./drivers/fsl_clock.o
 .text.OSC_SetCapLoad
                0x00004fd0       0x42 ./drivers/fsl_clock.o
 .text.CLOCK_GetPll0RefFreq
                0x00005012       0x10 ./drivers/fsl_clock.o
 .text.CLOCK_SetExternalRefClkConfig
                0x00005022       0x16 ./drivers/fsl_clock.o
                0x00005022                CLOCK_SetExternalRefClkConfig
 .text.LPSCI_GetStatusFlags
                0x00005038       0x26 ./drivers/fsl_lpsci.o
                0x00005038                LPSCI_GetStatusFlags
 .text.UART_GetStatusFlags
                0x0000505e       0x26 ./drivers/fsl_uart.o
                0x0000505e                UART_GetStatusFlags
 .text.UART_WriteBlocking
                0x00005084       0x3c ./drivers/fsl_uart.o
                0x00005084                UART_WriteBlocking
 .text.__main   0x000050c0        0xc c:/nxp/mcuxpressoide_11.8.0_1165/ide/plugins/com.nxp.mcuxpresso.tools.win32_11.8.0.202306131047/tools/bin/../lib/gcc/arm-none-eabi/12.2.1/../../../../arm-none-eabi/lib/thumb/v6-m/nofp\libcr_nohost_nf.a(_cr__main.o)
                0x000050c0                __main
 .text.memcpy   0x000050cc        0x8 c:/nxp/mcuxpressoide_11.8.0_1165/ide/plugins/com.nxp.mcuxpresso.tools.win32_11.8.0.202306131047/tools/bin/../lib/gcc/arm-none-eabi/12.2.1/../../../../arm-none-eabi/lib/thumb/v6-m/nofp\libcr_c.a(memcpy.o)
                0x000050cc                memcpy
 .text.memset   0x000050d4        0x8 c:/nxp/mcuxpressoide_11.8.0_1165/ide/plugins/com.nxp.mcuxpresso.tools.win32_11.8.0.202306131047/tools/bin/../lib/gcc/arm-none-eabi/12.2.1/../../../../arm-none-eabi/lib/thumb/v6-m/nofp\libcr_c.a(memset.o)
                0x000050d4                memset
 .text.remove   0x000050dc       0x12 c:/nxp/mcuxpressoide_11.8.0_1165/ide/plugins/com.nxp.mcuxpresso.tools.win32_11.8.0.202306131047/tools/bin/../lib/gcc/arm-none-eabi/12.2.1/../../../../arm-none-eabi/lib/thumb/v6-m/nofp\libcr_c.a(remove.o)
                0x000050dc                remove
 .text.free     0x000050ee       0x2c c:/nxp/mcuxpressoide_11.8.0_1165/ide/plugins/com.nxp.mcuxpresso.tools.win32_11.8.0.202306131047/tools/bin/../lib/gcc/arm-none-eabi/12.2.1/../../../../arm-none-eabi/lib/thumb/v6-m/nofp\libcr_c.a(alloc.o)
                0x000050ee                free
 .text.__aeabi_division_idivmod
                0x0000511a       0x78 c:/nxp/mcuxpressoide_11.8.0_1165/ide/plugins/com.nxp.mcuxpresso.tools.win32_11.8.0.202306131047/tools/bin/../lib/gcc/arm-none-eabi/12.2.1/thumb/v6-m/nofp\libcr_eabihelpers.a(division_32.o)
                0x0000511a                __aeabi_idivmod
                0x0000511a                __aeabi_idiv
                0x00005120                __aeabi_uidivmod
                0x00005120                __aeabi_uidiv
 .text.__aeabi_division_idiv0
                0x00005192        0x2 c:/nxp/mcuxpressoide_11.8.0_1165/ide/plugins/com.nxp.mcuxpresso.tools.win32_11.8.0.202306131047/tools/bin/../lib/gcc/arm-none-eabi/12.2.1/thumb/v6-m/nofp\libcr_eabihelpers.a(division_idiv0.o)
                0x00005192                __aeabi_idiv0
 .text.__aeabi_f2uiz
                0x00005194       0x2a c:/nxp/mcuxpressoide_11.8.0_1165/ide/plugins/com.nxp.mcuxpresso.tools.win32_11.8.0.202306131047/tools/bin/../lib/gcc/arm-none-eabi/12.2.1/thumb/v6-m/nofp\libcr_eabihelpers.a(float.o)
                0x00005194                __aeabi_f2uiz
 .text.__bhs_ui2f
                0x000051be       0x60 c:/nxp/mcuxpressoide_11.8.0_1165/ide/plugins/com.nxp.mcuxpresso.tools.win32_11.8.0.202306131047/tools/bin/../lib/gcc/arm-none-eabi/12.2.1/thumb/v6-m/nofp\libcr_eabihelpers.a(float.o)
                0x000051be                __bhs_ui2f
 .text.__aeabi_i2f
                0x0000521e       0x18 c:/nxp/mcuxpressoide_11.8.0_1165/ide/plugins/com.nxp.mcuxpresso.tools.win32_11.8.0.202306131047/tools/bin/../lib/gcc/arm-none-eabi/12.2.1/thumb/v6-m/nofp\libcr_eabihelpers.a(float.o)
                0x0000521e                __aeabi_i2f
 .text.__aeabi_ui2f
                0x00005236        0xc c:/nxp/mcuxpressoide_11.8.0_1165/ide/plugins/com.nxp.mcuxpresso.tools.win32_11.8.0.202306131047/tools/bin/../lib/gcc/arm-none-eabi/12.2.1/thumb/v6-m/nofp\libcr_eabihelpers.a(float.o)
                0x00005236                __aeabi_ui2f
 .text.__aeabi_llong_lmul
                0x00005242       0x2e c:/nxp/mcuxpressoide_11.8.0_1165/ide/plugins/com.nxp.mcuxpresso.tools.win32_11.8.0.202306131047/tools/bin/../lib/gcc/arm-none-eabi/12.2.1/thumb/v6-m/nofp\libcr_eabihelpers.a(llong.o)
                0x00005242                __aeabi_lmul
 .text.__aeabi_memcpy
                0x00005270       0x2c c:/nxp/mcuxpressoide_11.8.0_1165/ide/plugins/com.nxp.mcuxpresso.tools.win32_11.8.0.202306131047/tools/bin/../lib/gcc/arm-none-eabi/12.2.1/thumb/v6-m/nofp\libcr_eabihelpers.a(memcpy.o)
                0x00005270                __aeabi_memcpy4
                0x00005270                __aeabi_memcpy8
                0x00005270                __aeabi_memcpy
 .text.__aeabi_memset_lowlevel
                0x0000529c       0x2a c:/nxp/mcuxpressoide_11.8.0_1165/ide/plugins/com.nxp.mcuxpresso.tools.win32_11.8.0.202306131047/tools/bin/../lib/gcc/arm-none-eabi/12.2.1/thumb/v6-m/nofp\libcr_eabihelpers.a(memcpy.o)
                0x0000529c                __aeabi_lowlevel_memset
 .text.__sys_close
                0x000052c6        0x6 c:/nxp/mcuxpressoide_11.8.0_1165/ide/plugins/com.nxp.mcuxpresso.tools.win32_11.8.0.202306131047/tools/bin/../lib/gcc/arm-none-eabi/12.2.1/../../../../arm-none-eabi/lib/thumb/v6-m/nofp\libcr_nohost_nf.a(__sys_close.o)
                0x000052c6                __sys_close
 .text.__sys_flen
                0x000052cc        0x6 c:/nxp/mcuxpressoide_11.8.0_1165/ide/plugins/com.nxp.mcuxpresso.tools.win32_11.8.0.202306131047/tools/bin/../lib/gcc/arm-none-eabi/12.2.1/../../../../arm-none-eabi/lib/thumb/v6-m/nofp\libcr_nohost_nf.a(__sys_flen.o)
                0x000052cc                __sys_flen
 .text.__sys_istty
                0x000052d2        0x6 c:/nxp/mcuxpressoide_11.8.0_1165/ide/plugins/com.nxp.mcuxpresso.tools.win32_11.8.0.202306131047/tools/bin/../lib/gcc/arm-none-eabi/12.2.1/../../../../arm-none-eabi/lib/thumb/v6-m/nofp\libcr_nohost_nf.a(__sys_istty.o)
                0x000052d2                __sys_istty
 .text.__sys_remove
                0x000052d8        0x6 c:/nxp/mcuxpressoide_11.8.0_1165/ide/plugins/com.nxp.mcuxpresso.tools.win32_11.8.0.202306131047/tools/bin/../lib/gcc/arm-none-eabi/12.2.1/../../../../arm-none-eabi/lib/thumb/v6-m/nofp\libcr_nohost_nf.a(__sys_remove.o)
                0x000052d8                __sys_remove
 .text.__sys_seek
                0x000052de        0x6 c:/nxp/mcuxpressoide_11.8.0_1165/ide/plugins/com.nxp.mcuxpresso.tools.win32_11.8.0.202306131047/tools/bin/../lib/gcc/arm-none-eabi/12.2.1/../../../../arm-none-eabi/lib/thumb/v6-m/nofp\libcr_nohost_nf.a(__sys_seek.o)
                0x000052de                __sys_seek
 .text.__sys_tmpnam
                0x000052e4        0x6 c:/nxp/mcuxpressoide_11.8.0_1165/ide/plugins/com.nxp.mcuxpresso.tools.win32_11.8.0.202306131047/tools/bin/../lib/gcc/arm-none-eabi/12.2.1/../../../../arm-none-eabi/lib/thumb/v6-m/nofp\libcr_nohost_nf.a(__sys_tmpnam.o)
                0x000052e4                __sys_tmpnam
 .text.__sys_write
                0x000052ea        0x4 c:/nxp/mcuxpressoide_11.8.0_1165/ide/plugins/com.nxp.mcuxpresso.tools.win32_11.8.0.202306131047/tools/bin/../lib/gcc/arm-none-eabi/12.2.1/../../../../arm-none-eabi/lib/thumb/v6-m/nofp\libcr_nohost_nf.a(__sys_write.o)
                0x000052ea                __sys_write
 *freertos*/tasks.o(SORT_BY_ALIGNMENT(.rodata*))
 *fill*         0x000052ee        0x2 ff
 .rodata.vTaskStartScheduler.str1.4
                0x000052f0        0x5 ./freertos/tasks.o
 *fill*         0x000052f5        0x3 ff
 .rodata.xTaskGenericNotify
                0x000052f8       0x14 ./freertos/tasks.o
 .rodata.xTaskGenericNotifyFromISR
                0x0000530c       0x14 ./freertos/tasks.o
 .rodata        0x00005320       0x10 ./freertos/tasks.o
                0x00005320                FreeRTOSDebugConfig
 *(SORT_BY_ALIGNMENT(.rodata) SORT_BY_ALIGNMENT(.rodata.*) SORT_BY_ALIGNMENT(.constdata) SORT_BY_ALIGNMENT(.constdata.*))
 .rodata.ADC16_GetChannelConversionValue.str1.4
                0x00005330       0xa5 ./source/freertos_hello.o
 *fill*         0x000053d5        0x3 ff
 .rodata.main.str1.4
                0x000053d8       0x53 ./source/freertos_hello.o
 *fill*         0x0000542b        0x1 ff
 .rodata.hello_task.str1.4
                0x0000542c       0x15 ./source/freertos_hello.o
 *fill*         0x00005441        0x3 ff
 .rodata.xTimerCreateTimerTask.str1.4
                0x00005444        0x8 ./freertos/timers.o
 .rodata.prvProcessReceivedCommands
                0x0000544c       0x28 ./freertos/timers.o
 .rodata.prvCheckForValidListAndQueue.str1.4
                0x00005474        0x5 ./freertos/timers.o
 *fill*         0x00005479        0x3 ff
 .rodata.ADC16_GetInstance.str1.4
                0x0000547c       0x35 ./drivers/fsl_adc16.o
 *fill*         0x000054b1        0x3 ff
 .rodata.ADC16_Init.str1.4
                0x000054b4       0x20 ./drivers/fsl_adc16.o
 .rodata.ADC16_GetDefaultConfig.str1.4
                0x000054d4       0x21 ./drivers/fsl_adc16.o
 *fill*         0x000054f5        0x3 ff
 .rodata.ADC16_SetChannelConfig.str1.4
                0x000054f8       0x51 ./drivers/fsl_adc16.o
 *fill*         0x00005549        0x3 ff
 .rodata.ADC16_GetChannelStatusFlags.str1.4
                0x0000554c       0x2f ./drivers/fsl_adc16.o
 *fill*         0x0000557b        0x1 ff
 .rodata.CLOCK_GetMcgExtClkFreq.str1.4
                0x0000557c       0x1e ./drivers/fsl_clock.o
 *fill*         0x0000559a        0x2 ff
 .rodata.CLOCK_GetPll0Freq.str1.4
                0x0000559c       0x1d ./drivers/fsl_clock.o
 *fill*         0x000055b9        0x3 ff
 .rodata.CLOCK_EnablePll0.str1.4
                0x000055bc       0x19 ./drivers/fsl_clock.o
 *fill*         0x000055d5        0x3 ff
 .rodata.CLOCK_SetPbeMode.str1.4
                0x000055d8       0x1a ./drivers/fsl_clock.o
 *fill*         0x000055f2        0x2 ff
 .rodata.CLOCK_BootToPeeMode.str1.4
                0x000055f4       0x1a ./drivers/fsl_clock.o
 *fill*         0x0000560e        0x2 ff
 .rodata.fllFactorTable.1
                0x00005610       0x10 ./drivers/fsl_clock.o
 .rodata.__assertion_failed.str1.4
                0x00005620        0x4 ./drivers/fsl_common.o
 .rodata.LPSCI_GetInstance.str1.4
                0x00005624       0x36 ./drivers/fsl_lpsci.o
 *fill*         0x0000565a        0x2 ff
 .rodata.LPSCI_Init.str1.4
                0x0000565c       0x43 ./drivers/fsl_lpsci.o
 *fill*         0x0000569f        0x1 ff
 .rodata.LPSCI_GetDefaultConfig.str1.4
                0x000056a0       0x19 ./drivers/fsl_lpsci.o
 *fill*         0x000056b9        0x3 ff
 .rodata.LPSCI_WriteBlocking.str1.4
                0x000056bc       0x17 ./drivers/fsl_lpsci.o
 *fill*         0x000056d3        0x1 ff
 .rodata.LPSCI_ReadBlocking.str1.4
                0x000056d4       0x17 ./drivers/fsl_lpsci.o
 *fill*         0x000056eb        0x1 ff
 .rodata.s_uartBases
                0x000056ec        0xc ./drivers/fsl_uart.o
 .rodata.s_uartClock
                0x000056f8        0xc ./drivers/fsl_uart.o
 .rodata.UART_GetInstance.str1.4
                0x00005704       0x2b ./drivers/fsl_uart.o
 *fill*         0x0000572f        0x1 ff
 .rodata.UART_Init.str1.4
                0x00005730       0x3e ./drivers/fsl_uart.o
 *fill*         0x0000576e        0x2 ff
 .rodata.UART_GetDefaultConfig.str1.4
                0x00005770       0x18 ./drivers/fsl_uart.o
 .rodata.UART_ReadBlocking.str1.4
                0x00005788       0x16 ./drivers/fsl_uart.o
 *fill*         0x0000579e        0x2 ff
 .rodata.mcgConfig_BOARD_BootClockRUN
                0x000057a0        0xa ./board/clock_config.o
                0x000057a0                mcgConfig_BOARD_BootClockRUN
 *fill*         0x000057aa        0x2 ff
 .rodata.simConfig_BOARD_BootClockRUN
                0x000057ac        0x8 ./board/clock_config.o
                0x000057ac                simConfig_BOARD_BootClockRUN
 .rodata.oscConfig_BOARD_BootClockRUN
                0x000057b4        0x8 ./board/clock_config.o
                0x000057b4                oscConfig_BOARD_BootClockRUN
 .rodata.__num_Ciob_streams
                0x000057bc        0x4 c:/nxp/mcuxpressoide_11.8.0_1165/ide/plugins/com.nxp.mcuxpresso.tools.win32_11.8.0.202306131047/tools/bin/../lib/gcc/arm-none-eabi/12.2.1/../../../../arm-none-eabi/lib/thumb/v6-m/nofp\libcr_nohost_nf.a(__ciob.o)
                0x000057bc                __num_Ciob_streams
 .rodata._initio.str1.1
                0x000057c0        0x4 c:/nxp/mcuxpressoide_11.8.0_1165/ide/plugins/com.nxp.mcuxpresso.tools.win32_11.8.0.202306131047/tools/bin/../lib/gcc/arm-none-eabi/12.2.1/../../../../arm-none-eabi/lib/thumb/v6-m/nofp\libcr_c.a(initio.o)
                0x000057c4                . = ALIGN (0x4)

.glue_7         0x000057c4        0x0
 .glue_7        0x000057c4        0x0 linker stubs

.glue_7t        0x000057c4        0x0
 .glue_7t       0x000057c4        0x0 linker stubs

.vfp11_veneer   0x000057c4        0x0
 .vfp11_veneer  0x000057c4        0x0 linker stubs

.v4_bx          0x000057c4        0x0
 .v4_bx         0x000057c4        0x0 linker stubs

.iplt           0x000057c4        0x0
 .iplt          0x000057c4        0x0 ./utilities/fsl_debug_console.o

.rel.dyn        0x000057c4        0x0
 .rel.iplt      0x000057c4        0x0 ./utilities/fsl_debug_console.o

.ARM.extab
 *(SORT_BY_ALIGNMENT(.ARM.extab*) SORT_BY_ALIGNMENT(.gnu.linkonce.armextab.*))

.ARM.exidx      0x000057c4        0x0
                0x000057c4                __exidx_start = .
 *(SORT_BY_ALIGNMENT(.ARM.exidx*) SORT_BY_ALIGNMENT(.gnu.linkonce.armexidx.*))
                0x000057c4                __exidx_end = .
                0x000057c4                _etext = .

.m_usb_data
 *(SORT_BY_ALIGNMENT(m_usb_bdt))

.mtb_buffer_default
                0x1ffff000       0x80
 *(SORT_BY_ALIGNMENT(.mtb*))
 .mtb.$RAM1     0x1ffff000       0x80 ./source/mtb.o
                0x1ffff000                __mtb_buffer__

.uninit_RESERVED
                0x1ffff080        0x0
                0x1ffff080                _start_uninit_RESERVED = .
 *(SORT_BY_ALIGNMENT(.bss.$RESERVED*))
                0x1ffff080                . = ALIGN (0x4)
                0x1ffff080                _end_uninit_RESERVED = .

.data           0x1ffff080        0xc load address 0x000057c4
 FILL mask 0xff
                0x1ffff080                _data = .
                [!provide]                PROVIDE (__start_data_RAM = .)
                [!provide]                PROVIDE (__start_data_SRAM = .)
 *(SORT_BY_ALIGNMENT(vtable))
 *(SORT_BY_ALIGNMENT(.ramfunc*))
 *(SORT_BY_ALIGNMENT(CodeQuickAccess))
 *(SORT_BY_ALIGNMENT(DataQuickAccess))
 *(SORT_BY_ALIGNMENT(RamFunction))
 *(SORT_BY_ALIGNMENT(.data*))
 .data.uxCriticalNesting
                0x1ffff080        0x4 ./freertos/port.o
 .data.s_slowIrcFreq
                0x1ffff084        0x4 ./drivers/fsl_clock.o
 .data.SystemCoreClock
                0x1ffff088        0x4 ./CMSIS/system_MKL25Z4.o
                0x1ffff088                SystemCoreClock
                0x1ffff08c                . = ALIGN (0x4)
                0x1ffff08c                _edata = .
                [!provide]                PROVIDE (__end_data_RAM = .)
                [!provide]                PROVIDE (__end_data_SRAM = .)

.igot.plt       0x1ffff08c        0x0 load address 0x000057d0
 .igot.plt      0x1ffff08c        0x0 ./utilities/fsl_debug_console.o

.bss            0x1ffff08c     0x2a90
                0x1ffff08c                _bss = .
                [!provide]                PROVIDE (__start_bss_RAM = .)
                [!provide]                PROVIDE (__start_bss_SRAM = .)
 *(SORT_BY_ALIGNMENT(.bss*))
 .bss.s_debugConsole
                0x1ffff08c       0x10 ./utilities/fsl_debug_console.o
 .bss.adc16ConfigStruct
                0x1ffff09c        0x9 ./source/freertos_hello.o
                0x1ffff09c                adc16ConfigStruct
 *fill*         0x1ffff0a5        0x3 
 .bss.adc16ChannelConfigStruct
                0x1ffff0a8        0x8 ./source/freertos_hello.o
                0x1ffff0a8                adc16ChannelConfigStruct
 .bss.ucHeap    0x1ffff0b0     0x2800 ./freertos/heap_4.o
 .bss.xStart    0x200018b0        0x8 ./freertos/heap_4.o
 .bss.pxEnd     0x200018b8        0x4 ./freertos/heap_4.o
 .bss.xFreeBytesRemaining
                0x200018bc        0x4 ./freertos/heap_4.o
 .bss.xMinimumEverFreeBytesRemaining
                0x200018c0        0x4 ./freertos/heap_4.o
 .bss.xBlockAllocatedBit
                0x200018c4        0x4 ./freertos/heap_4.o
 .bss.xQueueRegistry
                0x200018c8       0x40 ./freertos/queue.o
                0x200018c8                xQueueRegistry
 .bss.pxCurrentTCB
                0x20001908        0x4 ./freertos/tasks.o
                0x20001908                pxCurrentTCB
 .bss.pxReadyTasksLists
                0x2000190c       0x64 ./freertos/tasks.o
 .bss.xDelayedTaskList1
                0x20001970       0x14 ./freertos/tasks.o
 .bss.xDelayedTaskList2
                0x20001984       0x14 ./freertos/tasks.o
 .bss.pxDelayedTaskList
                0x20001998        0x4 ./freertos/tasks.o
 .bss.pxOverflowDelayedTaskList
                0x2000199c        0x4 ./freertos/tasks.o
 .bss.xPendingReadyList
                0x200019a0       0x14 ./freertos/tasks.o
 .bss.xTasksWaitingTermination
                0x200019b4       0x14 ./freertos/tasks.o
 .bss.uxDeletedTasksWaitingCleanUp
                0x200019c8        0x4 ./freertos/tasks.o
 .bss.xSuspendedTaskList
                0x200019cc       0x14 ./freertos/tasks.o
 .bss.uxCurrentNumberOfTasks
                0x200019e0        0x4 ./freertos/tasks.o
 .bss.xTickCount
                0x200019e4        0x4 ./freertos/tasks.o
 .bss.uxTopReadyPriority
                0x200019e8        0x4 ./freertos/tasks.o
 .bss.xSchedulerRunning
                0x200019ec        0x4 ./freertos/tasks.o
 .bss.uxPendedTicks
                0x200019f0        0x4 ./freertos/tasks.o
 .bss.xYieldPending
                0x200019f4        0x4 ./freertos/tasks.o
 .bss.xNumOfOverflows
                0x200019f8        0x4 ./freertos/tasks.o
 .bss.uxTaskNumber
                0x200019fc        0x4 ./freertos/tasks.o
 .bss.xNextTaskUnblockTime
                0x20001a00        0x4 ./freertos/tasks.o
 .bss.xIdleTaskHandle
                0x20001a04        0x4 ./freertos/tasks.o
 .bss.uxSchedulerSuspended
                0x20001a08        0x4 ./freertos/tasks.o
 .bss.xActiveTimerList1
                0x20001a0c       0x14 ./freertos/timers.o
 .bss.xActiveTimerList2
                0x20001a20       0x14 ./freertos/timers.o
 .bss.pxCurrentTimerList
                0x20001a34        0x4 ./freertos/timers.o
 .bss.pxOverflowTimerList
                0x20001a38        0x4 ./freertos/timers.o
 .bss.xTimerQueue
                0x20001a3c        0x4 ./freertos/timers.o
 .bss.xTimerTaskHandle
                0x20001a40        0x4 ./freertos/timers.o
 .bss.xLastTime.0
                0x20001a44        0x4 ./freertos/timers.o
 .bss.g_xtal0Freq
                0x20001a48        0x4 ./drivers/fsl_clock.o
                0x20001a48                g_xtal0Freq
 .bss.s_lpsciHandle
                0x20001a4c        0x4 ./drivers/fsl_lpsci.o
 .bss.s_lpsciIsr
                0x20001a50        0x4 ./drivers/fsl_lpsci.o
 .bss.s_uartHandle
                0x20001a54        0xc ./drivers/fsl_uart.o
 .bss.s_uartIsr
                0x20001a60        0x4 ./drivers/fsl_uart.o
 .bss.errno     0x20001a64        0x4 c:/nxp/mcuxpressoide_11.8.0_1165/ide/plugins/com.nxp.mcuxpresso.tools.win32_11.8.0.202306131047/tools/bin/../lib/gcc/arm-none-eabi/12.2.1/../../../../arm-none-eabi/lib/thumb/v6-m/nofp\libcr_c.a(errno.o)
                0x20001a64                errno
 .bss.__Ciob    0x20001a68       0xb4 c:/nxp/mcuxpressoide_11.8.0_1165/ide/plugins/com.nxp.mcuxpresso.tools.win32_11.8.0.202306131047/tools/bin/../lib/gcc/arm-none-eabi/12.2.1/../../../../arm-none-eabi/lib/thumb/v6-m/nofp\libcr_nohost_nf.a(__ciob.o)
                0x20001a68                __Ciob
 *(SORT_BY_ALIGNMENT(COMMON))
                0x20001b1c                . = ALIGN (0x4)
                0x20001b1c                _ebss = .
                [!provide]                PROVIDE (__end_bss_RAM = .)
                [!provide]                PROVIDE (__end_bss_SRAM = .)
                [!provide]                PROVIDE (end = .)

.noinit         0x20001b1c        0x0
                0x20001b1c                _noinit = .
                [!provide]                PROVIDE (__start_noinit_RAM = .)
                [!provide]                PROVIDE (__start_noinit_SRAM = .)
 *(SORT_BY_ALIGNMENT(.noinit*))
                0x20001b1c                . = ALIGN (0x4)
                0x20001b1c                _end_noinit = .
                [!provide]                PROVIDE (__end_noinit_RAM = .)
                [!provide]                PROVIDE (__end_noinit_SRAM = .)
                0x00000400                _HeapSize = 0x400

.heap           0x20001b1c      0x400
                0x20001b1c                _pvHeapStart = .
                0x20001f1c                . = (. + _HeapSize)
 *fill*         0x20001b1c      0x400 
                0x20001f1c                . = ALIGN (0x4)
                0x20001f1c                _pvHeapLimit = .
                0x00000400                _StackSize = 0x400

.heap2stackfill
                0x20001f1c      0x400
                0x2000231c                . = (. + _StackSize)
 *fill*         0x20001f1c      0x400 

.stack          0x20002c00        0x0
                0x20002c00                _vStackBase = .
                0x20002c00                . = ALIGN (0x4)
                0x20003000                _vStackTop = (. + _StackSize)
                0x00000000                _image_start = LOADADDR (.text)
                0x000057d0                _image_end = (LOADADDR (.data) + SIZEOF (.data))
                0x000057d0                _image_size = (_image_end - _image_start)
OUTPUT(frdmkl25z_rtos_examples_freertos_hello_adc_polling.axf elf32-littlearm)
LOAD linker stubs

.debug_info     0x00000000     0xc444
 .debug_info    0x00000000      0xea3 ./utilities/fsl_debug_console.o
 .debug_info    0x00000ea3      0x636 ./startup/startup_mkl25z4.o
 .debug_info    0x000014d9      0x8fc ./source/freertos_hello.o
 .debug_info    0x00001dd5       0x50 ./source/mtb.o
 .debug_info    0x00001e25       0x39 ./source/semihost_hardfault.o
 .debug_info    0x00001e5e       0xb1 ./freertos/fsl_tickless_lptmr.o
 .debug_info    0x00001f0f      0x2f9 ./freertos/heap_4.o
 .debug_info    0x00002208      0x28e ./freertos/list.o
 .debug_info    0x00002496      0x234 ./freertos/port.o
 .debug_info    0x000026ca      0xfc7 ./freertos/queue.o
 .debug_info    0x00003691     0x18c4 ./freertos/tasks.o
 .debug_info    0x00004f55      0xceb ./freertos/timers.o
 .debug_info    0x00005c40      0xbdd ./drivers/fsl_adc16.o
 .debug_info    0x0000681d     0x19b0 ./drivers/fsl_clock.o
 .debug_info    0x000081cd      0x3e3 ./drivers/fsl_common.o
 .debug_info    0x000085b0     0x13b2 ./drivers/fsl_lpsci.o
 .debug_info    0x00009962     0x1352 ./drivers/fsl_uart.o
 .debug_info    0x0000acb4      0x3a4 ./board/board.o
 .debug_info    0x0000b058      0xb26 ./board/clock_config.o
 .debug_info    0x0000bb7e      0x50a ./board/pin_mux.o
 .debug_info    0x0000c088      0x3bc ./CMSIS/system_MKL25Z4.o

.debug_abbrev   0x00000000     0x2978
 .debug_abbrev  0x00000000      0x30c ./utilities/fsl_debug_console.o
 .debug_abbrev  0x0000030c      0x17d ./startup/startup_mkl25z4.o
 .debug_abbrev  0x00000489      0x254 ./source/freertos_hello.o
 .debug_abbrev  0x000006dd       0x43 ./source/mtb.o
 .debug_abbrev  0x00000720       0x2d ./source/semihost_hardfault.o
 .debug_abbrev  0x0000074d       0x65 ./freertos/fsl_tickless_lptmr.o
 .debug_abbrev  0x000007b2      0x19f ./freertos/heap_4.o
 .debug_abbrev  0x00000951       0xec ./freertos/list.o
 .debug_abbrev  0x00000a3d      0x19c ./freertos/port.o
 .debug_abbrev  0x00000bd9      0x2a4 ./freertos/queue.o
 .debug_abbrev  0x00000e7d      0x352 ./freertos/tasks.o
 .debug_abbrev  0x000011cf      0x285 ./freertos/timers.o
 .debug_abbrev  0x00001454      0x297 ./drivers/fsl_adc16.o
 .debug_abbrev  0x000016eb      0x383 ./drivers/fsl_clock.o
 .debug_abbrev  0x00001a6e      0x283 ./drivers/fsl_common.o
 .debug_abbrev  0x00001cf1      0x312 ./drivers/fsl_lpsci.o
 .debug_abbrev  0x00002003      0x32e ./drivers/fsl_uart.o
 .debug_abbrev  0x00002331      0x14f ./board/board.o
 .debug_abbrev  0x00002480      0x23d ./board/clock_config.o
 .debug_abbrev  0x000026bd      0x189 ./board/pin_mux.o
 .debug_abbrev  0x00002846      0x132 ./CMSIS/system_MKL25Z4.o

.debug_aranges  0x00000000      0xd08
 .debug_aranges
                0x00000000       0x90 ./utilities/fsl_debug_console.o
 .debug_aranges
                0x00000090      0x160 ./startup/startup_mkl25z4.o
 .debug_aranges
                0x000001f0       0x38 ./source/freertos_hello.o
 .debug_aranges
                0x00000228       0x18 ./source/mtb.o
 .debug_aranges
                0x00000240       0x20 ./source/semihost_hardfault.o
 .debug_aranges
                0x00000260       0x20 ./freertos/fsl_tickless_lptmr.o
 .debug_aranges
                0x00000280       0x50 ./freertos/heap_4.o
 .debug_aranges
                0x000002d0       0x40 ./freertos/list.o
 .debug_aranges
                0x00000310       0x80 ./freertos/port.o
 .debug_aranges
                0x00000390      0x118 ./freertos/queue.o
 .debug_aranges
                0x000004a8      0x1e8 ./freertos/tasks.o
 .debug_aranges
                0x00000690       0xc8 ./freertos/timers.o
 .debug_aranges
                0x00000758       0x88 ./drivers/fsl_adc16.o
 .debug_aranges
                0x000007e0      0x1d8 ./drivers/fsl_clock.o
 .debug_aranges
                0x000009b8       0x38 ./drivers/fsl_common.o
 .debug_aranges
                0x000009f0      0x118 ./drivers/fsl_lpsci.o
 .debug_aranges
                0x00000b08      0x130 ./drivers/fsl_uart.o
 .debug_aranges
                0x00000c38       0x28 ./board/board.o
 .debug_aranges
                0x00000c60       0x50 ./board/clock_config.o
 .debug_aranges
                0x00000cb0       0x30 ./board/pin_mux.o
 .debug_aranges
                0x00000ce0       0x28 ./CMSIS/system_MKL25Z4.o

.debug_rnglists
                0x00000000      0x9ae
 .debug_rnglists
                0x00000000       0x6d ./utilities/fsl_debug_console.o
 .debug_rnglists
                0x0000006d      0x103 ./startup/startup_mkl25z4.o
 .debug_rnglists
                0x00000170       0x27 ./source/freertos_hello.o
 .debug_rnglists
                0x00000197       0x13 ./source/semihost_hardfault.o
 .debug_rnglists
                0x000001aa       0x13 ./freertos/fsl_tickless_lptmr.o
 .debug_rnglists
                0x000001bd       0x3b ./freertos/heap_4.o
 .debug_rnglists
                0x000001f8       0x2b ./freertos/list.o
 .debug_rnglists
                0x00000223       0x5b ./freertos/port.o
 .debug_rnglists
                0x0000027e       0xd6 ./freertos/queue.o
 .debug_rnglists
                0x00000354      0x185 ./freertos/tasks.o
 .debug_rnglists
                0x000004d9       0x96 ./freertos/timers.o
 .debug_rnglists
                0x0000056f       0x64 ./drivers/fsl_adc16.o
 .debug_rnglists
                0x000005d3      0x16f ./drivers/fsl_clock.o
 .debug_rnglists
                0x00000742       0x26 ./drivers/fsl_common.o
 .debug_rnglists
                0x00000768       0xd6 ./drivers/fsl_lpsci.o
 .debug_rnglists
                0x0000083e       0xe7 ./drivers/fsl_uart.o
 .debug_rnglists
                0x00000925       0x19 ./board/board.o
 .debug_rnglists
                0x0000093e       0x37 ./board/clock_config.o
 .debug_rnglists
                0x00000975       0x1f ./board/pin_mux.o
 .debug_rnglists
                0x00000994       0x1a ./CMSIS/system_MKL25Z4.o

.debug_line     0x00000000     0x82fe
 .debug_line    0x00000000      0xbec ./utilities/fsl_debug_console.o
 .debug_line    0x00000bec      0x310 ./startup/startup_mkl25z4.o
 .debug_line    0x00000efc      0x4bf ./source/freertos_hello.o
 .debug_line    0x000013bb       0x30 ./source/mtb.o
 .debug_line    0x000013eb       0x59 ./source/semihost_hardfault.o
 .debug_line    0x00001444      0x100 ./freertos/fsl_tickless_lptmr.o
 .debug_line    0x00001544      0x3e2 ./freertos/heap_4.o
 .debug_line    0x00001926      0x1e6 ./freertos/list.o
 .debug_line    0x00001b0c      0x2ad ./freertos/port.o
 .debug_line    0x00001db9      0xbf7 ./freertos/queue.o
 .debug_line    0x000029b0     0x14c1 ./freertos/tasks.o
 .debug_line    0x00003e71      0x6a1 ./freertos/timers.o
 .debug_line    0x00004512      0x538 ./drivers/fsl_adc16.o
 .debug_line    0x00004a4a     0x1206 ./drivers/fsl_clock.o
 .debug_line    0x00005c50      0x2f0 ./drivers/fsl_common.o
 .debug_line    0x00005f40      0xcf5 ./drivers/fsl_lpsci.o
 .debug_line    0x00006c35      0xcd1 ./drivers/fsl_uart.o
 .debug_line    0x00007906      0x2a3 ./board/board.o
 .debug_line    0x00007ba9      0x301 ./board/clock_config.o
 .debug_line    0x00007eaa      0x244 ./board/pin_mux.o
 .debug_line    0x000080ee      0x210 ./CMSIS/system_MKL25Z4.o

.debug_str      0x00000000     0x5f51
 .debug_str     0x00000000      0xd3c ./utilities/fsl_debug_console.o
                                0xdc1 (size before relaxing)
 .debug_str     0x00000d3c      0x39d ./startup/startup_mkl25z4.o
                                0x4fd (size before relaxing)
 .debug_str     0x000010d9      0x72d ./source/freertos_hello.o
                                0xea3 (size before relaxing)
 .debug_str     0x00001806       0x1f ./source/mtb.o
                                0x17e (size before relaxing)
 .debug_str     0x00001825       0x1f ./source/semihost_hardfault.o
                                0x17e (size before relaxing)
 .debug_str     0x00001844       0x48 ./freertos/fsl_tickless_lptmr.o
                                0x239 (size before relaxing)
 .debug_str     0x0000188c      0x1f2 ./freertos/heap_4.o
                                0x3e9 (size before relaxing)
 .debug_str     0x00001a7e      0x125 ./freertos/list.o
                                0x333 (size before relaxing)
 .debug_str     0x00001ba3      0x134 ./freertos/port.o
                                0x38f (size before relaxing)
 .debug_str     0x00001cd7      0x672 ./freertos/queue.o
                                0xa1a (size before relaxing)
 .debug_str     0x00002349      0xa99 ./freertos/tasks.o
                               0x10f4 (size before relaxing)
 .debug_str     0x00002de2      0x4c7 ./freertos/timers.o
                                0x993 (size before relaxing)
 .debug_str     0x000032a9      0x4ff ./drivers/fsl_adc16.o
                               0x1236 (size before relaxing)
 .debug_str     0x000037a8      0xee4 ./drivers/fsl_clock.o
                               0x17f1 (size before relaxing)
 .debug_str     0x0000468c      0x2ef ./drivers/fsl_common.o
                                0x4f4 (size before relaxing)
 .debug_str     0x0000497b      0x96f ./drivers/fsl_lpsci.o
                               0x15a7 (size before relaxing)
 .debug_str     0x000052ea      0x7c8 ./drivers/fsl_uart.o
                               0x15b3 (size before relaxing)
 .debug_str     0x00005ab2       0x35 ./board/board.o
                                0x33f (size before relaxing)
 .debug_str     0x00005ae7      0x2e8 ./board/clock_config.o
                                0xe5f (size before relaxing)
 .debug_str     0x00005dcf      0x146 ./board/pin_mux.o
                                0x59d (size before relaxing)
 .debug_str     0x00005f15       0x3c ./CMSIS/system_MKL25Z4.o
                                0x32a (size before relaxing)

.comment        0x00000000       0x45
 .comment       0x00000000       0x45 ./utilities/fsl_debug_console.o
                                 0x46 (size before relaxing)
 .comment       0x00000045       0x46 ./startup/startup_mkl25z4.o
 .comment       0x00000045       0x46 ./source/freertos_hello.o
 .comment       0x00000045       0x46 ./source/mtb.o
 .comment       0x00000045       0x46 ./source/semihost_hardfault.o
 .comment       0x00000045       0x46 ./freertos/fsl_tickless_lptmr.o
 .comment       0x00000045       0x46 ./freertos/heap_4.o
 .comment       0x00000045       0x46 ./freertos/list.o
 .comment       0x00000045       0x46 ./freertos/port.o
 .comment       0x00000045       0x46 ./freertos/queue.o
 .comment       0x00000045       0x46 ./freertos/tasks.o
 .comment       0x00000045       0x46 ./freertos/timers.o
 .comment       0x00000045       0x46 ./drivers/fsl_adc16.o
 .comment       0x00000045       0x46 ./drivers/fsl_clock.o
 .comment       0x00000045       0x46 ./drivers/fsl_common.o
 .comment       0x00000045       0x46 ./drivers/fsl_lpsci.o
 .comment       0x00000045       0x46 ./drivers/fsl_uart.o
 .comment       0x00000045       0x46 ./board/board.o
 .comment       0x00000045       0x46 ./board/clock_config.o
 .comment       0x00000045       0x46 ./board/pin_mux.o
 .comment       0x00000045       0x46 ./CMSIS/system_MKL25Z4.o
 .comment       0x00000045       0x46 c:/nxp/mcuxpressoide_11.8.0_1165/ide/plugins/com.nxp.mcuxpresso.tools.win32_11.8.0.202306131047/tools/bin/../lib/gcc/arm-none-eabi/12.2.1/../../../../arm-none-eabi/lib/thumb/v6-m/nofp\libcr_nohost_nf.a(_cr__main.o)
 .comment       0x00000045       0x46 c:/nxp/mcuxpressoide_11.8.0_1165/ide/plugins/com.nxp.mcuxpresso.tools.win32_11.8.0.202306131047/tools/bin/../lib/gcc/arm-none-eabi/12.2.1/../../../../arm-none-eabi/lib/thumb/v6-m/nofp\libcr_c.a(memcpy.o)
 .comment       0x00000045       0x46 c:/nxp/mcuxpressoide_11.8.0_1165/ide/plugins/com.nxp.mcuxpresso.tools.win32_11.8.0.202306131047/tools/bin/../lib/gcc/arm-none-eabi/12.2.1/../../../../arm-none-eabi/lib/thumb/v6-m/nofp\libcr_c.a(memset.o)
 .comment       0x00000045       0x46 c:/nxp/mcuxpressoide_11.8.0_1165/ide/plugins/com.nxp.mcuxpresso.tools.win32_11.8.0.202306131047/tools/bin/../lib/gcc/arm-none-eabi/12.2.1/../../../../arm-none-eabi/lib/thumb/v6-m/nofp\libcr_c.a(initio.o)
 .comment       0x00000045       0x46 c:/nxp/mcuxpressoide_11.8.0_1165/ide/plugins/com.nxp.mcuxpresso.tools.win32_11.8.0.202306131047/tools/bin/../lib/gcc/arm-none-eabi/12.2.1/../../../../arm-none-eabi/lib/thumb/v6-m/nofp\libcr_c.a(setvbuf.o)
 .comment       0x00000045       0x46 c:/nxp/mcuxpressoide_11.8.0_1165/ide/plugins/com.nxp.mcuxpresso.tools.win32_11.8.0.202306131047/tools/bin/../lib/gcc/arm-none-eabi/12.2.1/../../../../arm-none-eabi/lib/thumb/v6-m/nofp\libcr_c.a(strlen.o)
 .comment       0x00000045       0x46 c:/nxp/mcuxpressoide_11.8.0_1165/ide/plugins/com.nxp.mcuxpresso.tools.win32_11.8.0.202306131047/tools/bin/../lib/gcc/arm-none-eabi/12.2.1/../../../../arm-none-eabi/lib/thumb/v6-m/nofp\libcr_c.a(_fdopen.o)
 .comment       0x00000045       0x46 c:/nxp/mcuxpressoide_11.8.0_1165/ide/plugins/com.nxp.mcuxpresso.tools.win32_11.8.0.202306131047/tools/bin/../lib/gcc/arm-none-eabi/12.2.1/../../../../arm-none-eabi/lib/thumb/v6-m/nofp\libcr_c.a(fclose.o)
 .comment       0x00000045       0x46 c:/nxp/mcuxpressoide_11.8.0_1165/ide/plugins/com.nxp.mcuxpresso.tools.win32_11.8.0.202306131047/tools/bin/../lib/gcc/arm-none-eabi/12.2.1/../../../../arm-none-eabi/lib/thumb/v6-m/nofp\libcr_c.a(fflush.o)
 .comment       0x00000045       0x46 c:/nxp/mcuxpressoide_11.8.0_1165/ide/plugins/com.nxp.mcuxpresso.tools.win32_11.8.0.202306131047/tools/bin/../lib/gcc/arm-none-eabi/12.2.1/../../../../arm-none-eabi/lib/thumb/v6-m/nofp\libcr_c.a(fseek.o)
 .comment       0x00000045       0x46 c:/nxp/mcuxpressoide_11.8.0_1165/ide/plugins/com.nxp.mcuxpresso.tools.win32_11.8.0.202306131047/tools/bin/../lib/gcc/arm-none-eabi/12.2.1/../../../../arm-none-eabi/lib/thumb/v6-m/nofp\libcr_c.a(ftell.o)
 .comment       0x00000045       0x46 c:/nxp/mcuxpressoide_11.8.0_1165/ide/plugins/com.nxp.mcuxpresso.tools.win32_11.8.0.202306131047/tools/bin/../lib/gcc/arm-none-eabi/12.2.1/../../../../arm-none-eabi/lib/thumb/v6-m/nofp\libcr_c.a(remove.o)
 .comment       0x00000045       0x46 c:/nxp/mcuxpressoide_11.8.0_1165/ide/plugins/com.nxp.mcuxpresso.tools.win32_11.8.0.202306131047/tools/bin/../lib/gcc/arm-none-eabi/12.2.1/../../../../arm-none-eabi/lib/thumb/v6-m/nofp\libcr_c.a(_do_fflush.o)
 .comment       0x00000045       0x46 c:/nxp/mcuxpressoide_11.8.0_1165/ide/plugins/com.nxp.mcuxpresso.tools.win32_11.8.0.202306131047/tools/bin/../lib/gcc/arm-none-eabi/12.2.1/../../../../arm-none-eabi/lib/thumb/v6-m/nofp\libcr_c.a(_fflush.o)
 .comment       0x00000045       0x46 c:/nxp/mcuxpressoide_11.8.0_1165/ide/plugins/com.nxp.mcuxpresso.tools.win32_11.8.0.202306131047/tools/bin/../lib/gcc/arm-none-eabi/12.2.1/../../../../arm-none-eabi/lib/thumb/v6-m/nofp\libcr_c.a(_writebuf.o)
 .comment       0x00000045       0x46 c:/nxp/mcuxpressoide_11.8.0_1165/ide/plugins/com.nxp.mcuxpresso.tools.win32_11.8.0.202306131047/tools/bin/../lib/gcc/arm-none-eabi/12.2.1/../../../../arm-none-eabi/lib/thumb/v6-m/nofp\libcr_c.a(alloc.o)
 .comment       0x00000045       0x46 c:/nxp/mcuxpressoide_11.8.0_1165/ide/plugins/com.nxp.mcuxpresso.tools.win32_11.8.0.202306131047/tools/bin/../lib/gcc/arm-none-eabi/12.2.1/../../../../arm-none-eabi/lib/thumb/v6-m/nofp\libcr_c.a(errno.o)
 .comment       0x00000045       0x46 c:/nxp/mcuxpressoide_11.8.0_1165/ide/plugins/com.nxp.mcuxpresso.tools.win32_11.8.0.202306131047/tools/bin/../lib/gcc/arm-none-eabi/12.2.1/../../../../arm-none-eabi/lib/thumb/v6-m/nofp\libcr_c.a(_deferredlazyseek.o)
 .comment       0x00000045       0x46 c:/nxp/mcuxpressoide_11.8.0_1165/ide/plugins/com.nxp.mcuxpresso.tools.win32_11.8.0.202306131047/tools/bin/../lib/gcc/arm-none-eabi/12.2.1/thumb/v6-m/nofp\libcr_eabihelpers.a(float.o)
 .comment       0x00000045       0x46 c:/nxp/mcuxpressoide_11.8.0_1165/ide/plugins/com.nxp.mcuxpresso.tools.win32_11.8.0.202306131047/tools/bin/../lib/gcc/arm-none-eabi/12.2.1/../../../../arm-none-eabi/lib/thumb/v6-m/nofp\libcr_nohost_nf.a(__ciob.o)
 .comment       0x00000045       0x46 c:/nxp/mcuxpressoide_11.8.0_1165/ide/plugins/com.nxp.mcuxpresso.tools.win32_11.8.0.202306131047/tools/bin/../lib/gcc/arm-none-eabi/12.2.1/../../../../arm-none-eabi/lib/thumb/v6-m/nofp\libcr_nohost_nf.a(__sys_close.o)
 .comment       0x00000045       0x46 c:/nxp/mcuxpressoide_11.8.0_1165/ide/plugins/com.nxp.mcuxpresso.tools.win32_11.8.0.202306131047/tools/bin/../lib/gcc/arm-none-eabi/12.2.1/../../../../arm-none-eabi/lib/thumb/v6-m/nofp\libcr_nohost_nf.a(__sys_flen.o)
 .comment       0x00000045       0x46 c:/nxp/mcuxpressoide_11.8.0_1165/ide/plugins/com.nxp.mcuxpresso.tools.win32_11.8.0.202306131047/tools/bin/../lib/gcc/arm-none-eabi/12.2.1/../../../../arm-none-eabi/lib/thumb/v6-m/nofp\libcr_nohost_nf.a(__sys_istty.o)
 .comment       0x00000045       0x46 c:/nxp/mcuxpressoide_11.8.0_1165/ide/plugins/com.nxp.mcuxpresso.tools.win32_11.8.0.202306131047/tools/bin/../lib/gcc/arm-none-eabi/12.2.1/../../../../arm-none-eabi/lib/thumb/v6-m/nofp\libcr_nohost_nf.a(__sys_remove.o)
 .comment       0x00000045       0x46 c:/nxp/mcuxpressoide_11.8.0_1165/ide/plugins/com.nxp.mcuxpresso.tools.win32_11.8.0.202306131047/tools/bin/../lib/gcc/arm-none-eabi/12.2.1/../../../../arm-none-eabi/lib/thumb/v6-m/nofp\libcr_nohost_nf.a(__sys_seek.o)
 .comment       0x00000045       0x46 c:/nxp/mcuxpressoide_11.8.0_1165/ide/plugins/com.nxp.mcuxpresso.tools.win32_11.8.0.202306131047/tools/bin/../lib/gcc/arm-none-eabi/12.2.1/../../../../arm-none-eabi/lib/thumb/v6-m/nofp\libcr_nohost_nf.a(__sys_tmpnam.o)
 .comment       0x00000045       0x46 c:/nxp/mcuxpressoide_11.8.0_1165/ide/plugins/com.nxp.mcuxpresso.tools.win32_11.8.0.202306131047/tools/bin/../lib/gcc/arm-none-eabi/12.2.1/../../../../arm-none-eabi/lib/thumb/v6-m/nofp\libcr_nohost_nf.a(__sys_write.o)

.ARM.attributes
                0x00000000       0x2a
 .ARM.attributes
                0x00000000       0x2c ./utilities/fsl_debug_console.o
 .ARM.attributes
                0x0000002c       0x2c ./startup/startup_mkl25z4.o
 .ARM.attributes
                0x00000058       0x2c ./source/freertos_hello.o
 .ARM.attributes
                0x00000084       0x2c ./source/mtb.o
 .ARM.attributes
                0x000000b0       0x2c ./source/semihost_hardfault.o
 .ARM.attributes
                0x000000dc       0x2c ./freertos/fsl_tickless_lptmr.o
 .ARM.attributes
                0x00000108       0x2c ./freertos/heap_4.o
 .ARM.attributes
                0x00000134       0x2c ./freertos/list.o
 .ARM.attributes
                0x00000160       0x2c ./freertos/port.o
 .ARM.attributes
                0x0000018c       0x2c ./freertos/queue.o
 .ARM.attributes
                0x000001b8       0x2c ./freertos/tasks.o
 .ARM.attributes
                0x000001e4       0x2c ./freertos/timers.o
 .ARM.attributes
                0x00000210       0x2c ./drivers/fsl_adc16.o
 .ARM.attributes
                0x0000023c       0x2c ./drivers/fsl_clock.o
 .ARM.attributes
                0x00000268       0x2c ./drivers/fsl_common.o
 .ARM.attributes
                0x00000294       0x2c ./drivers/fsl_lpsci.o
 .ARM.attributes
                0x000002c0       0x2c ./drivers/fsl_uart.o
 .ARM.attributes
                0x000002ec       0x2c ./board/board.o
 .ARM.attributes
                0x00000318       0x2c ./board/clock_config.o
 .ARM.attributes
                0x00000344       0x2c ./board/pin_mux.o
 .ARM.attributes
                0x00000370       0x2c ./CMSIS/system_MKL25Z4.o
 .ARM.attributes
                0x0000039c       0x2c c:/nxp/mcuxpressoide_11.8.0_1165/ide/plugins/com.nxp.mcuxpresso.tools.win32_11.8.0.202306131047/tools/bin/../lib/gcc/arm-none-eabi/12.2.1/../../../../arm-none-eabi/lib/thumb/v6-m/nofp\libcr_nohost_nf.a(_cr__main.o)
 .ARM.attributes
                0x000003c8       0x2c c:/nxp/mcuxpressoide_11.8.0_1165/ide/plugins/com.nxp.mcuxpresso.tools.win32_11.8.0.202306131047/tools/bin/../lib/gcc/arm-none-eabi/12.2.1/../../../../arm-none-eabi/lib/thumb/v6-m/nofp\libcr_c.a(memcpy.o)
 .ARM.attributes
                0x000003f4       0x2c c:/nxp/mcuxpressoide_11.8.0_1165/ide/plugins/com.nxp.mcuxpresso.tools.win32_11.8.0.202306131047/tools/bin/../lib/gcc/arm-none-eabi/12.2.1/../../../../arm-none-eabi/lib/thumb/v6-m/nofp\libcr_c.a(memset.o)
 .ARM.attributes
                0x00000420       0x2c c:/nxp/mcuxpressoide_11.8.0_1165/ide/plugins/com.nxp.mcuxpresso.tools.win32_11.8.0.202306131047/tools/bin/../lib/gcc/arm-none-eabi/12.2.1/../../../../arm-none-eabi/lib/thumb/v6-m/nofp\libcr_c.a(initio.o)
 .ARM.attributes
                0x0000044c       0x2c c:/nxp/mcuxpressoide_11.8.0_1165/ide/plugins/com.nxp.mcuxpresso.tools.win32_11.8.0.202306131047/tools/bin/../lib/gcc/arm-none-eabi/12.2.1/../../../../arm-none-eabi/lib/thumb/v6-m/nofp\libcr_c.a(setvbuf.o)
 .ARM.attributes
                0x00000478       0x2c c:/nxp/mcuxpressoide_11.8.0_1165/ide/plugins/com.nxp.mcuxpresso.tools.win32_11.8.0.202306131047/tools/bin/../lib/gcc/arm-none-eabi/12.2.1/../../../../arm-none-eabi/lib/thumb/v6-m/nofp\libcr_c.a(strlen.o)
 .ARM.attributes
                0x000004a4       0x2c c:/nxp/mcuxpressoide_11.8.0_1165/ide/plugins/com.nxp.mcuxpresso.tools.win32_11.8.0.202306131047/tools/bin/../lib/gcc/arm-none-eabi/12.2.1/../../../../arm-none-eabi/lib/thumb/v6-m/nofp\libcr_c.a(_fdopen.o)
 .ARM.attributes
                0x000004d0       0x2c c:/nxp/mcuxpressoide_11.8.0_1165/ide/plugins/com.nxp.mcuxpresso.tools.win32_11.8.0.202306131047/tools/bin/../lib/gcc/arm-none-eabi/12.2.1/../../../../arm-none-eabi/lib/thumb/v6-m/nofp\libcr_c.a(fclose.o)
 .ARM.attributes
                0x000004fc       0x2c c:/nxp/mcuxpressoide_11.8.0_1165/ide/plugins/com.nxp.mcuxpresso.tools.win32_11.8.0.202306131047/tools/bin/../lib/gcc/arm-none-eabi/12.2.1/../../../../arm-none-eabi/lib/thumb/v6-m/nofp\libcr_c.a(fflush.o)
 .ARM.attributes
                0x00000528       0x2c c:/nxp/mcuxpressoide_11.8.0_1165/ide/plugins/com.nxp.mcuxpresso.tools.win32_11.8.0.202306131047/tools/bin/../lib/gcc/arm-none-eabi/12.2.1/../../../../arm-none-eabi/lib/thumb/v6-m/nofp\libcr_c.a(fseek.o)
 .ARM.attributes
                0x00000554       0x2c c:/nxp/mcuxpressoide_11.8.0_1165/ide/plugins/com.nxp.mcuxpresso.tools.win32_11.8.0.202306131047/tools/bin/../lib/gcc/arm-none-eabi/12.2.1/../../../../arm-none-eabi/lib/thumb/v6-m/nofp\libcr_c.a(ftell.o)
 .ARM.attributes
                0x00000580       0x2c c:/nxp/mcuxpressoide_11.8.0_1165/ide/plugins/com.nxp.mcuxpresso.tools.win32_11.8.0.202306131047/tools/bin/../lib/gcc/arm-none-eabi/12.2.1/../../../../arm-none-eabi/lib/thumb/v6-m/nofp\libcr_c.a(remove.o)
 .ARM.attributes
                0x000005ac       0x2c c:/nxp/mcuxpressoide_11.8.0_1165/ide/plugins/com.nxp.mcuxpresso.tools.win32_11.8.0.202306131047/tools/bin/../lib/gcc/arm-none-eabi/12.2.1/../../../../arm-none-eabi/lib/thumb/v6-m/nofp\libcr_c.a(_do_fflush.o)
 .ARM.attributes
                0x000005d8       0x2c c:/nxp/mcuxpressoide_11.8.0_1165/ide/plugins/com.nxp.mcuxpresso.tools.win32_11.8.0.202306131047/tools/bin/../lib/gcc/arm-none-eabi/12.2.1/../../../../arm-none-eabi/lib/thumb/v6-m/nofp\libcr_c.a(_fflush.o)
 .ARM.attributes
                0x00000604       0x2c c:/nxp/mcuxpressoide_11.8.0_1165/ide/plugins/com.nxp.mcuxpresso.tools.win32_11.8.0.202306131047/tools/bin/../lib/gcc/arm-none-eabi/12.2.1/../../../../arm-none-eabi/lib/thumb/v6-m/nofp\libcr_c.a(_writebuf.o)
 .ARM.attributes
                0x00000630       0x2c c:/nxp/mcuxpressoide_11.8.0_1165/ide/plugins/com.nxp.mcuxpresso.tools.win32_11.8.0.202306131047/tools/bin/../lib/gcc/arm-none-eabi/12.2.1/../../../../arm-none-eabi/lib/thumb/v6-m/nofp\libcr_c.a(alloc.o)
 .ARM.attributes
                0x0000065c       0x2c c:/nxp/mcuxpressoide_11.8.0_1165/ide/plugins/com.nxp.mcuxpresso.tools.win32_11.8.0.202306131047/tools/bin/../lib/gcc/arm-none-eabi/12.2.1/../../../../arm-none-eabi/lib/thumb/v6-m/nofp\libcr_c.a(errno.o)
 .ARM.attributes
                0x00000688       0x2c c:/nxp/mcuxpressoide_11.8.0_1165/ide/plugins/com.nxp.mcuxpresso.tools.win32_11.8.0.202306131047/tools/bin/../lib/gcc/arm-none-eabi/12.2.1/../../../../arm-none-eabi/lib/thumb/v6-m/nofp\libcr_c.a(_deferredlazyseek.o)
 .ARM.attributes
                0x000006b4       0x1c c:/nxp/mcuxpressoide_11.8.0_1165/ide/plugins/com.nxp.mcuxpresso.tools.win32_11.8.0.202306131047/tools/bin/../lib/gcc/arm-none-eabi/12.2.1/thumb/v6-m/nofp\libcr_eabihelpers.a(division_32.o)
 .ARM.attributes
                0x000006d0       0x1c c:/nxp/mcuxpressoide_11.8.0_1165/ide/plugins/com.nxp.mcuxpresso.tools.win32_11.8.0.202306131047/tools/bin/../lib/gcc/arm-none-eabi/12.2.1/thumb/v6-m/nofp\libcr_eabihelpers.a(division_idiv0.o)
 .ARM.attributes
                0x000006ec       0x2c c:/nxp/mcuxpressoide_11.8.0_1165/ide/plugins/com.nxp.mcuxpresso.tools.win32_11.8.0.202306131047/tools/bin/../lib/gcc/arm-none-eabi/12.2.1/thumb/v6-m/nofp\libcr_eabihelpers.a(float.o)
 .ARM.attributes
                0x00000718       0x1c c:/nxp/mcuxpressoide_11.8.0_1165/ide/plugins/com.nxp.mcuxpresso.tools.win32_11.8.0.202306131047/tools/bin/../lib/gcc/arm-none-eabi/12.2.1/thumb/v6-m/nofp\libcr_eabihelpers.a(llong.o)
 .ARM.attributes
                0x00000734       0x1c c:/nxp/mcuxpressoide_11.8.0_1165/ide/plugins/com.nxp.mcuxpresso.tools.win32_11.8.0.202306131047/tools/bin/../lib/gcc/arm-none-eabi/12.2.1/thumb/v6-m/nofp\libcr_eabihelpers.a(memcpy.o)
 .ARM.attributes
                0x00000750       0x2c c:/nxp/mcuxpressoide_11.8.0_1165/ide/plugins/com.nxp.mcuxpresso.tools.win32_11.8.0.202306131047/tools/bin/../lib/gcc/arm-none-eabi/12.2.1/../../../../arm-none-eabi/lib/thumb/v6-m/nofp\libcr_nohost_nf.a(__ciob.o)
 .ARM.attributes
                0x0000077c       0x2c c:/nxp/mcuxpressoide_11.8.0_1165/ide/plugins/com.nxp.mcuxpresso.tools.win32_11.8.0.202306131047/tools/bin/../lib/gcc/arm-none-eabi/12.2.1/../../../../arm-none-eabi/lib/thumb/v6-m/nofp\libcr_nohost_nf.a(__sys_close.o)
 .ARM.attributes
                0x000007a8       0x2c c:/nxp/mcuxpressoide_11.8.0_1165/ide/plugins/com.nxp.mcuxpresso.tools.win32_11.8.0.202306131047/tools/bin/../lib/gcc/arm-none-eabi/12.2.1/../../../../arm-none-eabi/lib/thumb/v6-m/nofp\libcr_nohost_nf.a(__sys_flen.o)
 .ARM.attributes
                0x000007d4       0x2c c:/nxp/mcuxpressoide_11.8.0_1165/ide/plugins/com.nxp.mcuxpresso.tools.win32_11.8.0.202306131047/tools/bin/../lib/gcc/arm-none-eabi/12.2.1/../../../../arm-none-eabi/lib/thumb/v6-m/nofp\libcr_nohost_nf.a(__sys_istty.o)
 .ARM.attributes
                0x00000800       0x2c c:/nxp/mcuxpressoide_11.8.0_1165/ide/plugins/com.nxp.mcuxpresso.tools.win32_11.8.0.202306131047/tools/bin/../lib/gcc/arm-none-eabi/12.2.1/../../../../arm-none-eabi/lib/thumb/v6-m/nofp\libcr_nohost_nf.a(__sys_remove.o)
 .ARM.attributes
                0x0000082c       0x2c c:/nxp/mcuxpressoide_11.8.0_1165/ide/plugins/com.nxp.mcuxpresso.tools.win32_11.8.0.202306131047/tools/bin/../lib/gcc/arm-none-eabi/12.2.1/../../../../arm-none-eabi/lib/thumb/v6-m/nofp\libcr_nohost_nf.a(__sys_seek.o)
 .ARM.attributes
                0x00000858       0x2c c:/nxp/mcuxpressoide_11.8.0_1165/ide/plugins/com.nxp.mcuxpresso.tools.win32_11.8.0.202306131047/tools/bin/../lib/gcc/arm-none-eabi/12.2.1/../../../../arm-none-eabi/lib/thumb/v6-m/nofp\libcr_nohost_nf.a(__sys_tmpnam.o)
 .ARM.attributes
                0x00000884       0x2c c:/nxp/mcuxpressoide_11.8.0_1165/ide/plugins/com.nxp.mcuxpresso.tools.win32_11.8.0.202306131047/tools/bin/../lib/gcc/arm-none-eabi/12.2.1/../../../../arm-none-eabi/lib/thumb/v6-m/nofp\libcr_nohost_nf.a(__sys_write.o)

.debug_frame    0x00000000     0x2b20
 .debug_frame   0x00000000      0x1f0 ./utilities/fsl_debug_console.o
 .debug_frame   0x000001f0      0x3b0 ./startup/startup_mkl25z4.o
 .debug_frame   0x000005a0       0x94 ./source/freertos_hello.o
 .debug_frame   0x00000634       0x20 ./source/semihost_hardfault.o
 .debug_frame   0x00000654       0x2c ./freertos/fsl_tickless_lptmr.o
 .debug_frame   0x00000680       0xe4 ./freertos/heap_4.o
 .debug_frame   0x00000764       0xb0 ./freertos/list.o
 .debug_frame   0x00000814      0x154 ./freertos/port.o
 .debug_frame   0x00000968      0x410 ./freertos/queue.o
 .debug_frame   0x00000d78      0x73c ./freertos/tasks.o
 .debug_frame   0x000014b4      0x2c8 ./freertos/timers.o
 .debug_frame   0x0000177c      0x1d0 ./drivers/fsl_adc16.o
 .debug_frame   0x0000194c      0x6e0 ./drivers/fsl_clock.o
 .debug_frame   0x0000202c       0x90 ./drivers/fsl_common.o
 .debug_frame   0x000020bc      0x414 ./drivers/fsl_lpsci.o
 .debug_frame   0x000024d0      0x464 ./drivers/fsl_uart.o
 .debug_frame   0x00002934       0x50 ./board/board.o
 .debug_frame   0x00002984       0xe4 ./board/clock_config.o
 .debug_frame   0x00002a68       0x6c ./board/pin_mux.o
 .debug_frame   0x00002ad4       0x4c ./CMSIS/system_MKL25Z4.o

.debug_loclists
                0x00000000      0x104
 .debug_loclists
                0x00000000      0x104 ./startup/startup_mkl25z4.o

Cross Reference Table

Symbol                                            File
ADC0_DriverIRQHandler                             ./startup/startup_mkl25z4.o
ADC0_IRQHandler                                   ./startup/startup_mkl25z4.o
ADC16_ClearStatusFlags                            ./drivers/fsl_adc16.o
ADC16_Deinit                                      ./drivers/fsl_adc16.o
ADC16_DoAutoCalibration                           ./drivers/fsl_adc16.o
                                                  ./source/freertos_hello.o
ADC16_GetChannelStatusFlags                       ./drivers/fsl_adc16.o
                                                  ./source/freertos_hello.o
ADC16_GetDefaultConfig                            ./drivers/fsl_adc16.o
                                                  ./source/freertos_hello.o
ADC16_GetStatusFlags                              ./drivers/fsl_adc16.o
ADC16_Init                                        ./drivers/fsl_adc16.o
                                                  ./source/freertos_hello.o
ADC16_SetChannelConfig                            ./drivers/fsl_adc16.o
                                                  ./source/freertos_hello.o
ADC16_SetChannelMuxMode                           ./drivers/fsl_adc16.o
ADC16_SetHardwareAverage                          ./drivers/fsl_adc16.o
ADC16_SetHardwareCompareConfig                    ./drivers/fsl_adc16.o
BOARD_BootClockRUN                                ./board/clock_config.o
                                                  ./source/freertos_hello.o
BOARD_BootClockVLPR                               ./board/clock_config.o
BOARD_InitDebugConsole                            ./board/board.o
                                                  ./source/freertos_hello.o
BOARD_InitPins                                    ./board/pin_mux.o
                                                  ./source/freertos_hello.o
CLOCK_BootToBlpeMode                              ./drivers/fsl_clock.o
CLOCK_BootToBlpiMode                              ./drivers/fsl_clock.o
                                                  ./board/clock_config.o
CLOCK_BootToFeeMode                               ./drivers/fsl_clock.o
CLOCK_BootToFeiMode                               ./drivers/fsl_clock.o
CLOCK_BootToPeeMode                               ./drivers/fsl_clock.o
                                                  ./board/clock_config.o
CLOCK_CalcPllDiv                                  ./drivers/fsl_clock.o
CLOCK_ClearStatusFlags                            ./drivers/fsl_clock.o
CLOCK_DeinitOsc0                                  ./drivers/fsl_clock.o
CLOCK_EnablePll0                                  ./drivers/fsl_clock.o
CLOCK_EnableUsbfs0Clock                           ./drivers/fsl_clock.o
CLOCK_ExternalModeToFbeModeQuick                  ./drivers/fsl_clock.o
CLOCK_FllStableDelay                              ./drivers/fsl_clock.o
CLOCK_GetBusClkFreq                               ./drivers/fsl_clock.o
CLOCK_GetCoreSysClkFreq                           ./drivers/fsl_clock.o
CLOCK_GetEr32kClkFreq                             ./drivers/fsl_clock.o
CLOCK_GetFixedFreqClkFreq                         ./drivers/fsl_clock.o
CLOCK_GetFlashClkFreq                             ./drivers/fsl_clock.o
CLOCK_GetFllFreq                                  ./drivers/fsl_clock.o
CLOCK_GetFreq                                     ./drivers/fsl_clock.o
CLOCK_GetInternalRefClkFreq                       ./drivers/fsl_clock.o
CLOCK_GetMode                                     ./drivers/fsl_clock.o
CLOCK_GetOsc0ErClkFreq                            ./drivers/fsl_clock.o
CLOCK_GetOutClkFreq                               ./drivers/fsl_clock.o
CLOCK_GetPlatClkFreq                              ./drivers/fsl_clock.o
CLOCK_GetPll0Freq                                 ./drivers/fsl_clock.o
CLOCK_GetPllFllSelClkFreq                         ./drivers/fsl_clock.o
                                                  ./board/board.o
CLOCK_GetStatusFlags                              ./drivers/fsl_clock.o
CLOCK_InitOsc0                                    ./drivers/fsl_clock.o
                                                  ./board/clock_config.o
CLOCK_InternalModeToFbiModeQuick                  ./drivers/fsl_clock.o
CLOCK_SetBlpeMode                                 ./drivers/fsl_clock.o
CLOCK_SetBlpiMode                                 ./drivers/fsl_clock.o
CLOCK_SetExternalRefClkConfig                     ./drivers/fsl_clock.o
CLOCK_SetFbeMode                                  ./drivers/fsl_clock.o
CLOCK_SetFbiMode                                  ./drivers/fsl_clock.o
CLOCK_SetFeeMode                                  ./drivers/fsl_clock.o
CLOCK_SetFeiMode                                  ./drivers/fsl_clock.o
CLOCK_SetInternalRefClkConfig                     ./drivers/fsl_clock.o
                                                  ./board/clock_config.o
CLOCK_SetMcgConfig                                ./drivers/fsl_clock.o
CLOCK_SetOsc0MonitorMode                          ./drivers/fsl_clock.o
CLOCK_SetPbeMode                                  ./drivers/fsl_clock.o
CLOCK_SetPeeMode                                  ./drivers/fsl_clock.o
CLOCK_SetPll0MonitorMode                          ./drivers/fsl_clock.o
CLOCK_SetSimConfig                                ./drivers/fsl_clock.o
                                                  ./board/clock_config.o
CLOCK_TrimInternalRefClk                          ./drivers/fsl_clock.o
CMP0_DriverIRQHandler                             ./startup/startup_mkl25z4.o
CMP0_IRQHandler                                   ./startup/startup_mkl25z4.o
DAC0_DriverIRQHandler                             ./startup/startup_mkl25z4.o
DAC0_IRQHandler                                   ./startup/startup_mkl25z4.o
DMA0_DriverIRQHandler                             ./startup/startup_mkl25z4.o
DMA0_IRQHandler                                   ./startup/startup_mkl25z4.o
DMA1_DriverIRQHandler                             ./startup/startup_mkl25z4.o
DMA1_IRQHandler                                   ./startup/startup_mkl25z4.o
DMA2_DriverIRQHandler                             ./startup/startup_mkl25z4.o
DMA2_IRQHandler                                   ./startup/startup_mkl25z4.o
DMA3_DriverIRQHandler                             ./startup/startup_mkl25z4.o
DMA3_IRQHandler                                   ./startup/startup_mkl25z4.o
DbgConsole_Deinit                                 ./utilities/fsl_debug_console.o
DbgConsole_Getchar                                ./utilities/fsl_debug_console.o
DbgConsole_Init                                   ./utilities/fsl_debug_console.o
                                                  ./board/board.o
DbgConsole_Printf                                 ./utilities/fsl_debug_console.o
                                                  ./drivers/fsl_common.o
                                                  ./source/freertos_hello.o
DbgConsole_Putchar                                ./utilities/fsl_debug_console.o
DbgConsole_Scanf                                  ./utilities/fsl_debug_console.o
FLASH_Erase                                       ./drivers/fsl_flash.o
FLASH_EraseAll                                    ./drivers/fsl_flash.o
FLASH_EraseAllExecuteOnlySegments                 ./drivers/fsl_flash.o
FLASH_GetProperty                                 ./drivers/fsl_flash.o
FLASH_GetSecurityState                            ./drivers/fsl_flash.o
FLASH_Init                                        ./drivers/fsl_flash.o
FLASH_IsExecuteOnly                               ./drivers/fsl_flash.o
FLASH_IsProtected                                 ./drivers/fsl_flash.o
FLASH_PflashGetPrefetchSpeculation                ./drivers/fsl_flash.o
FLASH_PflashGetProtection                         ./drivers/fsl_flash.o
FLASH_PflashSetPrefetchSpeculation                ./drivers/fsl_flash.o
                                                  ./drivers/fsl_smc.o
FLASH_PflashSetProtection                         ./drivers/fsl_flash.o
FLASH_PrepareExecuteInRamFunctions                ./drivers/fsl_flash.o
FLASH_Program                                     ./drivers/fsl_flash.o
FLASH_ProgramOnce                                 ./drivers/fsl_flash.o
FLASH_ReadOnce                                    ./drivers/fsl_flash.o
FLASH_ReadResource                                ./drivers/fsl_flash.o
FLASH_SecurityBypass                              ./drivers/fsl_flash.o
FLASH_SetCallback                                 ./drivers/fsl_flash.o
FLASH_SetProperty                                 ./drivers/fsl_flash.o
FLASH_VerifyErase                                 ./drivers/fsl_flash.o
FLASH_VerifyEraseAll                              ./drivers/fsl_flash.o
FLASH_VerifyEraseAllExecuteOnlySegments           ./drivers/fsl_flash.o
FLASH_VerifyProgram                               ./drivers/fsl_flash.o
FTFA_DriverIRQHandler                             ./startup/startup_mkl25z4.o
FTFA_IRQHandler                                   ./startup/startup_mkl25z4.o
Flash_Config                                      ./startup/startup_mkl25z4.o
FreeRTOSDebugConfig                               ./freertos/tasks.o
GPIO_ClearPinsInterruptFlags                      ./drivers/fsl_gpio.o
GPIO_GetPinsInterruptFlags                        ./drivers/fsl_gpio.o
GPIO_PinInit                                      ./drivers/fsl_gpio.o
HardFault_Handler                                 ./source/semihost_hardfault.o
                                                  ./startup/startup_mkl25z4.o
I2C0_DriverIRQHandler                             ./startup/startup_mkl25z4.o
I2C0_IRQHandler                                   ./startup/startup_mkl25z4.o
I2C1_DriverIRQHandler                             ./startup/startup_mkl25z4.o
I2C1_IRQHandler                                   ./startup/startup_mkl25z4.o
InstallIRQHandler                                 ./drivers/fsl_common.o
IntDefaultHandler                                 ./startup/startup_mkl25z4.o
LLWU_DriverIRQHandler                             ./startup/startup_mkl25z4.o
LLWU_IRQHandler                                   ./startup/startup_mkl25z4.o
LPSCI_ClearStatusFlags                            ./drivers/fsl_lpsci.o
                                                  ./drivers/fsl_lpsci_freertos.o
LPSCI_Deinit                                      ./drivers/fsl_lpsci.o
                                                  ./drivers/fsl_lpsci_freertos.o
                                                  ./utilities/fsl_debug_console.o
LPSCI_DisableInterrupts                           ./drivers/fsl_lpsci.o
LPSCI_EnableInterrupts                            ./drivers/fsl_lpsci.o
LPSCI_GetDefaultConfig                            ./drivers/fsl_lpsci.o
                                                  ./drivers/fsl_lpsci_freertos.o
                                                  ./utilities/fsl_debug_console.o
LPSCI_GetEnabledInterrupts                        ./drivers/fsl_lpsci.o
LPSCI_GetInstance                                 ./drivers/fsl_lpsci.o
LPSCI_GetStatusFlags                              ./drivers/fsl_lpsci.o
LPSCI_Init                                        ./drivers/fsl_lpsci.o
                                                  ./drivers/fsl_lpsci_freertos.o
                                                  ./utilities/fsl_debug_console.o
LPSCI_RTOS_Deinit                                 ./drivers/fsl_lpsci_freertos.o
LPSCI_RTOS_Init                                   ./drivers/fsl_lpsci_freertos.o
LPSCI_RTOS_Receive                                ./drivers/fsl_lpsci_freertos.o
LPSCI_RTOS_Send                                   ./drivers/fsl_lpsci_freertos.o
LPSCI_ReadBlocking                                ./drivers/fsl_lpsci.o
                                                  ./utilities/fsl_debug_console.o
LPSCI_SetBaudRate                                 ./drivers/fsl_lpsci.o
LPSCI_TransferAbortReceive                        ./drivers/fsl_lpsci.o
                                                  ./drivers/fsl_lpsci_freertos.o
LPSCI_TransferAbortSend                           ./drivers/fsl_lpsci.o
LPSCI_TransferCreateHandle                        ./drivers/fsl_lpsci.o
                                                  ./drivers/fsl_lpsci_freertos.o
LPSCI_TransferGetReceiveCount                     ./drivers/fsl_lpsci.o
LPSCI_TransferGetSendCount                        ./drivers/fsl_lpsci.o
LPSCI_TransferHandleErrorIRQ                      ./drivers/fsl_lpsci.o
LPSCI_TransferHandleIRQ                           ./drivers/fsl_lpsci.o
LPSCI_TransferReceiveNonBlocking                  ./drivers/fsl_lpsci.o
                                                  ./drivers/fsl_lpsci_freertos.o
LPSCI_TransferSendNonBlocking                     ./drivers/fsl_lpsci.o
                                                  ./drivers/fsl_lpsci_freertos.o
LPSCI_TransferStartRingBuffer                     ./drivers/fsl_lpsci.o