Archive member included to satisfy reference by file (symbol)

c:/nxp/mcuxpressoide_11.8.0_1165/ide/plugins/com.nxp.mcuxpresso.tools.win32_11.8.0.202306131047/tools/bin/../lib/gcc/arm-none-eabi/12.2.1/../../../../arm-none-eabi/lib/thumb/v6-m/nofp\libcr_nohost_nf.a(_cr__main.o)
                              ./startup/startup_mkl25z4.o (__main)
c:/nxp/mcuxpressoide_11.8.0_1165/ide/plugins/com.nxp.mcuxpresso.tools.win32_11.8.0.202306131047/tools/bin/../lib/gcc/arm-none-eabi/12.2.1/../../../../arm-none-eabi/lib/thumb/v6-m/nofp\libcr_c.a(memcpy.o)
                              ./freertos/queue.o (memcpy)
c:/nxp/mcuxpressoide_11.8.0_1165/ide/plugins/com.nxp.mcuxpresso.tools.win32_11.8.0.202306131047/tools/bin/../lib/gcc/arm-none-eabi/12.2.1/../../../../arm-none-eabi/lib/thumb/v6-m/nofp\libcr_c.a(memset.o)
                              ./freertos/tasks.o (memset)
c:/nxp/mcuxpressoide_11.8.0_1165/ide/plugins/com.nxp.mcuxpresso.tools.win32_11.8.0.202306131047/tools/bin/../lib/gcc/arm-none-eabi/12.2.1/../../../../arm-none-eabi/lib/thumb/v6-m/nofp\libcr_c.a(initio.o)
                              c:/nxp/mcuxpressoide_11.8.0_1165/ide/plugins/com.nxp.mcuxpresso.tools.win32_11.8.0.202306131047/tools/bin/../lib/gcc/arm-none-eabi/12.2.1/../../../../arm-none-eabi/lib/thumb/v6-m/nofp\libcr_nohost_nf.a(_cr__main.o) (_initio)
c:/nxp/mcuxpressoide_11.8.0_1165/ide/plugins/com.nxp.mcuxpresso.tools.win32_11.8.0.202306131047/tools/bin/../lib/gcc/arm-none-eabi/12.2.1/../../../../arm-none-eabi/lib/thumb/v6-m/nofp\libcr_c.a(setvbuf.o)
                              c:/nxp/mcuxpressoide_11.8.0_1165/ide/plugins/com.nxp.mcuxpresso.tools.win32_11.8.0.202306131047/tools/bin/../lib/gcc/arm-none-eabi/12.2.1/../../../../arm-none-eabi/lib/thumb/v6-m/nofp\libcr_c.a(initio.o) (setvbuf)
c:/nxp/mcuxpressoide_11.8.0_1165/ide/plugins/com.nxp.mcuxpresso.tools.win32_11.8.0.202306131047/tools/bin/../lib/gcc/arm-none-eabi/12.2.1/../../../../arm-none-eabi/lib/thumb/v6-m/nofp\libcr_c.a(strlen.o)
                              ./utilities/fsl_debug_console.o (strlen)
c:/nxp/mcuxpressoide_11.8.0_1165/ide/plugins/com.nxp.mcuxpresso.tools.win32_11.8.0.202306131047/tools/bin/../lib/gcc/arm-none-eabi/12.2.1/../../../../arm-none-eabi/lib/thumb/v6-m/nofp\libcr_c.a(_fdopen.o)
                              c:/nxp/mcuxpressoide_11.8.0_1165/ide/plugins/com.nxp.mcuxpresso.tools.win32_11.8.0.202306131047/tools/bin/../lib/gcc/arm-none-eabi/12.2.1/../../../../arm-none-eabi/lib/thumb/v6-m/nofp\libcr_c.a(initio.o) (_fdopen)
c:/nxp/mcuxpressoide_11.8.0_1165/ide/plugins/com.nxp.mcuxpresso.tools.win32_11.8.0.202306131047/tools/bin/../lib/gcc/arm-none-eabi/12.2.1/../../../../arm-none-eabi/lib/thumb/v6-m/nofp\libcr_c.a(fclose.o)
                              c:/nxp/mcuxpressoide_11.8.0_1165/ide/plugins/com.nxp.mcuxpresso.tools.win32_11.8.0.202306131047/tools/bin/../lib/gcc/arm-none-eabi/12.2.1/../../../../arm-none-eabi/lib/thumb/v6-m/nofp\libcr_c.a(initio.o) (fclose)
c:/nxp/mcuxpressoide_11.8.0_1165/ide/plugins/com.nxp.mcuxpresso.tools.win32_11.8.0.202306131047/tools/bin/../lib/gcc/arm-none-eabi/12.2.1/../../../../arm-none-eabi/lib/thumb/v6-m/nofp\libcr_c.a(fflush.o)
                              c:/nxp/mcuxpressoide_11.8.0_1165/ide/plugins/com.nxp.mcuxpresso.tools.win32_11.8.0.202306131047/tools/bin/../lib/gcc/arm-none-eabi/12.2.1/../../../../arm-none-eabi/lib/thumb/v6-m/nofp\libcr_c.a(fclose.o) (fflush)
c:/nxp/mcuxpressoide_11.8.0_1165/ide/plugins/com.nxp.mcuxpresso.tools.win32_11.8.0.202306131047/tools/bin/../lib/gcc/arm-none-eabi/12.2.1/../../../../arm-none-eabi/lib/thumb/v6-m/nofp\libcr_c.a(fseek.o)
                              c:/nxp/mcuxpressoide_11.8.0_1165/ide/plugins/com.nxp.mcuxpresso.tools.win32_11.8.0.202306131047/tools/bin/../lib/gcc/arm-none-eabi/12.2.1/../../../../arm-none-eabi/lib/thumb/v6-m/nofp\libcr_c.a(_fdopen.o) (fseek)
c:/nxp/mcuxpressoide_11.8.0_1165/ide/plugins/com.nxp.mcuxpresso.tools.win32_11.8.0.202306131047/tools/bin/../lib/gcc/arm-none-eabi/12.2.1/../../../../arm-none-eabi/lib/thumb/v6-m/nofp\libcr_c.a(ftell.o)
                              c:/nxp/mcuxpressoide_11.8.0_1165/ide/plugins/com.nxp.mcuxpresso.tools.win32_11.8.0.202306131047/tools/bin/../lib/gcc/arm-none-eabi/12.2.1/../../../../arm-none-eabi/lib/thumb/v6-m/nofp\libcr_c.a(fseek.o) (ftell)
c:/nxp/mcuxpressoide_11.8.0_1165/ide/plugins/com.nxp.mcuxpresso.tools.win32_11.8.0.202306131047/tools/bin/../lib/gcc/arm-none-eabi/12.2.1/../../../../arm-none-eabi/lib/thumb/v6-m/nofp\libcr_c.a(remove.o)
                              c:/nxp/mcuxpressoide_11.8.0_1165/ide/plugins/com.nxp.mcuxpresso.tools.win32_11.8.0.202306131047/tools/bin/../lib/gcc/arm-none-eabi/12.2.1/../../../../arm-none-eabi/lib/thumb/v6-m/nofp\libcr_c.a(fclose.o) (remove)
c:/nxp/mcuxpressoide_11.8.0_1165/ide/plugins/com.nxp.mcuxpresso.tools.win32_11.8.0.202306131047/tools/bin/../lib/gcc/arm-none-eabi/12.2.1/../../../../arm-none-eabi/lib/thumb/v6-m/nofp\libcr_c.a(_do_fflush.o)
[...]
Memory Configuration

Name             Origin             Length             Attributes
PROGRAM_FLASH    0x00000000         0x00020000         xr
SRAM             0x1ffff000         0x00004000         xrw
*default*        0x00000000         0xffffffff

Linker script and memory map

LOAD ./utilities/fsl_debug_console.o
LOAD ./startup/startup_mkl25z4.o
LOAD ./source/freertos_hello.o
LOAD ./source/semihost_hardfault.o
LOAD ./freertos/croutine.o
LOAD ./freertos/event_groups.o
LOAD ./freertos/fsl_tickless_lptmr.o
LOAD ./freertos/fsl_tickless_systick.o
LOAD ./freertos/heap_4.o
LOAD ./freertos/list.o
LOAD ./freertos/port.o
LOAD ./freertos/queue.o
LOAD ./freertos/tasks.o
LOAD ./freertos/timers.o
LOAD ./drivers/fsl_clock.o
LOAD ./drivers/fsl_common.o
LOAD ./drivers/fsl_flash.o
LOAD ./drivers/fsl_gpio.o
LOAD ./drivers/fsl_lpsci.o
LOAD ./drivers/fsl_lpsci_freertos.o
LOAD ./drivers/fsl_smc.o
LOAD ./drivers/fsl_uart.o
LOAD ./drivers/fsl_uart_freertos.o
LOAD ./board/board.o
LOAD ./board/clock_config.o
LOAD ./board/pin_mux.o
LOAD ./CMSIS/system_MKL25Z4.o
START GROUP
LOAD c:/nxp/mcuxpressoide_11.8.0_1165/ide/plugins/com.nxp.mcuxpresso.tools.win32_11.8.0.202306131047/tools/bin/../lib/gcc/arm-none-eabi/12.2.1/../../../../arm-none-eabi/lib/thumb/v6-m/nofp\libcr_nohost_nf.a
LOAD c:/nxp/mcuxpressoide_11.8.0_1165/ide/plugins/com.nxp.mcuxpresso.tools.win32_11.8.0.202306131047/tools/bin/../lib/gcc/arm-none-eabi/12.2.1/../../../../arm-none-eabi/lib/thumb/v6-m/nofp\libcr_c.a
LOAD c:/nxp/mcuxpressoide_11.8.0_1165/ide/plugins/com.nxp.mcuxpresso.tools.win32_11.8.0.202306131047/tools/bin/../lib/gcc/arm-none-eabi/12.2.1/thumb/v6-m/nofp\libcr_eabihelpers.a
LOAD c:/nxp/mcuxpressoide_11.8.0_1165/ide/plugins/com.nxp.mcuxpresso.tools.win32_11.8.0.202306131047/tools/bin/../lib/gcc/arm-none-eabi/12.2.1/thumb/v6-m/nofp\libgcc.a
END GROUP
                0x00000000                __base_PROGRAM_FLASH = 0x0
                0x00000000                __base_Flash = 0x0
                0x00020000                __top_PROGRAM_FLASH = 0x20000
                0x00020000                __top_Flash = 0x20000
                0x1ffff000                __base_SRAM = 0x1ffff000
                0x1ffff000                __base_RAM = 0x1ffff000
                0x20003000                __top_SRAM = 0x20003000
                0x20003000                __top_RAM = 0x20003000

.text           0x00000000     0x4e64
 FILL mask 0xff
                0x00000000                __vectors_start__ = ABSOLUTE (.)
 *(SORT_BY_ALIGNMENT(.isr_vector))
 .isr_vector    0x00000000       0xc0 ./startup/startup_mkl25z4.o
                0x00000000                g_pfnVectors
                0x00000000                __Vectors
                0x000000c0                . = ALIGN (0x4)
                0x000000c0                __section_table_start = .
                0x000000c0                __data_section_table = .
                0x000000c0        0x4 LONG 0x4e64 LOADADDR (.data)
                0x000000c4        0x4 LONG 0x1ffff000 ADDR (.data)
                0x000000c8        0x4 LONG 0x14 SIZEOF (.data)
                0x000000cc                __data_section_table_end = .
                0x000000cc                __bss_section_table = .
                0x000000cc        0x4 LONG 0x1ffff014 ADDR (.bss)
                0x000000d0        0x4 LONG 0x2a80 SIZEOF (.bss)
                0x000000d4                __bss_section_table_end = .
                0x000000d4                __section_table_end = .
 *(SORT_BY_ALIGNMENT(.after_vectors*))
 .after_vectors.reset
                0x000000d4       0x4c ./startup/startup_mkl25z4.o
                0x000000d4                ResetISR
 .after_vectors.init_data
                0x00000120       0x12 ./startup/startup_mkl25z4.o
                0x00000120                data_init
 .after_vectors.init_bss
                0x00000132       0x10 ./startup/startup_mkl25z4.o
                0x00000132                bss_init
 .after_vectors
                0x00000142      0x10c ./startup/startup_mkl25z4.o
                0x00000142                NMI_Handler
                0x0000014c                I2C0_DriverIRQHandler
                0x0000014c                DMA0_DriverIRQHandler
                0x0000014c                SPI1_DriverIRQHandler
                0x0000014c                LPTMR0_DriverIRQHandler
                0x0000014c                Reserved39_DriverIRQHandler
                0x0000014c                PIT_DriverIRQHandler
                0x0000014c                PORTD_DriverIRQHandler
                0x0000014c                DMA2_DriverIRQHandler
                0x0000014c                CMP0_DriverIRQHandler
                0x0000014c                TPM2_DriverIRQHandler
                0x0000014c                ADC0_DriverIRQHandler
                0x0000014c                SPI0_DriverIRQHandler
                0x0000014c                TSI0_DriverIRQHandler
                0x0000014c                RTC_Seconds_DriverIRQHandler
                0x0000014c                I2C1_DriverIRQHandler
                0x0000014c                DMA1_DriverIRQHandler
                0x0000014c                LLWU_DriverIRQHandler
                0x0000014c                MCG_DriverIRQHandler
                0x0000014c                RTC_DriverIRQHandler
                0x0000014c                TPM1_DriverIRQHandler
                0x0000014c                PORTA_DriverIRQHandler
                0x0000014c                FTFA_DriverIRQHandler
                0x0000014c                IntDefaultHandler
                0x0000014c                USB0_DriverIRQHandler
                0x0000014c                DAC0_DriverIRQHandler
                0x0000014c                Reserved45_DriverIRQHandler
                0x0000014c                LVD_LVW_DriverIRQHandler
                0x0000014c                TPM0_DriverIRQHandler
                0x0000014c                DMA3_DriverIRQHandler
                0x0000014c                Reserved20_DriverIRQHandler
                0x0000014e                DMA0_IRQHandler
                0x00000156                DMA1_IRQHandler
                0x0000015e                DMA2_IRQHandler
                0x00000166                DMA3_IRQHandler
                0x0000016e                Reserved20_IRQHandler
                0x00000176                FTFA_IRQHandler
                0x0000017e                LVD_LVW_IRQHandler
                0x00000186                LLWU_IRQHandler
                0x0000018e                I2C0_IRQHandler
                0x00000196                I2C1_IRQHandler
                0x0000019e                SPI0_IRQHandler
                0x000001a6                SPI1_IRQHandler
                0x000001ae                UART0_IRQHandler
                0x000001b6                UART1_IRQHandler
                0x000001be                UART2_IRQHandler
                0x000001c6                ADC0_IRQHandler
                0x000001ce                CMP0_IRQHandler
                0x000001d6                TPM0_IRQHandler
                0x000001de                TPM1_IRQHandler
                0x000001e6                TPM2_IRQHandler
                0x000001ee                RTC_IRQHandler
                0x000001f6                RTC_Seconds_IRQHandler
                0x000001fe                PIT_IRQHandler
                0x00000206                Reserved39_IRQHandler
                0x0000020e                USB0_IRQHandler
                0x00000216                DAC0_IRQHandler
                0x0000021e                TSI0_IRQHandler
                0x00000226                MCG_IRQHandler
                0x0000022e                LPTMR0_IRQHandler
                0x00000236                Reserved45_IRQHandler
                0x0000023e                PORTA_IRQHandler
                0x00000246                PORTD_IRQHandler
                0x00000400                . = 0x400
 *fill*         0x0000024e      0x1b2 ff
                0x00000400                PROVIDE (__FLASH_CONFIG_START__ = .)
 *(SORT_BY_ALIGNMENT(.FlashConfig))
 .FlashConfig   0x00000400       0x10 ./startup/startup_mkl25z4.o
                0x00000400                Flash_Config
                0x00000410                PROVIDE (__FLASH_CONFIG_END__ = .)
                0x00000001                ASSERT (! ((__FLASH_CONFIG_START__ == __FLASH_CONFIG_END__)), Linker Flash Config Support Enabled, but no .FlashConfig section provided within application)
 *(SORT_BY_ALIGNMENT(.text*))
 .text.vPortStartFirstTask
                0x00000410       0x38 ./freertos/port.o
 *fill*         0x00000448        0x8 ff
 .text.PendSV_Handler
                0x00000450       0x48 ./freertos/port.o
                0x00000450                PendSV_Handler
 .text.DbgConsole_Init
                0x00000498       0xf4 ./utilities/fsl_debug_console.o
                0x00000498                DbgConsole_Init
 .text.DbgConsole_Printf
                0x0000058c       0x44 ./utilities/fsl_debug_console.o
                0x0000058c                DbgConsole_Printf
 .text.DbgConsole_Putchar
                0x000005d0       0x34 ./utilities/fsl_debug_console.o
                0x000005d0                DbgConsole_Putchar
 .text.main     0x00000604       0x68 ./source/freertos_hello.o
                0x00000604                main
 .text.vTask1Function
                0x0000066c       0x44 ./source/freertos_hello.o
                0x0000066c                vTask1Function
 .text.vTask2Function
                0x000006b0       0x3c ./source/freertos_hello.o
                0x000006b0                vTask2Function
 .text.HardFault_Handler
                0x000006ec       0x38 ./source/semihost_hardfault.o
                0x000006ec                HardFault_Handler
 .text.prvSetupTimerInterrupt
                0x00000724       0x40 ./freertos/fsl_tickless_lptmr.o
                0x00000724                prvSetupTimerInterrupt
 .text.pvPortMalloc
                0x00000764      0x150 ./freertos/heap_4.o
                0x00000764                pvPortMalloc
 .text.vPortFree
                0x000008b4       0x94 ./freertos/heap_4.o
                0x000008b4                vPortFree
 .text.prvHeapInit
                0x00000948       0xc0 ./freertos/heap_4.o
 .text.prvInsertBlockIntoFreeList
                0x00000a08       0xb0 ./freertos/heap_4.o
 .text.pxPortInitialiseStack
                0x00000ab8       0x54 ./freertos/port.o
                0x00000ab8                pxPortInitialiseStack
 .text.prvTaskExitError
                0x00000b0c       0x1c ./freertos/port.o
 .text.xPortStartScheduler
                0x00000b28       0x44 ./freertos/port.o
                0x00000b28                xPortStartScheduler
 .text.vPortYield
                0x00000b6c       0x20 ./freertos/port.o
                0x00000b6c                vPortYield
 .text.vPortEnterCritical
                0x00000b8c       0x24 ./freertos/port.o
                0x00000b8c                vPortEnterCritical
 .text.vPortExitCritical
                0x00000bb0       0x30 ./freertos/port.o
                0x00000bb0                vPortExitCritical
 .text.SysTick_Handler
                0x00000be0       0x34 ./freertos/port.o
                0x00000be0                SysTick_Handler
 .text.vQueueAddToRegistry
                0x00000c14       0x50 ./freertos/queue.o
                0x00000c14                vQueueAddToRegistry
 .text.prvInitialiseNewTask
                0x00000c64      0x12c ./freertos/tasks.o
 .text.prvAddNewTaskToReadyList
                0x00000d90       0xd0 ./freertos/tasks.o
 .text.uxTaskPriorityGet
                0x00000e60       0x34 ./freertos/tasks.o
                0x00000e60                uxTaskPriorityGet
 .text.vTaskPrioritySet
                0x00000e94      0x124 ./freertos/tasks.o
                0x00000e94                vTaskPrioritySet
 .text.vTaskStartScheduler
                0x00000fb8       0x7c ./freertos/tasks.o
                0x00000fb8                vTaskStartScheduler
 .text.vTaskSuspendAll
                0x00001034       0x18 ./freertos/tasks.o
                0x00001034                vTaskSuspendAll
 .text.xTaskResumeAll
                0x0000104c      0x118 ./freertos/tasks.o
                0x0000104c                xTaskResumeAll
 .text.xTaskGetTickCount
                0x00001164       0x1c ./freertos/tasks.o
                0x00001164                xTaskGetTickCount
 .text.xTaskIncrementTick
                0x00001180      0x150 ./freertos/tasks.o
                0x00001180                xTaskIncrementTick
 .text.vTaskSwitchContext
                0x000012d0       0xa4 ./freertos/tasks.o
                0x000012d0                vTaskSwitchContext
 .text.vTaskPlaceOnEventList
                0x00001374       0x40 ./freertos/tasks.o
                0x00001374                vTaskPlaceOnEventList
 .text.vTaskPlaceOnEventListRestricted
                0x000013b4       0x50 ./freertos/tasks.o
                0x000013b4                vTaskPlaceOnEventListRestricted
 .text.xTaskRemoveFromEventList
                0x00001404       0xbc ./freertos/tasks.o
                0x00001404                xTaskRemoveFromEventList
 .text.vTaskSetTimeOutState
                0x000014c0       0x34 ./freertos/tasks.o
                0x000014c0                vTaskSetTimeOutState
 .text.xTaskCheckForTimeOut
                0x000014f4       0xa0 ./freertos/tasks.o
                0x000014f4                xTaskCheckForTimeOut
 .text.vTaskMissedYield
                0x00001594       0x14 ./freertos/tasks.o
                0x00001594                vTaskMissedYield
 .text.prvIdleTask
                0x000015a8       0x20 ./freertos/tasks.o
 .text.prvInitialiseTaskLists
                0x000015c8       0x88 ./freertos/tasks.o
 .text.prvCheckTasksWaitingTermination
                0x00001650       0x78 ./freertos/tasks.o
 .text.prvResetNextTaskUnblockTime
                0x000016c8       0x48 ./freertos/tasks.o
 .text.xTaskGetSchedulerState
                0x00001710       0x38 ./freertos/tasks.o
                0x00001710                xTaskGetSchedulerState
 .text.vTaskPriorityInherit
                0x00001748       0xbc ./freertos/tasks.o
                0x00001748                vTaskPriorityInherit
 .text.xTaskPriorityDisinherit
                0x00001804       0xbc ./freertos/tasks.o
                0x00001804                xTaskPriorityDisinherit
 .text.pvTaskIncrementMutexHeldCount
                0x000018c0       0x24 ./freertos/tasks.o
                0x000018c0                pvTaskIncrementMutexHeldCount
 .text.xTaskGenericNotify
                0x000018e4      0x11c ./freertos/tasks.o
                0x000018e4                xTaskGenericNotify
 .text.xTaskGenericNotifyFromISR
                0x00001a00      0x158 ./freertos/tasks.o
                0x00001a00                xTaskGenericNotifyFromISR
 .text.prvAddCurrentTaskToDelayedList
                0x00001b58       0xa8 ./freertos/tasks.o
 .text.xTimerCreateTimerTask
                0x00001c00       0x54 ./freertos/timers.o
                0x00001c00                xTimerCreateTimerTask
 .text.xTimerGenericCommand
                0x00001c54       0x98 ./freertos/timers.o
                0x00001c54                xTimerGenericCommand
 .text.prvProcessExpiredTimer
                0x00001cec       0x74 ./freertos/timers.o
 .text.prvProcessTimerOrBlockTask
                0x00001d60       0x8c ./freertos/timers.o
 .text.prvGetNextExpireTime
                0x00001dec       0x40 ./freertos/timers.o
 .text.prvSampleTimeNow
                0x00001e2c       0x40 ./freertos/timers.o
 .text.prvInsertTimerInActiveList
                0x00001e6c       0x84 ./freertos/timers.o
 .text.prvProcessReceivedCommands
                0x00001ef0      0x134 ./freertos/timers.o
 .text.prvSwitchTimerLists
                0x00002024       0xb8 ./freertos/timers.o
 .text.prvCheckForValidListAndQueue
                0x000020dc       0x74 ./freertos/timers.o
 .text.CLOCK_SetEr32kClock
                0x00002150       0x34 ./drivers/fsl_clock.o
 .text.CLOCK_SetPllFllSelClock
                0x00002184       0x38 ./drivers/fsl_clock.o
 .text.CLOCK_GetMcgExtClkFreq
                0x000021bc       0x28 ./drivers/fsl_clock.o
 .text.CLOCK_GetFllExtRefClkFreq
                0x000021e4       0xa8 ./drivers/fsl_clock.o
 .text.CLOCK_GetFllRefClkFreq
                0x0000228c       0x2c ./drivers/fsl_clock.o
 .text.CLOCK_GetOscRangeFromFreq
                0x000022b8       0x4c ./drivers/fsl_clock.o
 .text.CLOCK_GetPllFllSelClkFreq
                0x00002304       0x4c ./drivers/fsl_clock.o
                0x00002304                CLOCK_GetPllFllSelClkFreq
 .text.CLOCK_SetSimConfig
                0x00002350       0x38 ./drivers/fsl_clock.o
                0x00002350                CLOCK_SetSimConfig
 .text.CLOCK_GetFllFreq
                0x00002388       0x84 ./drivers/fsl_clock.o
                0x00002388                CLOCK_GetFllFreq
 .text.CLOCK_GetPll0Freq
                0x0000240c       0x70 ./drivers/fsl_clock.o
                0x0000240c                CLOCK_GetPll0Freq
 .text.CLOCK_SetInternalRefClkConfig
                0x0000247c      0x124 ./drivers/fsl_clock.o
                0x0000247c                CLOCK_SetInternalRefClkConfig
 .text.CLOCK_EnablePll0
                0x000025a0       0x94 ./drivers/fsl_clock.o
                0x000025a0                CLOCK_EnablePll0
 .text.CLOCK_InitOsc0
                0x00002634       0x94 ./drivers/fsl_clock.o
                0x00002634                CLOCK_InitOsc0
 .text.CLOCK_SetPbeMode
                0x000026c8       0xb0 ./drivers/fsl_clock.o
                0x000026c8                CLOCK_SetPbeMode
 .text.CLOCK_BootToPeeMode
                0x00002778       0x70 ./drivers/fsl_clock.o
                0x00002778                CLOCK_BootToPeeMode
 .text.__assertion_failed
                0x000027e8       0x1c ./drivers/fsl_common.o
                0x000027e8                __assertion_failed
 .text.GPIO_PinInit
                0x00002804       0x64 ./drivers/fsl_gpio.o
                0x00002804                GPIO_PinInit
 .text.CLOCK_EnableClock
                0x00002868       0x34 ./drivers/fsl_lpsci.o
 .text.LPSCI_GetInstance
                0x0000289c       0x48 ./drivers/fsl_lpsci.o
                0x0000289c                LPSCI_GetInstance
 .text.LPSCI_Init
                0x000028e4      0x258 ./drivers/fsl_lpsci.o
                0x000028e4                LPSCI_Init
 .text.LPSCI_GetDefaultConfig
                0x00002b3c       0x44 ./drivers/fsl_lpsci.o
                0x00002b3c                LPSCI_GetDefaultConfig
 .text.LPSCI_ClearStatusFlags
                0x00002b80       0x94 ./drivers/fsl_lpsci.o
                0x00002b80                LPSCI_ClearStatusFlags
 .text.LPSCI_WriteBlocking
                0x00002c14       0x4c ./drivers/fsl_lpsci.o
                0x00002c14                LPSCI_WriteBlocking
 .text.LPSCI_ReadBlocking
                0x00002c60       0xc0 ./drivers/fsl_lpsci.o
                0x00002c60                LPSCI_ReadBlocking
 .text.UART0_DriverIRQHandler
                0x00002d20       0x24 ./drivers/fsl_lpsci.o
                0x00002d20                UART0_DriverIRQHandler
 .text.CLOCK_EnableClock
                0x00002d44       0x34 ./drivers/fsl_uart.o
 .text.UART_GetInstance
                0x00002d78       0x54 ./drivers/fsl_uart.o
                0x00002d78                UART_GetInstance
 .text.UART_Init
                0x00002dcc      0x1e0 ./drivers/fsl_uart.o
                0x00002dcc                UART_Init
 .text.UART_GetDefaultConfig
                0x00002fac       0x44 ./drivers/fsl_uart.o
                0x00002fac                UART_GetDefaultConfig
 .text.UART_ReadBlocking
                0x00002ff0       0x98 ./drivers/fsl_uart.o
                0x00002ff0                UART_ReadBlocking
 .text.UART1_DriverIRQHandler
                0x00003088       0x24 ./drivers/fsl_uart.o
                0x00003088                UART1_DriverIRQHandler
 .text.UART2_DriverIRQHandler
                0x000030ac       0x24 ./drivers/fsl_uart.o
                0x000030ac                UART2_DriverIRQHandler
 .text.CLOCK_SetLpsci0Clock
                0x000030d0       0x38 ./board/board.o
 .text.BOARD_InitDebugConsole
                0x00003108       0x30 ./board/board.o
                0x00003108                BOARD_InitDebugConsole
 .text.CLOCK_SetSimSafeDivs
                0x00003138       0x20 ./board/clock_config.o
 .text.CLOCK_SetXtal0Freq
                0x00003158       0x1c ./board/clock_config.o
 .text.CLOCK_CONFIG_SetFllExtRefDiv
                0x00003174       0x3c ./board/clock_config.o
 .text.BOARD_BootClockRUN
                0x000031b0       0x64 ./board/clock_config.o
                0x000031b0                BOARD_BootClockRUN
 .text.CLOCK_EnableClock
                0x00003214       0x34 ./board/pin_mux.o
 .text.PORT_SetPinMux
                0x00003248       0x40 ./board/pin_mux.o
 .text.BOARD_InitPins
                0x00003288       0xa8 ./board/pin_mux.o
                0x00003288                BOARD_InitPins
 .text.SystemInit
                0x00003330       0x18 ./CMSIS/system_MKL25Z4.o
                0x00003330                SystemInit
 .text._initio  0x00003348       0x7c c:/nxp/mcuxpressoide_11.8.0_1165/ide/plugins/com.nxp.mcuxpresso.tools.win32_11.8.0.202306131047/tools/bin/../lib/gcc/arm-none-eabi/12.2.1/../../../../arm-none-eabi/lib/thumb/v6-m/nofp\libcr_c.a(initio.o)
                0x00003348                _initio
 .text.setvbuf  0x000033c4       0x4c c:/nxp/mcuxpressoide_11.8.0_1165/ide/plugins/com.nxp.mcuxpresso.tools.win32_11.8.0.202306131047/tools/bin/../lib/gcc/arm-none-eabi/12.2.1/../../../../arm-none-eabi/lib/thumb/v6-m/nofp\libcr_c.a(setvbuf.o)
                0x000033c4                setvbuf
 .text.strlen   0x00003410       0x5c c:/nxp/mcuxpressoide_11.8.0_1165/ide/plugins/com.nxp.mcuxpresso.tools.win32_11.8.0.202306131047/tools/bin/../lib/gcc/arm-none-eabi/12.2.1/../../../../arm-none-eabi/lib/thumb/v6-m/nofp\libcr_c.a(strlen.o)
                0x00003410                strlen
 .text._fdopen  0x0000346c       0x74 c:/nxp/mcuxpressoide_11.8.0_1165/ide/plugins/com.nxp.mcuxpresso.tools.win32_11.8.0.202306131047/tools/bin/../lib/gcc/arm-none-eabi/12.2.1/../../../../arm-none-eabi/lib/thumb/v6-m/nofp\libcr_c.a(_fdopen.o)
                0x0000346c                _fdopen
 .text.fclose   0x000034e0       0x5c c:/nxp/mcuxpressoide_11.8.0_1165/ide/plugins/com.nxp.mcuxpresso.tools.win32_11.8.0.202306131047/tools/bin/../lib/gcc/arm-none-eabi/12.2.1/../../../../arm-none-eabi/lib/thumb/v6-m/nofp\libcr_c.a(fclose.o)
                0x000034e0                fclose
 .text.fflush   0x0000353c       0x40 c:/nxp/mcuxpressoide_11.8.0_1165/ide/plugins/com.nxp.mcuxpresso.tools.win32_11.8.0.202306131047/tools/bin/../lib/gcc/arm-none-eabi/12.2.1/../../../../arm-none-eabi/lib/thumb/v6-m/nofp\libcr_c.a(fflush.o)
                0x0000353c                fflush
 .text.fseek    0x0000357c       0xec c:/nxp/mcuxpressoide_11.8.0_1165/ide/plugins/com.nxp.mcuxpresso.tools.win32_11.8.0.202306131047/tools/bin/../lib/gcc/arm-none-eabi/12.2.1/../../../../arm-none-eabi/lib/thumb/v6-m/nofp\libcr_c.a(fseek.o)
                0x0000357c                fseek
 .text.ftell    0x00003668       0x4c c:/nxp/mcuxpressoide_11.8.0_1165/ide/plugins/com.nxp.mcuxpresso.tools.win32_11.8.0.202306131047/tools/bin/../lib/gcc/arm-none-eabi/12.2.1/../../../../arm-none-eabi/lib/thumb/v6-m/nofp\libcr_c.a(ftell.o)
                0x00003668                ftell
 .text._do_fflush
                0x000036b4       0x48 c:/nxp/mcuxpressoide_11.8.0_1165/ide/plugins/com.nxp.mcuxpresso.tools.win32_11.8.0.202306131047/tools/bin/../lib/gcc/arm-none-eabi/12.2.1/../../../../arm-none-eabi/lib/thumb/v6-m/nofp\libcr_c.a(_do_fflush.o)
                0x000036b4                _do_fflush
 .text._fflush  0x000036fc       0x5c c:/nxp/mcuxpressoide_11.8.0_1165/ide/plugins/com.nxp.mcuxpresso.tools.win32_11.8.0.202306131047/tools/bin/../lib/gcc/arm-none-eabi/12.2.1/../../../../arm-none-eabi/lib/thumb/v6-m/nofp\libcr_c.a(_fflush.o)
                0x000036fc                _fflush
 .text._Cwritebuf
                0x00003758       0x68 c:/nxp/mcuxpressoide_11.8.0_1165/ide/plugins/com.nxp.mcuxpresso.tools.win32_11.8.0.202306131047/tools/bin/../lib/gcc/arm-none-eabi/12.2.1/../../../../arm-none-eabi/lib/thumb/v6-m/nofp\libcr_c.a(_writebuf.o)
                0x00003758                _Cwritebuf
 .text._deferredlazyseek
                0x000037c0       0x40 c:/nxp/mcuxpressoide_11.8.0_1165/ide/plugins/com.nxp.mcuxpresso.tools.win32_11.8.0.202306131047/tools/bin/../lib/gcc/arm-none-eabi/12.2.1/../../../../arm-none-eabi/lib/thumb/v6-m/nofp\libcr_c.a(_deferredlazyseek.o)
                0x000037c0                _deferredlazyseek
 .text.UART_EnableTx
                0x00003800       0x40 ./utilities/fsl_debug_console.o
 .text.UART_EnableRx
                0x00003840       0x40 ./utilities/fsl_debug_console.o
 .text.LPSCI_EnableTx
                0x00003880       0x40 ./utilities/fsl_debug_console.o
 .text.LPSCI_EnableRx
                0x000038c0       0x40 ./utilities/fsl_debug_console.o
 .text.DbgConsole_PrintfPaddingCharacter
                0x00003900       0x48 ./utilities/fsl_debug_console.o
 .text.DbgConsole_ConvertRadixNumToString
                0x00003948      0x114 ./utilities/fsl_debug_console.o
 .text.DbgConsole_PrintfFormattedData
                0x00003a5c      0x33a ./utilities/fsl_debug_console.o
 .text.vListInitialise
                0x00003d96       0x3c ./freertos/list.o
                0x00003d96                vListInitialise
 .text.vListInitialiseItem
                0x00003dd2       0x16 ./freertos/list.o
                0x00003dd2                vListInitialiseItem
 .text.vListInsertEnd
                0x00003de8       0x44 ./freertos/list.o
                0x00003de8                vListInsertEnd
 .text.vListInsert
                0x00003e2c       0x6c ./freertos/list.o
                0x00003e2c                vListInsert
 .text.uxListRemove
                0x00003e98       0x50 ./freertos/list.o
                0x00003e98                uxListRemove
 .text.SVC_Handler
                0x00003ee8        0xa ./freertos/port.o
                0x00003ee8                SVC_Handler
 .text.ulSetInterruptMaskFromISR
                0x00003ef2        0xc ./freertos/port.o
                0x00003ef2                ulSetInterruptMaskFromISR
 .text.vClearInterruptMaskFromISR
                0x00003efe        0x8 ./freertos/port.o
                0x00003efe                vClearInterruptMaskFromISR
 .text.xQueueGenericReset
                0x00003f06       0xaa ./freertos/queue.o
                0x00003f06                xQueueGenericReset
 .text.xQueueGenericCreate
                0x00003fb0       0x66 ./freertos/queue.o
                0x00003fb0                xQueueGenericCreate
 .text.prvInitialiseNewQueue
                0x00004016       0x4e ./freertos/queue.o
 .text.xQueueGenericSend
                0x00004064      0x190 ./freertos/queue.o
                0x00004064                xQueueGenericSend
 .text.xQueueGenericSendFromISR
                0x000041f4       0xe8 ./freertos/queue.o
                0x000041f4                xQueueGenericSendFromISR
 .text.xQueueGenericReceive
                0x000042dc      0x1ce ./freertos/queue.o
                0x000042dc                xQueueGenericReceive
 .text.prvCopyDataToQueue
                0x000044aa       0xd6 ./freertos/queue.o
 .text.prvCopyDataFromQueue
                0x00004580       0x4c ./freertos/queue.o
 .text.prvUnlockQueue
                0x000045cc       0xbc ./freertos/queue.o
 .text.prvIsQueueEmpty
                0x00004688       0x2c ./freertos/queue.o
 .text.prvIsQueueFull
                0x000046b4       0x30 ./freertos/queue.o
 .text.vQueueWaitForMessageRestricted
                0x000046e4       0x66 ./freertos/queue.o
                0x000046e4                vQueueWaitForMessageRestricted
 .text.xTaskCreate
                0x0000474a       0x90 ./freertos/tasks.o
                0x0000474a                xTaskCreate
 .text.prvDeleteTCB
                0x000047da       0x22 ./freertos/tasks.o
 .text.prvTimerTask
                0x000047fc       0x2a ./freertos/timers.o
 .text.OSC_SetExtRefClkConfig
                0x00004826       0x3e ./drivers/fsl_clock.o
 .text.OSC_SetCapLoad
                0x00004864       0x42 ./drivers/fsl_clock.o
 .text.CLOCK_GetPll0RefFreq
                0x000048a6       0x10 ./drivers/fsl_clock.o
 .text.CLOCK_SetExternalRefClkConfig
                0x000048b6       0x16 ./drivers/fsl_clock.o
                0x000048b6                CLOCK_SetExternalRefClkConfig
 .text.GPIO_WritePinOutput
                0x000048cc       0x34 ./drivers/fsl_gpio.o
 .text.LPSCI_GetStatusFlags
                0x00004900       0x26 ./drivers/fsl_lpsci.o
                0x00004900                LPSCI_GetStatusFlags
 .text.UART_GetStatusFlags
                0x00004926       0x26 ./drivers/fsl_uart.o
                0x00004926                UART_GetStatusFlags
 .text.UART_WriteBlocking
                0x0000494c       0x3c ./drivers/fsl_uart.o
                0x0000494c                UART_WriteBlocking
 .text.__main   0x00004988        0xc c:/nxp/mcuxpressoide_11.8.0_1165/ide/plugins/com.nxp.mcuxpresso.tools.win32_11.8.0.202306131047/tools/bin/../lib/gcc/arm-none-eabi/12.2.1/../../../../arm-none-eabi/lib/thumb/v6-m/nofp\libcr_nohost_nf.a(_cr__main.o)
                0x00004988                __main
 .text.memcpy   0x00004994        0x8 c:/nxp/mcuxpressoide_11.8.0_1165/ide/plugins/com.nxp.mcuxpresso.tools.win32_11.8.0.202306131047/tools/bin/../lib/gcc/arm-none-eabi/12.2.1/../../../../arm-none-eabi/lib/thumb/v6-m/nofp\libcr_c.a(memcpy.o)
                0x00004994                memcpy
 .text.memset   0x0000499c        0x8 c:/nxp/mcuxpressoide_11.8.0_1165/ide/plugins/com.nxp.mcuxpresso.tools.win32_11.8.0.202306131047/tools/bin/../lib/gcc/arm-none-eabi/12.2.1/../../../../arm-none-eabi/lib/thumb/v6-m/nofp\libcr_c.a(memset.o)
                0x0000499c                memset
 .text.remove   0x000049a4       0x12 c:/nxp/mcuxpressoide_11.8.0_1165/ide/plugins/com.nxp.mcuxpresso.tools.win32_11.8.0.202306131047/tools/bin/../lib/gcc/arm-none-eabi/12.2.1/../../../../arm-none-eabi/lib/thumb/v6-m/nofp\libcr_c.a(remove.o)
                0x000049a4                remove
 .text.free     0x000049b6       0x2c c:/nxp/mcuxpressoide_11.8.0_1165/ide/plugins/com.nxp.mcuxpresso.tools.win32_11.8.0.202306131047/tools/bin/../lib/gcc/arm-none-eabi/12.2.1/../../../../arm-none-eabi/lib/thumb/v6-m/nofp\libcr_c.a(alloc.o)
                0x000049b6                free
 .text.__aeabi_division_idivmod
                0x000049e2       0x78 c:/nxp/mcuxpressoide_11.8.0_1165/ide/plugins/com.nxp.mcuxpresso.tools.win32_11.8.0.202306131047/tools/bin/../lib/gcc/arm-none-eabi/12.2.1/thumb/v6-m/nofp\libcr_eabihelpers.a(division_32.o)
                0x000049e2                __aeabi_idivmod
                0x000049e2                __aeabi_idiv
                0x000049e8                __aeabi_uidivmod
                0x000049e8                __aeabi_uidiv
 .text.__aeabi_division_idiv0
                0x00004a5a        0x2 c:/nxp/mcuxpressoide_11.8.0_1165/ide/plugins/com.nxp.mcuxpresso.tools.win32_11.8.0.202306131047/tools/bin/../lib/gcc/arm-none-eabi/12.2.1/thumb/v6-m/nofp\libcr_eabihelpers.a(division_idiv0.o)
                0x00004a5a                __aeabi_idiv0
 .text.__aeabi_memcpy
                0x00004a5c       0x2c c:/nxp/mcuxpressoide_11.8.0_1165/ide/plugins/com.nxp.mcuxpresso.tools.win32_11.8.0.202306131047/tools/bin/../lib/gcc/arm-none-eabi/12.2.1/thumb/v6-m/nofp\libcr_eabihelpers.a(memcpy.o)
                0x00004a5c                __aeabi_memcpy4
                0x00004a5c                __aeabi_memcpy8
                0x00004a5c                __aeabi_memcpy
 .text.__aeabi_memset_lowlevel
                0x00004a88       0x2a c:/nxp/mcuxpressoide_11.8.0_1165/ide/plugins/com.nxp.mcuxpresso.tools.win32_11.8.0.202306131047/tools/bin/../lib/gcc/arm-none-eabi/12.2.1/thumb/v6-m/nofp\libcr_eabihelpers.a(memcpy.o)
                0x00004a88                __aeabi_lowlevel_memset
 .text.__sys_close
                0x00004ab2        0x6 c:/nxp/mcuxpressoide_11.8.0_1165/ide/plugins/com.nxp.mcuxpresso.tools.win32_11.8.0.202306131047/tools/bin/../lib/gcc/arm-none-eabi/12.2.1/../../../../arm-none-eabi/lib/thumb/v6-m/nofp\libcr_nohost_nf.a(__sys_close.o)
                0x00004ab2                __sys_close
 .text.__sys_flen
                0x00004ab8        0x6 c:/nxp/mcuxpressoide_11.8.0_1165/ide/plugins/com.nxp.mcuxpresso.tools.win32_11.8.0.202306131047/tools/bin/../lib/gcc/arm-none-eabi/12.2.1/../../../../arm-none-eabi/lib/thumb/v6-m/nofp\libcr_nohost_nf.a(__sys_flen.o)
                0x00004ab8                __sys_flen
 .text.__sys_istty
                0x00004abe        0x6 c:/nxp/mcuxpressoide_11.8.0_1165/ide/plugins/com.nxp.mcuxpresso.tools.win32_11.8.0.202306131047/tools/bin/../lib/gcc/arm-none-eabi/12.2.1/../../../../arm-none-eabi/lib/thumb/v6-m/nofp\libcr_nohost_nf.a(__sys_istty.o)
                0x00004abe                __sys_istty
 .text.__sys_remove
                0x00004ac4        0x6 c:/nxp/mcuxpressoide_11.8.0_1165/ide/plugins/com.nxp.mcuxpresso.tools.win32_11.8.0.202306131047/tools/bin/../lib/gcc/arm-none-eabi/12.2.1/../../../../arm-none-eabi/lib/thumb/v6-m/nofp\libcr_nohost_nf.a(__sys_remove.o)
                0x00004ac4                __sys_remove
 .text.__sys_seek
                0x00004aca        0x6 c:/nxp/mcuxpressoide_11.8.0_1165/ide/plugins/com.nxp.mcuxpresso.tools.win32_11.8.0.202306131047/tools/bin/../lib/gcc/arm-none-eabi/12.2.1/../../../../arm-none-eabi/lib/thumb/v6-m/nofp\libcr_nohost_nf.a(__sys_seek.o)
                0x00004aca                __sys_seek
 .text.__sys_tmpnam
                0x00004ad0        0x6 c:/nxp/mcuxpressoide_11.8.0_1165/ide/plugins/com.nxp.mcuxpresso.tools.win32_11.8.0.202306131047/tools/bin/../lib/gcc/arm-none-eabi/12.2.1/../../../../arm-none-eabi/lib/thumb/v6-m/nofp\libcr_nohost_nf.a(__sys_tmpnam.o)
                0x00004ad0                __sys_tmpnam
 .text.__sys_write
                0x00004ad6        0x4 c:/nxp/mcuxpressoide_11.8.0_1165/ide/plugins/com.nxp.mcuxpresso.tools.win32_11.8.0.202306131047/tools/bin/../lib/gcc/arm-none-eabi/12.2.1/../../../../arm-none-eabi/lib/thumb/v6-m/nofp\libcr_nohost_nf.a(__sys_write.o)
                0x00004ad6                __sys_write
 *freertos*/tasks.o(SORT_BY_ALIGNMENT(.rodata*))
 *fill*         0x00004ada        0x2 ff
 .rodata.vTaskStartScheduler.str1.4
                0x00004adc        0x5 ./freertos/tasks.o
 *fill*         0x00004ae1        0x3 ff
 .rodata.xTaskGenericNotify
                0x00004ae4       0x14 ./freertos/tasks.o
 .rodata.xTaskGenericNotifyFromISR
                0x00004af8       0x14 ./freertos/tasks.o
 .rodata        0x00004b0c       0x10 ./freertos/tasks.o
                0x00004b0c                FreeRTOSDebugConfig
 *(SORT_BY_ALIGNMENT(.rodata) SORT_BY_ALIGNMENT(.rodata.*) SORT_BY_ALIGNMENT(.constdata) SORT_BY_ALIGNMENT(.constdata.*))
 .rodata.str1.4
                0x00004b1c       0x29 ./source/freertos_hello.o
 *fill*         0x00004b45        0x3 ff
 .rodata.main.str1.4
                0x00004b48        0xf ./source/freertos_hello.o
 *fill*         0x00004b57        0x1 ff
 .rodata.vTask1Function.str1.4
                0x00004b58       0x38 ./source/freertos_hello.o
 .rodata.vTask2Function.str1.4
                0x00004b90       0x38 ./source/freertos_hello.o
 .rodata.xTimerCreateTimerTask.str1.4
                0x00004bc8        0x8 ./freertos/timers.o
 .rodata.prvProcessReceivedCommands
                0x00004bd0       0x28 ./freertos/timers.o
 .rodata.prvCheckForValidListAndQueue.str1.4
                0x00004bf8        0x5 ./freertos/timers.o
 *fill*         0x00004bfd        0x3 ff
 .rodata.CLOCK_GetMcgExtClkFreq.str1.4
                0x00004c00       0x1e ./drivers/fsl_clock.o
 *fill*         0x00004c1e        0x2 ff
 .rodata.CLOCK_GetPll0Freq.str1.4
                0x00004c20       0x1d ./drivers/fsl_clock.o
 *fill*         0x00004c3d        0x3 ff
 .rodata.CLOCK_EnablePll0.str1.4
                0x00004c40       0x19 ./drivers/fsl_clock.o
 *fill*         0x00004c59        0x3 ff
 .rodata.CLOCK_SetPbeMode.str1.4
                0x00004c5c       0x1a ./drivers/fsl_clock.o
 *fill*         0x00004c76        0x2 ff
 .rodata.CLOCK_BootToPeeMode.str1.4
                0x00004c78       0x1a ./drivers/fsl_clock.o
 *fill*         0x00004c92        0x2 ff
 .rodata.fllFactorTable.1
                0x00004c94       0x10 ./drivers/fsl_clock.o
 .rodata.__assertion_failed.str1.4
                0x00004ca4        0x4 ./drivers/fsl_common.o
 .rodata.GPIO_PinInit.str1.4
                0x00004ca8       0x17 ./drivers/fsl_gpio.o
 *fill*         0x00004cbf        0x1 ff
 .rodata.LPSCI_GetInstance.str1.4
                0x00004cc0       0x36 ./drivers/fsl_lpsci.o
 *fill*         0x00004cf6        0x2 ff
 .rodata.LPSCI_Init.str1.4
                0x00004cf8       0x43 ./drivers/fsl_lpsci.o
 *fill*         0x00004d3b        0x1 ff
 .rodata.LPSCI_GetDefaultConfig.str1.4
                0x00004d3c       0x19 ./drivers/fsl_lpsci.o
 *fill*         0x00004d55        0x3 ff
 .rodata.LPSCI_WriteBlocking.str1.4
                0x00004d58       0x17 ./drivers/fsl_lpsci.o
 *fill*         0x00004d6f        0x1 ff
 .rodata.LPSCI_ReadBlocking.str1.4
                0x00004d70       0x17 ./drivers/fsl_lpsci.o
 *fill*         0x00004d87        0x1 ff
 .rodata.s_uartBases
                0x00004d88        0xc ./drivers/fsl_uart.o
 .rodata.s_uartClock
                0x00004d94        0xc ./drivers/fsl_uart.o
 .rodata.UART_GetInstance.str1.4
                0x00004da0       0x2b ./drivers/fsl_uart.o
 *fill*         0x00004dcb        0x1 ff
 .rodata.UART_Init.str1.4
                0x00004dcc       0x3e ./drivers/fsl_uart.o
 *fill*         0x00004e0a        0x2 ff
 .rodata.UART_GetDefaultConfig.str1.4
                0x00004e0c       0x18 ./drivers/fsl_uart.o
 .rodata.UART_ReadBlocking.str1.4
                0x00004e24       0x16 ./drivers/fsl_uart.o
 *fill*         0x00004e3a        0x2 ff
 .rodata.mcgConfig_BOARD_BootClockRUN
                0x00004e3c        0xa ./board/clock_config.o
                0x00004e3c                mcgConfig_BOARD_BootClockRUN
 *fill*         0x00004e46        0x2 ff
 .rodata.simConfig_BOARD_BootClockRUN
                0x00004e48        0x8 ./board/clock_config.o
                0x00004e48                simConfig_BOARD_BootClockRUN
 .rodata.oscConfig_BOARD_BootClockRUN
                0x00004e50        0x8 ./board/clock_config.o
                0x00004e50                oscConfig_BOARD_BootClockRUN
 .rodata        0x00004e58        0x2 ./board/pin_mux.o
 *fill*         0x00004e5a        0x2 ff
 .rodata.__num_Ciob_streams
                0x00004e5c        0x4 c:/nxp/mcuxpressoide_11.8.0_1165/ide/plugins/com.nxp.mcuxpresso.tools.win32_11.8.0.202306131047/tools/bin/../lib/gcc/arm-none-eabi/12.2.1/../../../../arm-none-eabi/lib/thumb/v6-m/nofp\libcr_nohost_nf.a(__ciob.o)
                0x00004e5c                __num_Ciob_streams
 .rodata._initio.str1.1
                0x00004e60        0x4 c:/nxp/mcuxpressoide_11.8.0_1165/ide/plugins/com.nxp.mcuxpresso.tools.win32_11.8.0.202306131047/tools/bin/../lib/gcc/arm-none-eabi/12.2.1/../../../../arm-none-eabi/lib/thumb/v6-m/nofp\libcr_c.a(initio.o)
                0x00004e64                . = ALIGN (0x4)

.glue_7         0x00004e64        0x0
 .glue_7        0x00004e64        0x0 linker stubs

.glue_7t        0x00004e64        0x0
 .glue_7t       0x00004e64        0x0 linker stubs

.vfp11_veneer   0x00004e64        0x0
 .vfp11_veneer  0x00004e64        0x0 linker stubs

.v4_bx          0x00004e64        0x0
 .v4_bx         0x00004e64        0x0 linker stubs

.iplt           0x00004e64        0x0
 .iplt          0x00004e64        0x0 ./utilities/fsl_debug_console.o

.rel.dyn        0x00004e64        0x0
 .rel.iplt      0x00004e64        0x0 ./utilities/fsl_debug_console.o

.ARM.extab
 *(SORT_BY_ALIGNMENT(.ARM.extab*) SORT_BY_ALIGNMENT(.gnu.linkonce.armextab.*))

.ARM.exidx      0x00004e64        0x0
                0x00004e64                __exidx_start = .
 *(SORT_BY_ALIGNMENT(.ARM.exidx*) SORT_BY_ALIGNMENT(.gnu.linkonce.armexidx.*))
                0x00004e64                __exidx_end = .
                0x00004e64                _etext = .

.m_usb_data
 *(SORT_BY_ALIGNMENT(m_usb_bdt))

.mtb_buffer_default
 *(SORT_BY_ALIGNMENT(.mtb*))

.uninit_RESERVED
                0x1ffff000        0x0
                0x1ffff000                _start_uninit_RESERVED = .
 *(SORT_BY_ALIGNMENT(.bss.$RESERVED*))
                0x1ffff000                . = ALIGN (0x4)
                0x1ffff000                _end_uninit_RESERVED = .

.data           0x1ffff000       0x14 load address 0x00004e64
 FILL mask 0xff
                0x1ffff000                _data = .
                [!provide]                PROVIDE (__start_data_RAM = .)
                [!provide]                PROVIDE (__start_data_SRAM = .)
 *(SORT_BY_ALIGNMENT(vtable))
 *(SORT_BY_ALIGNMENT(.ramfunc*))
 *(SORT_BY_ALIGNMENT(CodeQuickAccess))
 *(SORT_BY_ALIGNMENT(DataQuickAccess))
 *(SORT_BY_ALIGNMENT(RamFunction))
 *(SORT_BY_ALIGNMENT(.data*))
 .data.pcTextForTask1
                0x1ffff000        0x4 ./source/freertos_hello.o
 .data.pcTextForTask2
                0x1ffff004        0x4 ./source/freertos_hello.o
 .data.uxCriticalNesting
                0x1ffff008        0x4 ./freertos/port.o
 .data.s_slowIrcFreq
                0x1ffff00c        0x4 ./drivers/fsl_clock.o
 .data.SystemCoreClock
                0x1ffff010        0x4 ./CMSIS/system_MKL25Z4.o
                0x1ffff010                SystemCoreClock
                0x1ffff014                . = ALIGN (0x4)
                0x1ffff014                _edata = .
                [!provide]                PROVIDE (__end_data_RAM = .)
                [!provide]                PROVIDE (__end_data_SRAM = .)

.igot.plt       0x1ffff014        0x0 load address 0x00004e78
 .igot.plt      0x1ffff014        0x0 ./utilities/fsl_debug_console.o

.bss            0x1ffff014     0x2a80
                0x1ffff014                _bss = .
                [!provide]                PROVIDE (__start_bss_RAM = .)
                [!provide]                PROVIDE (__start_bss_SRAM = .)
 *(SORT_BY_ALIGNMENT(.bss*))
 .bss.s_debugConsole
                0x1ffff014       0x10 ./utilities/fsl_debug_console.o
 .bss.xTask2Handle
                0x1ffff024        0x4 ./source/freertos_hello.o
                0x1ffff024                xTask2Handle
 .bss.ucHeap    0x1ffff028     0x2800 ./freertos/heap_4.o
 .bss.xStart    0x20001828        0x8 ./freertos/heap_4.o
 .bss.pxEnd     0x20001830        0x4 ./freertos/heap_4.o
 .bss.xFreeBytesRemaining
                0x20001834        0x4 ./freertos/heap_4.o
 .bss.xMinimumEverFreeBytesRemaining
                0x20001838        0x4 ./freertos/heap_4.o
 .bss.xBlockAllocatedBit
                0x2000183c        0x4 ./freertos/heap_4.o
 .bss.xQueueRegistry
                0x20001840       0x40 ./freertos/queue.o
                0x20001840                xQueueRegistry
 .bss.pxCurrentTCB
                0x20001880        0x4 ./freertos/tasks.o
                0x20001880                pxCurrentTCB
 .bss.pxReadyTasksLists
                0x20001884       0x64 ./freertos/tasks.o
 .bss.xDelayedTaskList1
                0x200018e8       0x14 ./freertos/tasks.o
 .bss.xDelayedTaskList2
                0x200018fc       0x14 ./freertos/tasks.o
 .bss.pxDelayedTaskList
                0x20001910        0x4 ./freertos/tasks.o
 .bss.pxOverflowDelayedTaskList
                0x20001914        0x4 ./freertos/tasks.o
 .bss.xPendingReadyList
                0x20001918       0x14 ./freertos/tasks.o
 .bss.xTasksWaitingTermination
                0x2000192c       0x14 ./freertos/tasks.o
 .bss.uxDeletedTasksWaitingCleanUp
                0x20001940        0x4 ./freertos/tasks.o
 .bss.xSuspendedTaskList
                0x20001944       0x14 ./freertos/tasks.o
 .bss.uxCurrentNumberOfTasks
                0x20001958        0x4 ./freertos/tasks.o
 .bss.xTickCount
                0x2000195c        0x4 ./freertos/tasks.o
 .bss.uxTopReadyPriority
                0x20001960        0x4 ./freertos/tasks.o
 .bss.xSchedulerRunning
                0x20001964        0x4 ./freertos/tasks.o
 .bss.uxPendedTicks
                0x20001968        0x4 ./freertos/tasks.o
 .bss.xYieldPending
                0x2000196c        0x4 ./freertos/tasks.o
 .bss.xNumOfOverflows
                0x20001970        0x4 ./freertos/tasks.o
 .bss.uxTaskNumber
                0x20001974        0x4 ./freertos/tasks.o
 .bss.xNextTaskUnblockTime
                0x20001978        0x4 ./freertos/tasks.o
 .bss.xIdleTaskHandle
                0x2000197c        0x4 ./freertos/tasks.o
 .bss.uxSchedulerSuspended
                0x20001980        0x4 ./freertos/tasks.o
 .bss.xActiveTimerList1
                0x20001984       0x14 ./freertos/timers.o
 .bss.xActiveTimerList2
                0x20001998       0x14 ./freertos/timers.o
 .bss.pxCurrentTimerList
                0x200019ac        0x4 ./freertos/timers.o
 .bss.pxOverflowTimerList
                0x200019b0        0x4 ./freertos/timers.o
 .bss.xTimerQueue
                0x200019b4        0x4 ./freertos/timers.o
 .bss.xTimerTaskHandle
                0x200019b8        0x4 ./freertos/timers.o
 .bss.xLastTime.0
                0x200019bc        0x4 ./freertos/timers.o
 .bss.g_xtal0Freq
                0x200019c0        0x4 ./drivers/fsl_clock.o
                0x200019c0                g_xtal0Freq
 .bss.s_lpsciHandle
                0x200019c4        0x4 ./drivers/fsl_lpsci.o
 .bss.s_lpsciIsr
                0x200019c8        0x4 ./drivers/fsl_lpsci.o
 .bss.s_uartHandle
                0x200019cc        0xc ./drivers/fsl_uart.o
 .bss.s_uartIsr
                0x200019d8        0x4 ./drivers/fsl_uart.o
 .bss.errno     0x200019dc        0x4 c:/nxp/mcuxpressoide_11.8.0_1165/ide/plugins/com.nxp.mcuxpresso.tools.win32_11.8.0.202306131047/tools/bin/../lib/gcc/arm-none-eabi/12.2.1/../../../../arm-none-eabi/lib/thumb/v6-m/nofp\libcr_c.a(errno.o)
                0x200019dc                errno
 .bss.__Ciob    0x200019e0       0xb4 c:/nxp/mcuxpressoide_11.8.0_1165/ide/plugins/com.nxp.mcuxpresso.tools.win32_11.8.0.202306131047/tools/bin/../lib/gcc/arm-none-eabi/12.2.1/../../../../arm-none-eabi/lib/thumb/v6-m/nofp\libcr_nohost_nf.a(__ciob.o)
                0x200019e0                __Ciob
 *(SORT_BY_ALIGNMENT(COMMON))
                0x20001a94                . = ALIGN (0x4)
                0x20001a94                _ebss = .
                [!provide]                PROVIDE (__end_bss_RAM = .)
                [!provide]                PROVIDE (__end_bss_SRAM = .)
                [!provide]                PROVIDE (end = .)

.noinit         0x20001a94        0x0
                0x20001a94                _noinit = .
                [!provide]                PROVIDE (__start_noinit_RAM = .)
                [!provide]                PROVIDE (__start_noinit_SRAM = .)
 *(SORT_BY_ALIGNMENT(.noinit*))
                0x20001a94                . = ALIGN (0x4)
                0x20001a94                _end_noinit = .
                [!provide]                PROVIDE (__end_noinit_RAM = .)
                [!provide]                PROVIDE (__end_noinit_SRAM = .)
                0x00000400                _HeapSize = 0x400

.heap           0x20001a94      0x400
                0x20001a94                _pvHeapStart = .
                0x20001e94                . = (. + _HeapSize)
 *fill*         0x20001a94      0x400 
                0x20001e94                . = ALIGN (0x4)
                0x20001e94                _pvHeapLimit = .
                0x00000400                _StackSize = 0x400

.heap2stackfill
                0x20001e94      0x400
                0x20002294                . = (. + _StackSize)
 *fill*         0x20001e94      0x400 

.stack          0x20002c00        0x0
                0x20002c00                _vStackBase = .
                0x20002c00                . = ALIGN (0x4)
                0x20003000                _vStackTop = (. + _StackSize)
                0x00000000                _image_start = LOADADDR (.text)
                0x00004e78                _image_end = (LOADADDR (.data) + SIZEOF (.data))
                0x00004e78                _image_size = (_image_end - _image_start)
OUTPUT(frdmkl25z_Chapter1_rtos_examples_freertos_hello_Example8.axf elf32-littlearm)
LOAD linker stubs

.debug_info     0x00000000     0xb8de
 .debug_info    0x00000000      0xea3 ./utilities/fsl_debug_console.o
 .debug_info    0x00000ea3      0x636 ./startup/startup_mkl25z4.o
 .debug_info    0x000014d9      0x3a5 ./source/freertos_hello.o
 .debug_info    0x0000187e       0x39 ./source/semihost_hardfault.o
 .debug_info    0x000018b7       0xb1 ./freertos/fsl_tickless_lptmr.o
 .debug_info    0x00001968      0x2f9 ./freertos/heap_4.o
 .debug_info    0x00001c61      0x28e ./freertos/list.o
 .debug_info    0x00001eef      0x234 ./freertos/port.o
 .debug_info    0x00002123      0xfc7 ./freertos/queue.o
 .debug_info    0x000030ea     0x18c4 ./freertos/tasks.o
 .debug_info    0x000049ae      0xceb ./freertos/timers.o
 .debug_info    0x00005699     0x19b0 ./drivers/fsl_clock.o
 .debug_info    0x00007049      0x3e3 ./drivers/fsl_common.o
 .debug_info    0x0000742c      0x4ff ./drivers/fsl_gpio.o
 .debug_info    0x0000792b     0x13b2 ./drivers/fsl_lpsci.o
 .debug_info    0x00008cdd     0x1352 ./drivers/fsl_uart.o
 .debug_info    0x0000a02f      0x3a4 ./board/board.o
 .debug_info    0x0000a3d3      0xb32 ./board/clock_config.o
 .debug_info    0x0000af05      0x61d ./board/pin_mux.o
 .debug_info    0x0000b522      0x3bc ./CMSIS/system_MKL25Z4.o

.debug_abbrev   0x00000000     0x27ba
 .debug_abbrev  0x00000000      0x30c ./utilities/fsl_debug_console.o
 .debug_abbrev  0x0000030c      0x17d ./startup/startup_mkl25z4.o
 .debug_abbrev  0x00000489      0x161 ./source/freertos_hello.o
 .debug_abbrev  0x000005ea       0x2d ./source/semihost_hardfault.o
 .debug_abbrev  0x00000617       0x65 ./freertos/fsl_tickless_lptmr.o
 .debug_abbrev  0x0000067c      0x19f ./freertos/heap_4.o
 .debug_abbrev  0x0000081b       0xec ./freertos/list.o
 .debug_abbrev  0x00000907      0x19c ./freertos/port.o
 .debug_abbrev  0x00000aa3      0x2a4 ./freertos/queue.o
 .debug_abbrev  0x00000d47      0x352 ./freertos/tasks.o
 .debug_abbrev  0x00001099      0x285 ./freertos/timers.o
 .debug_abbrev  0x0000131e      0x383 ./drivers/fsl_clock.o
 .debug_abbrev  0x000016a1      0x283 ./drivers/fsl_common.o
 .debug_abbrev  0x00001924      0x1aa ./drivers/fsl_gpio.o
 .debug_abbrev  0x00001ace      0x312 ./drivers/fsl_lpsci.o
 .debug_abbrev  0x00001de0      0x32e ./drivers/fsl_uart.o
 .debug_abbrev  0x0000210e      0x14f ./board/board.o
 .debug_abbrev  0x0000225d      0x22f ./board/clock_config.o
 .debug_abbrev  0x0000248c      0x1fc ./board/pin_mux.o
 .debug_abbrev  0x00002688      0x132 ./CMSIS/system_MKL25Z4.o

.debug_aranges  0x00000000      0xcb0
 .debug_aranges
                0x00000000       0x90 ./utilities/fsl_debug_console.o
 .debug_aranges
                0x00000090      0x160 ./startup/startup_mkl25z4.o
 .debug_aranges
                0x000001f0       0x30 ./source/freertos_hello.o
 .debug_aranges
                0x00000220       0x20 ./source/semihost_hardfault.o
 .debug_aranges
                0x00000240       0x20 ./freertos/fsl_tickless_lptmr.o
 .debug_aranges
                0x00000260       0x50 ./freertos/heap_4.o
 .debug_aranges
                0x000002b0       0x40 ./freertos/list.o
 .debug_aranges
                0x000002f0       0x80 ./freertos/port.o
 .debug_aranges
                0x00000370      0x118 ./freertos/queue.o
 .debug_aranges
                0x00000488      0x1e8 ./freertos/tasks.o
 .debug_aranges
                0x00000670       0xc8 ./freertos/timers.o
 .debug_aranges
                0x00000738      0x1d8 ./drivers/fsl_clock.o
 .debug_aranges
                0x00000910       0x38 ./drivers/fsl_common.o
 .debug_aranges
                0x00000948       0x40 ./drivers/fsl_gpio.o
 .debug_aranges
                0x00000988      0x118 ./drivers/fsl_lpsci.o
 .debug_aranges
                0x00000aa0      0x130 ./drivers/fsl_uart.o
 .debug_aranges
                0x00000bd0       0x28 ./board/board.o
 .debug_aranges
                0x00000bf8       0x58 ./board/clock_config.o
 .debug_aranges
                0x00000c50       0x38 ./board/pin_mux.o
 .debug_aranges
                0x00000c88       0x28 ./CMSIS/system_MKL25Z4.o

.debug_rnglists
                0x00000000      0x97a
 .debug_rnglists
                0x00000000       0x6d ./utilities/fsl_debug_console.o
 .debug_rnglists
                0x0000006d      0x103 ./startup/startup_mkl25z4.o
 .debug_rnglists
                0x00000170       0x1f ./source/freertos_hello.o
 .debug_rnglists
                0x0000018f       0x13 ./source/semihost_hardfault.o
 .debug_rnglists
                0x000001a2       0x13 ./freertos/fsl_tickless_lptmr.o
 .debug_rnglists
                0x000001b5       0x3b ./freertos/heap_4.o
 .debug_rnglists
                0x000001f0       0x2b ./freertos/list.o
 .debug_rnglists
                0x0000021b       0x5b ./freertos/port.o
 .debug_rnglists
                0x00000276       0xd6 ./freertos/queue.o
 .debug_rnglists
                0x0000034c      0x185 ./freertos/tasks.o
 .debug_rnglists
                0x000004d1       0x96 ./freertos/timers.o
 .debug_rnglists
                0x00000567      0x16f ./drivers/fsl_clock.o
 .debug_rnglists
                0x000006d6       0x26 ./drivers/fsl_common.o
 .debug_rnglists
                0x000006fc       0x2b ./drivers/fsl_gpio.o
 .debug_rnglists
                0x00000727       0xd6 ./drivers/fsl_lpsci.o
 .debug_rnglists
                0x000007fd       0xe7 ./drivers/fsl_uart.o
 .debug_rnglists
                0x000008e4       0x19 ./board/board.o
 .debug_rnglists
                0x000008fd       0x3d ./board/clock_config.o
 .debug_rnglists
                0x0000093a       0x26 ./board/pin_mux.o
 .debug_rnglists
                0x00000960       0x1a ./CMSIS/system_MKL25Z4.o

.debug_line     0x00000000     0x7f7c
 .debug_line    0x00000000      0xbf8 ./utilities/fsl_debug_console.o
 .debug_line    0x00000bf8      0x310 ./startup/startup_mkl25z4.o
 .debug_line    0x00000f08      0x3a6 ./source/freertos_hello.o
 .debug_line    0x000012ae       0x59 ./source/semihost_hardfault.o
 .debug_line    0x00001307      0x100 ./freertos/fsl_tickless_lptmr.o
 .debug_line    0x00001407      0x3e2 ./freertos/heap_4.o
 .debug_line    0x000017e9      0x1e6 ./freertos/list.o
 .debug_line    0x000019cf      0x2ad ./freertos/port.o
 .debug_line    0x00001c7c      0xbf7 ./freertos/queue.o
 .debug_line    0x00002873     0x14c1 ./freertos/tasks.o
 .debug_line    0x00003d34      0x6a1 ./freertos/timers.o
 .debug_line    0x000043d5     0x120c ./drivers/fsl_clock.o
 .debug_line    0x000055e1      0x2fc ./drivers/fsl_common.o
 .debug_line    0x000058dd      0x25c ./drivers/fsl_gpio.o
 .debug_line    0x00005b39      0xcfb ./drivers/fsl_lpsci.o
 .debug_line    0x00006834      0xcd7 ./drivers/fsl_uart.o
 .debug_line    0x0000750b      0x2b5 ./board/board.o
 .debug_line    0x000077c0      0x325 ./board/clock_config.o
 .debug_line    0x00007ae5      0x287 ./board/pin_mux.o
 .debug_line    0x00007d6c      0x210 ./CMSIS/system_MKL25Z4.o

.debug_str      0x00000000     0x5794
 .debug_str     0x00000000      0xd48 ./utilities/fsl_debug_console.o
                                0xdc7 (size before relaxing)
 .debug_str     0x00000d48      0x39d ./startup/startup_mkl25z4.o
                                0x503 (size before relaxing)
 .debug_str     0x000010e5      0x123 ./source/freertos_hello.o
                                0x7b8 (size before relaxing)
 .debug_str     0x00001208       0x1f ./source/semihost_hardfault.o
                                0x184 (size before relaxing)
 .debug_str     0x00001227       0x53 ./freertos/fsl_tickless_lptmr.o
                                0x23f (size before relaxing)
 .debug_str     0x0000127a      0x1f2 ./freertos/heap_4.o
                                0x3ef (size before relaxing)
 .debug_str     0x0000146c      0x125 ./freertos/list.o
                                0x339 (size before relaxing)
 .debug_str     0x00001591      0x134 ./freertos/port.o
                                0x395 (size before relaxing)
 .debug_str     0x000016c5      0x672 ./freertos/queue.o
                                0xa20 (size before relaxing)
 .debug_str     0x00001d37      0xa76 ./freertos/tasks.o
                               0x10fa (size before relaxing)
 .debug_str     0x000027ad      0x4c7 ./freertos/timers.o
                                0x999 (size before relaxing)
 .debug_str     0x00002c74     0x10a6 ./drivers/fsl_clock.o
                               0x17f7 (size before relaxing)
 .debug_str     0x00003d1a      0x2ef ./drivers/fsl_common.o
                                0x4fa (size before relaxing)
 .debug_str     0x00004009      0x180 ./drivers/fsl_gpio.o
                                0x805 (size before relaxing)
 .debug_str     0x00004189      0x96f ./drivers/fsl_lpsci.o
                               0x15ad (size before relaxing)
 .debug_str     0x00004af8      0x7c8 ./drivers/fsl_uart.o
                               0x15b9 (size before relaxing)
 .debug_str     0x000052c0       0x35 ./board/board.o
                                0x345 (size before relaxing)
 .debug_str     0x000052f5      0x2fd ./board/clock_config.o
                                0xe7a (size before relaxing)
 .debug_str     0x000055f2      0x15e ./board/pin_mux.o
                                0x697 (size before relaxing)
 .debug_str     0x00005750       0x44 ./CMSIS/system_MKL25Z4.o
                                0x330 (size before relaxing)

.comment        0x00000000       0x45
 .comment       0x00000000       0x45 ./utilities/fsl_debug_console.o
                                 0x46 (size before relaxing)
 .comment       0x00000045       0x46 ./startup/startup_mkl25z4.o
 .comment       0x00000045       0x46 ./source/freertos_hello.o
 .comment       0x00000045       0x46 ./source/semihost_hardfault.o
 .comment       0x00000045       0x46 ./freertos/fsl_tickless_lptmr.o
 .comment       0x00000045       0x46 ./freertos/heap_4.o
 .comment       0x00000045       0x46 ./freertos/list.o
 .comment       0x00000045       0x46 ./freertos/port.o
 .comment       0x00000045       0x46 ./freertos/queue.o
 .comment       0x00000045       0x46 ./freertos/tasks.o
 .comment       0x00000045       0x46 ./freertos/timers.o
 .comment       0x00000045       0x46 ./drivers/fsl_clock.o
 .comment       0x00000045       0x46 ./drivers/fsl_common.o
 .comment       0x00000045       0x46 ./drivers/fsl_gpio.o
 .comment       0x00000045       0x46 ./drivers/fsl_lpsci.o
 .comment       0x00000045       0x46 ./drivers/fsl_uart.o
 .comment       0x00000045       0x46 ./board/board.o
 .comment       0x00000045       0x46 ./board/clock_config.o
 .comment       0x00000045       0x46 ./board/pin_mux.o
 .comment       0x00000045       0x46 ./CMSIS/system_MKL25Z4.o
 .comment       0x00000045       0x46 c:/nxp/mcuxpressoide_11.8.0_1165/ide/plugins/com.nxp.mcuxpresso.tools.win32_11.8.0.202306131047/tools/bin/../lib/gcc/arm-none-eabi/12.2.1/../../../../arm-none-eabi/lib/thumb/v6-m/nofp\libcr_nohost_nf.a(_cr__main.o)
 .comment       0x00000045       0x46 c:/nxp/mcuxpressoide_11.8.0_1165/ide/plugins/com.nxp.mcuxpresso.tools.win32_11.8.0.202306131047/tools/bin/../lib/gcc/arm-none-eabi/12.2.1/../../../../arm-none-eabi/lib/thumb/v6-m/nofp\libcr_c.a(memcpy.o)
 .comment       0x00000045       0x46 c:/nxp/mcuxpressoide_11.8.0_1165/ide/plugins/com.nxp.mcuxpresso.tools.win32_11.8.0.202306131047/tools/bin/../lib/gcc/arm-none-eabi/12.2.1/../../../../arm-none-eabi/lib/thumb/v6-m/nofp\libcr_c.a(memset.o)
 .comment       0x00000045       0x46 c:/nxp/mcuxpressoide_11.8.0_1165/ide/plugins/com.nxp.mcuxpresso.tools.win32_11.8.0.202306131047/tools/bin/../lib/gcc/arm-none-eabi/12.2.1/../../../../arm-none-eabi/lib/thumb/v6-m/nofp\libcr_c.a(initio.o)
 .comment       0x00000045       0x46 c:/nxp/mcuxpressoide_11.8.0_1165/ide/plugins/com.nxp.mcuxpresso.tools.win32_11.8.0.202306131047/tools/bin/../lib/gcc/arm-none-eabi/12.2.1/../../../../arm-none-eabi/lib/thumb/v6-m/nofp\libcr_c.a(setvbuf.o)
 .comment       0x00000045       0x46 c:/nxp/mcuxpressoide_11.8.0_1165/ide/plugins/com.nxp.mcuxpresso.tools.win32_11.8.0.202306131047/tools/bin/../lib/gcc/arm-none-eabi/12.2.1/../../../../arm-none-eabi/lib/thumb/v6-m/nofp\libcr_c.a(strlen.o)
 .comment       0x00000045       0x46 c:/nxp/mcuxpressoide_11.8.0_1165/ide/plugins/com.nxp.mcuxpresso.tools.win32_11.8.0.202306131047/tools/bin/../lib/gcc/arm-none-eabi/12.2.1/../../../../arm-none-eabi/lib/thumb/v6-m/nofp\libcr_c.a(_fdopen.o)
 .comment       0x00000045       0x46 c:/nxp/mcuxpressoide_11.8.0_1165/ide/plugins/com.nxp.mcuxpresso.tools.win32_11.8.0.202306131047/tools/bin/../lib/gcc/arm-none-eabi/12.2.1/../../../../arm-none-eabi/lib/thumb/v6-m/nofp\libcr_c.a(fclose.o)
 .comment       0x00000045       0x46 c:/nxp/mcuxpressoide_11.8.0_1165/ide/plugins/com.nxp.mcuxpresso.tools.win32_11.8.0.202306131047/tools/bin/../lib/gcc/arm-none-eabi/12.2.1/../../../../arm-none-eabi/lib/thumb/v6-m/nofp\libcr_c.a(fflush.o)
 .comment       0x00000045       0x46 c:/nxp/mcuxpressoide_11.8.0_1165/ide/plugins/com.nxp.mcuxpresso.tools.win32_11.8.0.202306131047/tools/bin/../lib/gcc/arm-none-eabi/12.2.1/../../../../arm-none-eabi/lib/thumb/v6-m/nofp\libcr_c.a(fseek.o)
 .comment       0x00000045       0x46 c:/nxp/mcuxpressoide_11.8.0_1165/ide/plugins/com.nxp.mcuxpresso.tools.win32_11.8.0.202306131047/tools/bin/../lib/gcc/arm-none-eabi/12.2.1/../../../../arm-none-eabi/lib/thumb/v6-m/nofp\libcr_c.a(ftell.o)
 .comment       0x00000045       0x46 c:/nxp/mcuxpressoide_11.8.0_1165/ide/plugins/com.nxp.mcuxpresso.tools.win32_11.8.0.202306131047/tools/bin/../lib/gcc/arm-none-eabi/12.2.1/../../../../arm-none-eabi/lib/thumb/v6-m/nofp\libcr_c.a(remove.o)
 .comment       0x00000045       0x46 c:/nxp/mcuxpressoide_11.8.0_1165/ide/plugins/com.nxp.mcuxpresso.tools.win32_11.8.0.202306131047/tools/bin/../lib/gcc/arm-none-eabi/12.2.1/../../../../arm-none-eabi/lib/thumb/v6-m/nofp\libcr_c.a(_do_fflush.o)
 .comment       0x00000045       0x46 c:/nxp/mcuxpressoide_11.8.0_1165/ide/plugins/com.nxp.mcuxpresso.tools.win32_11.8.0.202306131047/tools/bin/../lib/gcc/arm-none-eabi/12.2.1/../../../../arm-none-eabi/lib/thumb/v6-m/nofp\libcr_c.a(_fflush.o)
 .comment       0x00000045       0x46 c:/nxp/mcuxpressoide_11.8.0_1165/ide/plugins/com.nxp.mcuxpresso.tools.win32_11.8.0.202306131047/tools/bin/../lib/gcc/arm-none-eabi/12.2.1/../../../../arm-none-eabi/lib/thumb/v6-m/nofp\libcr_c.a(_writebuf.o)
 .comment       0x00000045       0x46 c:/nxp/mcuxpressoide_11.8.0_1165/ide/plugins/com.nxp.mcuxpresso.tools.win32_11.8.0.202306131047/tools/bin/../lib/gcc/arm-none-eabi/12.2.1/../../../../arm-none-eabi/lib/thumb/v6-m/nofp\libcr_c.a(alloc.o)
 .comment       0x00000045       0x46 c:/nxp/mcuxpressoide_11.8.0_1165/ide/plugins/com.nxp.mcuxpresso.tools.win32_11.8.0.202306131047/tools/bin/../lib/gcc/arm-none-eabi/12.2.1/../../../../arm-none-eabi/lib/thumb/v6-m/nofp\libcr_c.a(errno.o)
 .comment       0x00000045       0x46 c:/nxp/mcuxpressoide_11.8.0_1165/ide/plugins/com.nxp.mcuxpresso.tools.win32_11.8.0.202306131047/tools/bin/../lib/gcc/arm-none-eabi/12.2.1/../../../../arm-none-eabi/lib/thumb/v6-m/nofp\libcr_c.a(_deferredlazyseek.o)
 .comment       0x00000045       0x46 c:/nxp/mcuxpressoide_11.8.0_1165/ide/plugins/com.nxp.mcuxpresso.tools.win32_11.8.0.202306131047/tools/bin/../lib/gcc/arm-none-eabi/12.2.1/../../../../arm-none-eabi/lib/thumb/v6-m/nofp\libcr_nohost_nf.a(__ciob.o)
 .comment       0x00000045       0x46 c:/nxp/mcuxpressoide_11.8.0_1165/ide/plugins/com.nxp.mcuxpresso.tools.win32_11.8.0.202306131047/tools/bin/../lib/gcc/arm-none-eabi/12.2.1/../../../../arm-none-eabi/lib/thumb/v6-m/nofp\libcr_nohost_nf.a(__sys_close.o)
 .comment       0x00000045       0x46 c:/nxp/mcuxpressoide_11.8.0_1165/ide/plugins/com.nxp.mcuxpresso.tools.win32_11.8.0.202306131047/tools/bin/../lib/gcc/arm-none-eabi/12.2.1/../../../../arm-none-eabi/lib/thumb/v6-m/nofp\libcr_nohost_nf.a(__sys_flen.o)
 .comment       0x00000045       0x46 c:/nxp/mcuxpressoide_11.8.0_1165/ide/plugins/com.nxp.mcuxpresso.tools.win32_11.8.0.202306131047/tools/bin/../lib/gcc/arm-none-eabi/12.2.1/../../../../arm-none-eabi/lib/thumb/v6-m/nofp\libcr_nohost_nf.a(__sys_istty.o)
 .comment       0x00000045       0x46 c:/nxp/mcuxpressoide_11.8.0_1165/ide/plugins/com.nxp.mcuxpresso.tools.win32_11.8.0.202306131047/tools/bin/../lib/gcc/arm-none-eabi/12.2.1/../../../../arm-none-eabi/lib/thumb/v6-m/nofp\libcr_nohost_nf.a(__sys_remove.o)
 .comment       0x00000045       0x46 c:/nxp/mcuxpressoide_11.8.0_1165/ide/plugins/com.nxp.mcuxpresso.tools.win32_11.8.0.202306131047/tools/bin/../lib/gcc/arm-none-eabi/12.2.1/../../../../arm-none-eabi/lib/thumb/v6-m/nofp\libcr_nohost_nf.a(__sys_seek.o)
 .comment       0x00000045       0x46 c:/nxp/mcuxpressoide_11.8.0_1165/ide/plugins/com.nxp.mcuxpresso.tools.win32_11.8.0.202306131047/tools/bin/../lib/gcc/arm-none-eabi/12.2.1/../../../../arm-none-eabi/lib/thumb/v6-m/nofp\libcr_nohost_nf.a(__sys_tmpnam.o)
 .comment       0x00000045       0x46 c:/nxp/mcuxpressoide_11.8.0_1165/ide/plugins/com.nxp.mcuxpresso.tools.win32_11.8.0.202306131047/tools/bin/../lib/gcc/arm-none-eabi/12.2.1/../../../../arm-none-eabi/lib/thumb/v6-m/nofp\libcr_nohost_nf.a(__sys_write.o)

.ARM.attributes
                0x00000000       0x2a
 .ARM.attributes
                0x00000000       0x2c ./utilities/fsl_debug_console.o
 .ARM.attributes
                0x0000002c       0x2c ./startup/startup_mkl25z4.o
 .ARM.attributes
                0x00000058       0x2c ./source/freertos_hello.o
 .ARM.attributes
                0x00000084       0x2c ./source/semihost_hardfault.o
 .ARM.attributes
                0x000000b0       0x2c ./freertos/fsl_tickless_lptmr.o
 .ARM.attributes
                0x000000dc       0x2c ./freertos/heap_4.o
 .ARM.attributes
                0x00000108       0x2c ./freertos/list.o
 .ARM.attributes
                0x00000134       0x2c ./freertos/port.o
 .ARM.attributes
                0x00000160       0x2c ./freertos/queue.o
 .ARM.attributes
                0x0000018c       0x2c ./freertos/tasks.o
 .ARM.attributes
                0x000001b8       0x2c ./freertos/timers.o
 .ARM.attributes
                0x000001e4       0x2c ./drivers/fsl_clock.o
 .ARM.attributes
                0x00000210       0x2c ./drivers/fsl_common.o
 .ARM.attributes
                0x0000023c       0x2c ./drivers/fsl_gpio.o
 .ARM.attributes
                0x00000268       0x2c ./drivers/fsl_lpsci.o
 .ARM.attributes
                0x00000294       0x2c ./drivers/fsl_uart.o
 .ARM.attributes
                0x000002c0       0x2c ./board/board.o
 .ARM.attributes
                0x000002ec       0x2c ./board/clock_config.o
 .ARM.attributes
                0x00000318       0x2c ./board/pin_mux.o
 .ARM.attributes
                0x00000344       0x2c ./CMSIS/system_MKL25Z4.o
 .ARM.attributes
                0x00000370       0x2c c:/nxp/mcuxpressoide_11.8.0_1165/ide/plugins/com.nxp.mcuxpresso.tools.win32_11.8.0.202306131047/tools/bin/../lib/gcc/arm-none-eabi/12.2.1/../../../../arm-none-eabi/lib/thumb/v6-m/nofp\libcr_nohost_nf.a(_cr__main.o)
 .ARM.attributes
                0x0000039c       0x2c c:/nxp/mcuxpressoide_11.8.0_1165/ide/plugins/com.nxp.mcuxpresso.tools.win32_11.8.0.202306131047/tools/bin/../lib/gcc/arm-none-eabi/12.2.1/../../../../arm-none-eabi/lib/thumb/v6-m/nofp\libcr_c.a(memcpy.o)
 .ARM.attributes
                0x000003c8       0x2c c:/nxp/mcuxpressoide_11.8.0_1165/ide/plugins/com.nxp.mcuxpresso.tools.win32_11.8.0.202306131047/tools/bin/../lib/gcc/arm-none-eabi/12.2.1/../../../../arm-none-eabi/lib/thumb/v6-m/nofp\libcr_c.a(memset.o)
 .ARM.attributes
                0x000003f4       0x2c c:/nxp/mcuxpressoide_11.8.0_1165/ide/plugins/com.nxp.mcuxpresso.tools.win32_11.8.0.202306131047/tools/bin/../lib/gcc/arm-none-eabi/12.2.1/../../../../arm-none-eabi/lib/thumb/v6-m/nofp\libcr_c.a(initio.o)
 .ARM.attributes
                0x00000420       0x2c c:/nxp/mcuxpressoide_11.8.0_1165/ide/plugins/com.nxp.mcuxpresso.tools.win32_11.8.0.202306131047/tools/bin/../lib/gcc/arm-none-eabi/12.2.1/../../../../arm-none-eabi/lib/thumb/v6-m/nofp\libcr_c.a(setvbuf.o)
 .ARM.attributes
                0x0000044c       0x2c c:/nxp/mcuxpressoide_11.8.0_1165/ide/plugins/com.nxp.mcuxpresso.tools.win32_11.8.0.202306131047/tools/bin/../lib/gcc/arm-none-eabi/12.2.1/../../../../arm-none-eabi/lib/thumb/v6-m/nofp\libcr_c.a(strlen.o)
 .ARM.attributes
                0x00000478       0x2c c:/nxp/mcuxpressoide_11.8.0_1165/ide/plugins/com.nxp.mcuxpresso.tools.win32_11.8.0.202306131047/tools/bin/../lib/gcc/arm-none-eabi/12.2.1/../../../../arm-none-eabi/lib/thumb/v6-m/nofp\libcr_c.a(_fdopen.o)
 .ARM.attributes
                0x000004a4       0x2c c:/nxp/mcuxpressoide_11.8.0_1165/ide/plugins/com.nxp.mcuxpresso.tools.win32_11.8.0.202306131047/tools/bin/../lib/gcc/arm-none-eabi/12.2.1/../../../../arm-none-eabi/lib/thumb/v6-m/nofp\libcr_c.a(fclose.o)
 .ARM.attributes
                0x000004d0       0x2c c:/nxp/mcuxpressoide_11.8.0_1165/ide/plugins/com.nxp.mcuxpresso.tools.win32_11.8.0.202306131047/tools/bin/../lib/gcc/arm-none-eabi/12.2.1/../../../../arm-none-eabi/lib/thumb/v6-m/nofp\libcr_c.a(fflush.o)
 .ARM.attributes
                0x000004fc       0x2c c:/nxp/mcuxpressoide_11.8.0_1165/ide/plugins/com.nxp.mcuxpresso.tools.win32_11.8.0.202306131047/tools/bin/../lib/gcc/arm-none-eabi/12.2.1/../../../../arm-none-eabi/lib/thumb/v6-m/nofp\libcr_c.a(fseek.o)
 .ARM.attributes
                0x00000528       0x2c c:/nxp/mcuxpressoide_11.8.0_1165/ide/plugins/com.nxp.mcuxpresso.tools.win32_11.8.0.202306131047/tools/bin/../lib/gcc/arm-none-eabi/12.2.1/../../../../arm-none-eabi/lib/thumb/v6-m/nofp\libcr_c.a(ftell.o)
 .ARM.attributes
                0x00000554       0x2c c:/nxp/mcuxpressoide_11.8.0_1165/ide/plugins/com.nxp.mcuxpresso.tools.win32_11.8.0.202306131047/tools/bin/../lib/gcc/arm-none-eabi/12.2.1/../../../../arm-none-eabi/lib/thumb/v6-m/nofp\libcr_c.a(remove.o)
 .ARM.attributes
                0x00000580       0x2c c:/nxp/mcuxpressoide_11.8.0_1165/ide/plugins/com.nxp.mcuxpresso.tools.win32_11.8.0.202306131047/tools/bin/../lib/gcc/arm-none-eabi/12.2.1/../../../../arm-none-eabi/lib/thumb/v6-m/nofp\libcr_c.a(_do_fflush.o)
 .ARM.attributes
                0x000005ac       0x2c c:/nxp/mcuxpressoide_11.8.0_1165/ide/plugins/com.nxp.mcuxpresso.tools.win32_11.8.0.202306131047/tools/bin/../lib/gcc/arm-none-eabi/12.2.1/../../../../arm-none-eabi/lib/thumb/v6-m/nofp\libcr_c.a(_fflush.o)
 .ARM.attributes
                0x000005d8       0x2c c:/nxp/mcuxpressoide_11.8.0_1165/ide/plugins/com.nxp.mcuxpresso.tools.win32_11.8.0.202306131047/tools/bin/../lib/gcc/arm-none-eabi/12.2.1/../../../../arm-none-eabi/lib/thumb/v6-m/nofp\libcr_c.a(_writebuf.o)
 .ARM.attributes
                0x00000604       0x2c c:/nxp/mcuxpressoide_11.8.0_1165/ide/plugins/com.nxp.mcuxpresso.tools.win32_11.8.0.202306131047/tools/bin/../lib/gcc/arm-none-eabi/12.2.1/../../../../arm-none-eabi/lib/thumb/v6-m/nofp\libcr_c.a(alloc.o)
 .ARM.attributes
                0x00000630       0x2c c:/nxp/mcuxpressoide_11.8.0_1165/ide/plugins/com.nxp.mcuxpresso.tools.win32_11.8.0.202306131047/tools/bin/../lib/gcc/arm-none-eabi/12.2.1/../../../../arm-none-eabi/lib/thumb/v6-m/nofp\libcr_c.a(errno.o)
 .ARM.attributes
                0x0000065c       0x2c c:/nxp/mcuxpressoide_11.8.0_1165/ide/plugins/com.nxp.mcuxpresso.tools.win32_11.8.0.202306131047/tools/bin/../lib/gcc/arm-none-eabi/12.2.1/../../../../arm-none-eabi/lib/thumb/v6-m/nofp\libcr_c.a(_deferredlazyseek.o)
 .ARM.attributes
                0x00000688       0x1c c:/nxp/mcuxpressoide_11.8.0_1165/ide/plugins/com.nxp.mcuxpresso.tools.win32_11.8.0.202306131047/tools/bin/../lib/gcc/arm-none-eabi/12.2.1/thumb/v6-m/nofp\libcr_eabihelpers.a(division_32.o)
 .ARM.attributes
                0x000006a4       0x1c c:/nxp/mcuxpressoide_11.8.0_1165/ide/plugins/com.nxp.mcuxpresso.tools.win32_11.8.0.202306131047/tools/bin/../lib/gcc/arm-none-eabi/12.2.1/thumb/v6-m/nofp\libcr_eabihelpers.a(division_idiv0.o)
 .ARM.attributes
                0x000006c0       0x1c c:/nxp/mcuxpressoide_11.8.0_1165/ide/plugins/com.nxp.mcuxpresso.tools.win32_11.8.0.202306131047/tools/bin/../lib/gcc/arm-none-eabi/12.2.1/thumb/v6-m/nofp\libcr_eabihelpers.a(memcpy.o)
 .ARM.attributes
                0x000006dc       0x2c c:/nxp/mcuxpressoide_11.8.0_1165/ide/plugins/com.nxp.mcuxpresso.tools.win32_11.8.0.202306131047/tools/bin/../lib/gcc/arm-none-eabi/12.2.1/../../../../arm-none-eabi/lib/thumb/v6-m/nofp\libcr_nohost_nf.a(__ciob.o)
 .ARM.attributes
                0x00000708       0x2c c:/nxp/mcuxpressoide_11.8.0_1165/ide/plugins/com.nxp.mcuxpresso.tools.win32_11.8.0.202306131047/tools/bin/../lib/gcc/arm-none-eabi/12.2.1/../../../../arm-none-eabi/lib/thumb/v6-m/nofp\libcr_nohost_nf.a(__sys_close.o)
 .ARM.attributes
                0x00000734       0x2c c:/nxp/mcuxpressoide_11.8.0_1165/ide/plugins/com.nxp.mcuxpresso.tools.win32_11.8.0.202306131047/tools/bin/../lib/gcc/arm-none-eabi/12.2.1/../../../../arm-none-eabi/lib/thumb/v6-m/nofp\libcr_nohost_nf.a(__sys_flen.o)
 .ARM.attributes
                0x00000760       0x2c c:/nxp/mcuxpressoide_11.8.0_1165/ide/plugins/com.nxp.mcuxpresso.tools.win32_11.8.0.202306131047/tools/bin/../lib/gcc/arm-none-eabi/12.2.1/../../../../arm-none-eabi/lib/thumb/v6-m/nofp\libcr_nohost_nf.a(__sys_istty.o)
 .ARM.attributes
                0x0000078c       0x2c c:/nxp/mcuxpressoide_11.8.0_1165/ide/plugins/com.nxp.mcuxpresso.tools.win32_11.8.0.202306131047/tools/bin/../lib/gcc/arm-none-eabi/12.2.1/../../../../arm-none-eabi/lib/thumb/v6-m/nofp\libcr_nohost_nf.a(__sys_remove.o)
 .ARM.attributes
                0x000007b8       0x2c c:/nxp/mcuxpressoide_11.8.0_1165/ide/plugins/com.nxp.mcuxpresso.tools.win32_11.8.0.202306131047/tools/bin/../lib/gcc/arm-none-eabi/12.2.1/../../../../arm-none-eabi/lib/thumb/v6-m/nofp\libcr_nohost_nf.a(__sys_seek.o)
 .ARM.attributes
                0x000007e4       0x2c c:/nxp/mcuxpressoide_11.8.0_1165/ide/plugins/com.nxp.mcuxpresso.tools.win32_11.8.0.202306131047/tools/bin/../lib/gcc/arm-none-eabi/12.2.1/../../../../arm-none-eabi/lib/thumb/v6-m/nofp\libcr_nohost_nf.a(__sys_tmpnam.o)
 .ARM.attributes
                0x00000810       0x2c c:/nxp/mcuxpressoide_11.8.0_1165/ide/plugins/com.nxp.mcuxpresso.tools.win32_11.8.0.202306131047/tools/bin/../lib/gcc/arm-none-eabi/12.2.1/../../../../arm-none-eabi/lib/thumb/v6-m/nofp\libcr_nohost_nf.a(__sys_write.o)

.debug_frame    0x00000000     0x2a18
 .debug_frame   0x00000000      0x1f0 ./utilities/fsl_debug_console.o
 .debug_frame   0x000001f0      0x3b0 ./startup/startup_mkl25z4.o
 .debug_frame   0x000005a0       0x70 ./source/freertos_hello.o
 .debug_frame   0x00000610       0x20 ./source/semihost_hardfault.o
 .debug_frame   0x00000630       0x2c ./freertos/fsl_tickless_lptmr.o
 .debug_frame   0x0000065c       0xe4 ./freertos/heap_4.o
 .debug_frame   0x00000740       0xb0 ./freertos/list.o
 .debug_frame   0x000007f0      0x154 ./freertos/port.o
 .debug_frame   0x00000944      0x410 ./freertos/queue.o
 .debug_frame   0x00000d54      0x73c ./freertos/tasks.o
 .debug_frame   0x00001490      0x2c8 ./freertos/timers.o
 .debug_frame   0x00001758      0x6e0 ./drivers/fsl_clock.o
 .debug_frame   0x00001e38       0x90 ./drivers/fsl_common.o
 .debug_frame   0x00001ec8       0xb0 ./drivers/fsl_gpio.o
 .debug_frame   0x00001f78      0x414 ./drivers/fsl_lpsci.o
 .debug_frame   0x0000238c      0x464 ./drivers/fsl_uart.o
 .debug_frame   0x000027f0       0x50 ./board/board.o
 .debug_frame   0x00002840      0x100 ./board/clock_config.o
 .debug_frame   0x00002940       0x8c ./board/pin_mux.o
 .debug_frame   0x000029cc       0x4c ./CMSIS/system_MKL25Z4.o

.debug_loclists
                0x00000000      0x104
 .debug_loclists
                0x00000000      0x104 ./startup/startup_mkl25z4.o

Cross Reference Table

Symbol                                            File
ADC0_DriverIRQHandler                             ./startup/startup_mkl25z4.o
ADC0_IRQHandler                                   ./startup/startup_mkl25z4.o
BOARD_BootClockRUN                                ./board/clock_config.o
                                                  ./source/freertos_hello.o
BOARD_BootClockVLPR                               ./board/clock_config.o
BOARD_InitBootClocks                              ./board/clock_config.o
BOARD_InitBootPins                                ./board/pin_mux.o
BOARD_InitDebugConsole                            ./board/board.o
                                                  ./source/freertos_hello.o
BOARD_InitPins                                    ./board/pin_mux.o
                                                  ./source/freertos_hello.o
CLOCK_BootToBlpeMode                              ./drivers/fsl_clock.o
CLOCK_BootToBlpiMode                              ./drivers/fsl_clock.o
                                                  ./board/clock_config.o
CLOCK_BootToFeeMode                               ./drivers/fsl_clock.o
CLOCK_BootToFeiMode                               ./drivers/fsl_clock.o
CLOCK_BootToPeeMode                               ./drivers/fsl_clock.o
                                                  ./board/clock_config.o
CLOCK_CalcPllDiv                                  ./drivers/fsl_clock.o
CLOCK_ClearStatusFlags                            ./drivers/fsl_clock.o
CLOCK_DeinitOsc0                                  ./drivers/fsl_clock.o
CLOCK_EnablePll0                                  ./drivers/fsl_clock.o
CLOCK_EnableUsbfs0Clock                           ./drivers/fsl_clock.o
CLOCK_ExternalModeToFbeModeQuick                  ./drivers/fsl_clock.o
CLOCK_FllStableDelay                              ./drivers/fsl_clock.o
CLOCK_GetBusClkFreq                               ./drivers/fsl_clock.o
CLOCK_GetCoreSysClkFreq                           ./drivers/fsl_clock.o
CLOCK_GetEr32kClkFreq                             ./drivers/fsl_clock.o
CLOCK_GetFixedFreqClkFreq                         ./drivers/fsl_clock.o
CLOCK_GetFlashClkFreq                             ./drivers/fsl_clock.o
CLOCK_GetFllFreq                                  ./drivers/fsl_clock.o
CLOCK_GetFreq                                     ./drivers/fsl_clock.o
CLOCK_GetInternalRefClkFreq                       ./drivers/fsl_clock.o
CLOCK_GetMode                                     ./drivers/fsl_clock.o
CLOCK_GetOsc0ErClkFreq                            ./drivers/fsl_clock.o
CLOCK_GetOutClkFreq                               ./drivers/fsl_clock.o
CLOCK_GetPlatClkFreq                              ./drivers/fsl_clock.o
CLOCK_GetPll0Freq                                 ./drivers/fsl_clock.o
CLOCK_GetPllFllSelClkFreq                         ./drivers/fsl_clock.o
                                                  ./board/board.o
CLOCK_GetStatusFlags                              ./drivers/fsl_clock.o
CLOCK_InitOsc0                                    ./drivers/fsl_clock.o
                                                  ./board/clock_config.o
CLOCK_InternalModeToFbiModeQuick                  ./drivers/fsl_clock.o
CLOCK_SetBlpeMode                                 ./drivers/fsl_clock.o
CLOCK_SetBlpiMode                                 ./drivers/fsl_clock.o
CLOCK_SetExternalRefClkConfig                     ./drivers/fsl_clock.o
CLOCK_SetFbeMode                                  ./drivers/fsl_clock.o
CLOCK_SetFbiMode                                  ./drivers/fsl_clock.o
CLOCK_SetFeeMode                                  ./drivers/fsl_clock.o
CLOCK_SetFeiMode                                  ./drivers/fsl_clock.o
CLOCK_SetInternalRefClkConfig                     ./drivers/fsl_clock.o
                                                  ./board/clock_config.o
CLOCK_SetMcgConfig                                ./drivers/fsl_clock.o
CLOCK_SetOsc0MonitorMode                          ./drivers/fsl_clock.o
CLOCK_SetPbeMode                                  ./drivers/fsl_clock.o
CLOCK_SetPeeMode                                  ./drivers/fsl_clock.o
CLOCK_SetPll0MonitorMode                          ./drivers/fsl_clock.o
CLOCK_SetSimConfig                                ./drivers/fsl_clock.o
                                                  ./board/clock_config.o
CLOCK_TrimInternalRefClk                          ./drivers/fsl_clock.o
CMP0_DriverIRQHandler                             ./startup/startup_mkl25z4.o
CMP0_IRQHandler                                   ./startup/startup_mkl25z4.o
DAC0_DriverIRQHandler                             ./startup/startup_mkl25z4.o
DAC0_IRQHandler                                   ./startup/startup_mkl25z4.o
DMA0_DriverIRQHandler                             ./startup/startup_mkl25z4.o
DMA0_IRQHandler                                   ./startup/startup_mkl25z4.o
DMA1_DriverIRQHandler                             ./startup/startup_mkl25z4.o
DMA1_IRQHandler                                   ./startup/startup_mkl25z4.o
DMA2_DriverIRQHandler                             ./startup/startup_mkl25z4.o
DMA2_IRQHandler                                   ./startup/startup_mkl25z4.o
DMA3_DriverIRQHandler                             ./startup/startup_mkl25z4.o
DMA3_IRQHandler                                   ./startup/startup_mkl25z4.o
DbgConsole_Deinit                                 ./utilities/fsl_debug_console.o
DbgConsole_Getchar                                ./utilities/fsl_debug_console.o
DbgConsole_Init                                   ./utilities/fsl_debug_console.o
                                                  ./board/board.o
DbgConsole_Printf                                 ./utilities/fsl_debug_console.o
                                                  ./drivers/fsl_common.o
                                                  ./source/freertos_hello.o
DbgConsole_Putchar                                ./utilities/fsl_debug_console.o
DbgConsole_Scanf                                  ./utilities/fsl_debug_console.o
FLASH_Erase                                       ./drivers/fsl_flash.o
FLASH_EraseAll                                    ./drivers/fsl_flash.o
FLASH_EraseAllExecuteOnlySegments                 ./drivers/fsl_flash.o
FLASH_GetProperty                                 ./drivers/fsl_flash.o
FLASH_GetSecurityState                            ./drivers/fsl_flash.o
FLASH_Init                                        ./drivers/fsl_flash.o
FLASH_IsExecuteOnly                               ./drivers/fsl_flash.o
FLASH_IsProtected                                 ./drivers/fsl_flash.o
FLASH_PflashGetPrefetchSpeculation                ./drivers/fsl_flash.o
FLASH_PflashGetProtection                         ./drivers/fsl_flash.o
FLASH_PflashSetPrefetchSpeculation                ./drivers/fsl_flash.o
                                                  ./drivers/fsl_smc.o
FLASH_PflashSetProtection                         ./drivers/fsl_flash.o
FLASH_PrepareExecuteInRamFunctions                ./drivers/fsl_flash.o
FLASH_Program                                     ./drivers/fsl_flash.o
FLASH_ProgramOnce                                 ./drivers/fsl_flash.o
FLASH_ReadOnce                                    ./drivers/fsl_flash.o
FLASH_ReadResource                                ./drivers/fsl_flash.o
FLASH_SecurityBypass                              ./drivers/fsl_flash.o
FLASH_SetCallback                                 ./drivers/fsl_flash.o
FLASH_SetProperty                                 ./drivers/fsl_flash.o
FLASH_VerifyErase                                 ./drivers/fsl_flash.o
FLASH_VerifyEraseAll                              ./drivers/fsl_flash.o
FLASH_VerifyEraseAllExecuteOnlySegments           ./drivers/fsl_flash.o
FLASH_VerifyProgram                               ./drivers/fsl_flash.o
FTFA_DriverIRQHandler                             ./startup/startup_mkl25z4.o
FTFA_IRQHandler                                   ./startup/startup_mkl25z4.o
Flash_Config                                      ./startup/startup_mkl25z4.o
FreeRTOSDebugConfig                               ./freertos/tasks.o
GPIO_ClearPinsInterruptFlags                      ./drivers/fsl_gpio.o
GPIO_GetPinsInterruptFlags                        ./drivers/fsl_gpio.o
GPIO_PinInit                                      ./drivers/fsl_gpio.o
                                                  ./board/pin_mux.o
HardFault_Handler                                 ./source/semihost_hardfault.o
                                                  ./startup/startup_mkl25z4.o
I2C0_DriverIRQHandler                             ./startup/startup_mkl25z4.o
I2C0_IRQHandler                                   ./startup/startup_mkl25z4.o
I2C1_DriverIRQHandler                             ./startup/startup_mkl25z4.o
I2C1_IRQHandler                                   ./startup/startup_mkl25z4.o
InstallIRQHandler                                 ./drivers/fsl_common.o
IntDefaultHandler                                 ./startup/startup_mkl25z4.o
LLWU_DriverIRQHandler                             ./startup/startup_mkl25z4.o
LLWU_IRQHandler                                   ./startup/startup_mkl25z4.o
LPSCI_ClearStatusFlags                            ./drivers/fsl_lpsci.o
                                                  ./drivers/fsl_lpsci_freertos.o
LPSCI_Deinit                                      ./drivers/fsl_lpsci.o
                                                  ./drivers/fsl_lpsci_freertos.o
                                                  ./utilities/fsl_debug_console.o
LPSCI_DisableInterrupts                           ./drivers/fsl_lpsci.o
LPSCI_EnableInterrupts                            ./drivers/fsl_lpsci.o
LPSCI_GetDefaultConfig                            ./drivers/fsl_lpsci.o
                                                  ./drivers/fsl_lpsci_freertos.o
                                                  ./utilities/fsl_debug_console.o
LPSCI_GetEnabledInterrupts                        ./drivers/fsl_lpsci.o
LPSCI_GetInstance                                 ./drivers/fsl_lpsci.o
LPSCI_GetStatusFlags                              ./drivers/fsl_lpsci.o
LPSCI_Init                                        ./drivers/fsl_lpsci.o
                                                  ./drivers/fsl_lpsci_freertos.o
                                                  ./utilities/fsl_debug_console.o
LPSCI_RTOS_Deinit                                 ./drivers/fsl_lpsci_freertos.o
LPSCI_RTOS_Init                                   ./drivers/fsl_lpsci_freertos.o
LPSCI_RTOS_Receive                                ./drivers/fsl_lpsci_freertos.o
LPSCI_RTOS_Send                                   ./drivers/fsl_lpsci_freertos.o
LPSCI_ReadBlocking                                ./drivers/fsl_lpsci.o
                                                  ./utilities/fsl_debug_console.o
LPSCI_SetBaudRate                                 ./drivers/fsl_lpsci.o
LPSCI_TransferAbortReceive                        ./drivers/fsl_lpsci.o
                                                  ./drivers/fsl_lpsci_freertos.o
LPSCI_TransferAbortSend                           ./drivers/fsl_lpsci.o
LPSCI_TransferCreateHandle                        ./drivers/fsl_lpsci.o
                                                  ./drivers/fsl_lpsci_freertos.o
LPSCI_TransferGetReceiveCount                     ./drivers/fsl_lpsci.o
LPSCI_TransferGetSendCount                        ./drivers/fsl_lpsci.o
LPSCI_TransferHandleErrorIRQ                      ./drivers/fsl_lpsci.o
LPSCI_TransferHandleIRQ                           ./drivers/fsl_lpsci.o
LPSCI_TransferReceiveNonBlocking                  ./drivers/fsl_lpsci.o
                                                  ./drivers/fsl_lpsci_freertos.o
LPSCI_TransferSendNonBlocking                     ./drivers/fsl_lpsci.o
                                                  ./drivers/fsl_lpsci_freertos.o
LPSCI_TransferStartRingBuffer                     ./drivers/fsl_lpsci.o
                                                  ./drivers/fsl_lpsci_freertos.o
LPSCI_TransferStopRingBuffer                      ./drivers/fsl_lpsci.o
LPSCI_WriteBlocking                               ./drivers/fsl_lpsci.o
                                                  ./utilities/fsl_debug_console.o
LPTMR0_DriverIRQHandler                           ./startup/startup_mkl25z4.o
LPTMR0_IRQHandler                                 ./startup/startup_mkl25z4.o
LVD_LVW_DriverIRQHandler                          ./startup/startup_mkl25z4.o
LVD_LVW_IRQHandler                                ./startup/startup_mkl25z4.o
MCG_DriverIRQHandler                              ./startup/startup_mkl25z4.o
MCG_IRQHandler                                    ./startup/startup_mkl25z4.o
NMI_Handler                                       ./startup/startup_mkl25z4.o
PIT_DriverIRQHandler                              ./startup/startup_mkl25z4.o
PIT_IRQHandler                                    ./startup/startup_mkl25z4.o
PORTA_DriverIRQHandler                            ./startup/startup_mkl25z4.o
PORTA_IRQHandler                                  ./startup/startup_mkl25z4.o
PORTD_DriverIRQHandler                            ./startup/startup_mkl25z4.o
PORTD_IRQHandler                                  ./startup/startup_mkl25z4.o
PendSV_Handler                                    ./freertos/port.o
                                                  ./startup/startup_mkl25z4.o
RTC_DriverIRQHandler                              ./startup/startup_mkl25z4.o
RTC_IRQHandler                                    ./startup/startup_mkl25z4.o
RTC_Seconds_DriverIRQHandler                      ./startup/startup_mkl25z4.o
RTC_Seconds_IRQHandler                            ./startup/startup_mkl25z4.o
Reserved20_DriverIRQHandler                       ./startup/startup_mkl25z4.o
Reserved20_IRQHandler                             ./startup/startup_mkl25z4.o
Reserved39_DriverIRQHandler                       ./startup/startup_mkl25z4.o
Reserved39_IRQHandler                             ./startup/startup_mkl25z4.o
Reserved45_DriverIRQHandler                       ./startup/startup_mkl25z4.o
Reserved45_IRQHandler                             ./startup/startup_mkl25z4.o
ResetISR                                          ./startup/startup_mkl25z4.o
SMC_PostExitStopModes                             ./drivers/fsl_smc.o
SMC_PreEnterStopModes                             ./drivers/fsl_smc.o
SMC_SetPowerModeLls                               ./drivers/fsl_smc.o
SMC_SetPowerModeRun                               ./drivers/fsl_smc.o
SMC_SetPowerModeStop                              ./drivers/fsl_smc.o
SMC_SetPowerModeVlls                              ./drivers/fsl_smc.o
SMC_SetPowerModeVlpr                              ./drivers/fsl_smc.o
                                                  ./board/clock_config.o
SMC_SetPowerModeVlps                              ./drivers/fsl_smc.o
SMC_SetPowerModeVlpw                              ./drivers/fsl_smc.o
SMC_SetPowerModeWait                              ./drivers/fsl_smc.o
SPI0_DriverIRQHandler                             ./startup/startup_mkl25z4.o
SPI0_IRQHandler                                   ./startup/startup_mkl25z4.o
SPI1_DriverIRQHandler                             ./startup/startup_mkl25z4.o
SPI1_IRQHandler                                   ./startup/startup_mkl25z4.o
SVC_Handler                                       ./freertos/port.o
                                                  ./startup/startup_mkl25z4.o
SysTick_Handler                                   ./freertos/port.o
                                                  ./startup/startup_mkl25z4.o
SystemCoreClock                                   ./CMSIS/system_MKL25Z4.o
                                                  ./board/clock_config.o
                                                  ./freertos/fsl_tickless_systick.o
                                                  ./freertos/fsl_tickless_lptmr.o
SystemCoreClockUpdate                             ./CMSIS/system_MKL25Z4.o
SystemInit                                        ./CMSIS/system_MKL25Z4.o
                                                  ./startup/startup_mkl25z4.o
TPM0_DriverIRQHandler                             ./startup/startup_mkl25z4.o
TPM0_IRQHandler                                   ./startup/startup_mkl25z4.o
TPM1_DriverIRQHandler                             ./startup/startup_mkl25z4.o
TPM1_IRQHandler                                   ./startup/startup_mkl25z4.o
TPM2_DriverIRQHandler                             ./startup/startup_mkl25z4.o
TPM2_IRQHandler                                   ./startup/startup_mkl25z4.o
TSI0_DriverIRQHandler                             ./startup/startup_mkl25z4.o
TSI0_IRQHandler                                   ./startup/startup_mkl25z4.o
UART0_DriverIRQHandler                            ./drivers/fsl_lpsci.o
                                                  ./startup/startup_mkl25z4.o
UART0_IRQHandler                                  ./startup/startup_mkl25z4.o
UART1_DriverIRQHandler                            ./drivers/fsl_uart.o
                                                  ./startup/startup_mkl25z4.o
UART1_IRQHandler                                  ./startup/startup_mkl25z4.o
UART1_RX_TX_DriverIRQHandler                      ./drivers/fsl_uart.o
UART2_DriverIRQHandler                            ./drivers/fsl_uart.o
                                                  ./startup/startup_mkl25z4.o
UART2_IRQHandler                                  ./startup/startup_mkl25z4.o
UART2_RX_TX_DriverIRQHandler                      ./drivers/fsl_uart.o
UART_ClearStatusFlags                             ./drivers/fsl_uart.o
                                                  ./drivers/fsl_uart_freertos.o
UART_Deinit                                       ./drivers/fsl_uart.o
                                                  ./drivers/fsl_uart_freertos.o
                                                  ./utilities/fsl_debug_console.o
UART_DisableInterrupts                            ./drivers/fsl_uart.o