C:\Users\jorge\Documents\MCUXpressoIDE_11.8.0_1165\workspace\frdmkl25z_Chapter1_rtos_examples_freertos_hello_Example7\drivers/fsl_gpio.h:175:20:GPIO_SetPinsOutput	16	static
C:\Users\jorge\Documents\MCUXpressoIDE_11.8.0_1165\workspace\frdmkl25z_Chapter1_rtos_examples_freertos_hello_Example7\drivers/fsl_gpio.h:186:20:GPIO_ClearPinsOutput	16	static
../source/freertos_hello.c:67:5:main	24	static
../source/freertos_hello.c:96:6:vApplicationIdleHook	8	static
../source/freertos_hello.c:102:6:vTask1Function	24	static
../source/freertos_hello.c:123:6:vTask2Function	24	static
