Archive member included to satisfy reference by file (symbol)

c:/nxp/mcuxpressoide_11.8.0_1165/ide/plugins/com.nxp.mcuxpresso.tools.win32_11.8.0.202306131047/tools/bin/../lib/gcc/arm-none-eabi/12.2.1/../../../../arm-none-eabi/lib/thumb/v6-m/nofp\libcr_nohost_nf.a(_cr__main.o)
                              ./startup/startup_mkl25z4.o (__main)
c:/nxp/mcuxpressoide_11.8.0_1165/ide/plugins/com.nxp.mcuxpresso.tools.win32_11.8.0.202306131047/tools/bin/../lib/gcc/arm-none-eabi/12.2.1/../../../../arm-none-eabi/lib/thumb/v6-m/nofp\libcr_c.a(memcpy.o)
                              ./freertos/queue.o (memcpy)
c:/nxp/mcuxpressoide_11.8.0_1165/ide/plugins/com.nxp.mcuxpresso.tools.win32_11.8.0.202306131047/tools/bin/../lib/gcc/arm-none-eabi/12.2.1/../../../../arm-none-eabi/lib/thumb/v6-m/nofp\libcr_c.a(memset.o)
                              ./freertos/tasks.o (memset)
c:/nxp/mcuxpressoide_11.8.0_1165/ide/plugins/com.nxp.mcuxpresso.tools.win32_11.8.0.202306131047/tools/bin/../lib/gcc/arm-none-eabi/12.2.1/../../../../arm-none-eabi/lib/thumb/v6-m/nofp\libcr_c.a(initio.o)
                              c:/nxp/mcuxpressoide_11.8.0_1165/ide/plugins/com.nxp.mcuxpresso.tools.win32_11.8.0.202306131047/tools/bin/../lib/gcc/arm-none-eabi/12.2.1/../../../../arm-none-eabi/lib/thumb/v6-m/nofp\libcr_nohost_nf.a(_cr__main.o) (_initio)
c:/nxp/mcuxpressoide_11.8.0_1165/ide/plugins/com.nxp.mcuxpresso.tools.win32_11.8.0.202306131047/tools/bin/../lib/gcc/arm-none-eabi/12.2.1/../../../../arm-none-eabi/lib/thumb/v6-m/nofp\libcr_c.a(setvbuf.o)
                              c:/nxp/mcuxpressoide_11.8.0_1165/ide/plugins/com.nxp.mcuxpresso.tools.win32_11.8.0.202306131047/tools/bin/../lib/gcc/arm-none-eabi/12.2.1/../../../../arm-none-eabi/lib/thumb/v6-m/nofp\libcr_c.a(initio.o) (setvbuf)
c:/nxp/mcuxpressoide_11.8.0_1165/ide/plugins/com.nxp.mcuxpresso.tools.win32_11.8.0.202306131047/tools/bin/../lib/gcc/arm-none-eabi/12.2.1/../../../../arm-none-eabi/lib/thumb/v6-m/nofp\libcr_c.a(strlen.o)
                              ./utilities/fsl_debug_console.o (strlen)
c:/nxp/mcuxpressoide_11.8.0_1165/ide/plugins/com.nxp.mcuxpresso.tools.win32_11.8.0.202306131047/tools/bin/../lib/gcc/arm-none-eabi/12.2.1/../../../../arm-none-eabi/lib/thumb/v6-m/nofp\libcr_c.a(_fdopen.o)
                              c:/nxp/mcuxpressoide_11.8.0_1165/ide/plugins/com.nxp.mcuxpresso.tools.win32_11.8.0.202306131047/tools/bin/../lib/gcc/arm-none-eabi/12.2.1/../../../../arm-none-eabi/lib/thumb/v6-m/nofp\libcr_c.a(initio.o) (_fdopen)
c:/nxp/mcuxpressoide_11.8.0_1165/ide/plugins/com.nxp.mcuxpresso.tools.win32_11.8.0.202306131047/tools/bin/../lib/gcc/arm-none-eabi/12.2.1/../../../../arm-none-eabi/lib/thumb/v6-m/nofp\libcr_c.a(fclose.o)
                              c:/nxp/mcuxpressoide_11.8.0_1165/ide/plugins/com.nxp.mcuxpresso.tools.win32_11.8.0.202306131047/tools/bin/../lib/gcc/arm-none-eabi/12.2.1/../../../../arm-none-eabi/lib/thumb/v6-m/nofp\libcr_c.a(initio.o) (fclose)
c:/nxp/mcuxpressoide_11.8.0_1165/ide/plugins/com.nxp.mcuxpresso.tools.win32_11.8.0.202306131047/tools/bin/../lib/gcc/arm-none-eabi/12.2.1/../../../../arm-none-eabi/lib/thumb/v6-m/nofp\libcr_c.a(fflush.o)
                              c:/nxp/mcuxpressoide_11.8.0_1165/ide/plugins/com.nxp.mcuxpresso.tools.win32_11.8.0.202306131047/tools/bin/../lib/gcc/arm-none-eabi/12.2.1/../../../../arm-none-eabi/lib/thumb/v6-m/nofp\libcr_c.a(fclose.o) (fflush)
c:/nxp/mcuxpressoide_11.8.0_1165/ide/plugins/com.nxp.mcuxpresso.tools.win32_11.8.0.202306131047/tools/bin/../lib/gcc/arm-none-eabi/12.2.1/../../../../arm-none-eabi/lib/thumb/v6-m/nofp\libcr_c.a(fseek.o)
                              c:/nxp/mcuxpressoide_11.8.0_1165/ide/plugins/com.nxp.mcuxpresso.tools.win32_11.8.0.202306131047/tools/bin/../lib/gcc/arm-none-eabi/12.2.1/../../../../arm-none-eabi/lib/thumb/v6-m/nofp\libcr_c.a(_fdopen.o) (fseek)
c:/nxp/mcuxpressoide_11.8.0_1165/ide/plugins/com.nxp.mcuxpresso.tools.win32_11.8.0.202306131047/tools/bin/../lib/gcc/arm-none-eabi/12.2.1/../../../../arm-none-eabi/lib/thumb/v6-m/nofp\libcr_c.a(ftell.o)
                              c:/nxp/mcuxpressoide_11.8.0_1165/ide/plugins/com.nxp.mcuxpresso.tools.win32_11.8.0.202306131047/tools/bin/../lib/gcc/arm-none-eabi/12.2.1/../../../../arm-none-eabi/lib/thumb/v6-m/nofp\libcr_c.a(fseek.o) (ftell)
c:/nxp/mcuxpressoide_11.8.0_1165/ide/plugins/com.nxp.mcuxpresso.tools.win32_11.8.0.202306131047/tools/bin/../lib/gcc/arm-none-eabi/12.2.1/../../../../arm-none-eabi/lib/thumb/v6-m/nofp\libcr_c.a(remove.o)
                              c:/nxp/mcuxpressoide_11.8.0_1165/ide/plugins/com.nxp.mcuxpresso.tools.win32_11.8.0.202306131047/tools/bin/../lib/gcc/arm-none-eabi/12.2.1/../../../../arm-none-eabi/lib/thumb/v6-m/nofp\libcr_c.a(fclose.o) (remove)
c:/nxp/mcuxpressoide_11.8.0_1165/ide/plugins/com.nxp.mcuxpresso.tools.win32_11.8.0.202306131047/tools/bin/../lib/gcc/arm-none-eabi/12.2.1/../../../../arm-none-eabi/lib/thumb/v6-m/nofp\libcr_c.a(_do_fflush.o)
[...]
Memory Configuration

Name             Origin             Length             Attributes
PROGRAM_FLASH    0x00000000         0x00020000         xr
SRAM             0x1ffff000         0x00004000         xrw
*default*        0x00000000         0xffffffff

Linker script and memory map

LOAD ./utilities/fsl_debug_console.o
LOAD ./startup/startup_mkl25z4.o
LOAD ./source/freertos_hello.o
LOAD ./source/mtb.o
LOAD ./source/semihost_hardfault.o
LOAD ./freertos/croutine.o
LOAD ./freertos/event_groups.o
LOAD ./freertos/fsl_tickless_lptmr.o
LOAD ./freertos/fsl_tickless_systick.o
LOAD ./freertos/heap_4.o
LOAD ./freertos/list.o
LOAD ./freertos/port.o
LOAD ./freertos/queue.o
LOAD ./freertos/tasks.o
LOAD ./freertos/timers.o
LOAD ./drivers/fsl_clock.o
LOAD ./drivers/fsl_common.o
LOAD ./drivers/fsl_flash.o
LOAD ./drivers/fsl_gpio.o
LOAD ./drivers/fsl_lpsci.o
LOAD ./drivers/fsl_lpsci_freertos.o
LOAD ./drivers/fsl_pit.o
LOAD ./drivers/fsl_smc.o
LOAD ./drivers/fsl_uart.o
LOAD ./drivers/fsl_uart_freertos.o
LOAD ./board/board.o
LOAD ./board/clock_config.o
LOAD ./board/pin_mux.o
LOAD ./CMSIS/system_MKL25Z4.o
START GROUP
LOAD c:/nxp/mcuxpressoide_11.8.0_1165/ide/plugins/com.nxp.mcuxpresso.tools.win32_11.8.0.202306131047/tools/bin/../lib/gcc/arm-none-eabi/12.2.1/../../../../arm-none-eabi/lib/thumb/v6-m/nofp\libcr_nohost_nf.a
LOAD c:/nxp/mcuxpressoide_11.8.0_1165/ide/plugins/com.nxp.mcuxpresso.tools.win32_11.8.0.202306131047/tools/bin/../lib/gcc/arm-none-eabi/12.2.1/../../../../arm-none-eabi/lib/thumb/v6-m/nofp\libcr_c.a
LOAD c:/nxp/mcuxpressoide_11.8.0_1165/ide/plugins/com.nxp.mcuxpresso.tools.win32_11.8.0.202306131047/tools/bin/../lib/gcc/arm-none-eabi/12.2.1/thumb/v6-m/nofp\libcr_eabihelpers.a
LOAD c:/nxp/mcuxpressoide_11.8.0_1165/ide/plugins/com.nxp.mcuxpresso.tools.win32_11.8.0.202306131047/tools/bin/../lib/gcc/arm-none-eabi/12.2.1/thumb/v6-m/nofp\libgcc.a
END GROUP
                0x00000000                __base_PROGRAM_FLASH = 0x0
                0x00000000                __base_Flash = 0x0
                0x00020000                __top_PROGRAM_FLASH = 0x20000
                0x00020000                __top_Flash = 0x20000
                0x1ffff000                __base_SRAM = 0x1ffff000
                0x1ffff000                __base_RAM = 0x1ffff000
                0x20003000                __top_SRAM = 0x20003000
                0x20003000                __top_RAM = 0x20003000

.text           0x00000000     0x55f0
 FILL mask 0xff
                0x00000000                __vectors_start__ = ABSOLUTE (.)
 *(SORT_BY_ALIGNMENT(.isr_vector))
 .isr_vector    0x00000000       0xc0 ./startup/startup_mkl25z4.o
                0x00000000                g_pfnVectors
                0x00000000                __Vectors
                0x000000c0                . = ALIGN (0x4)
                0x000000c0                __section_table_start = .
                0x000000c0                __data_section_table = .
                0x000000c0        0x4 LONG 0x55f0 LOADADDR (.data)
                0x000000c4        0x4 LONG 0x1ffff080 ADDR (.data)
                0x000000c8        0x4 LONG 0x10 SIZEOF (.data)
                0x000000cc                __data_section_table_end = .
                0x000000cc                __bss_section_table = .
                0x000000cc        0x4 LONG 0x1ffff090 ADDR (.bss)
                0x000000d0        0x4 LONG 0x2a90 SIZEOF (.bss)
                0x000000d4                __bss_section_table_end = .
                0x000000d4                __section_table_end = .
 *(SORT_BY_ALIGNMENT(.after_vectors*))
 .after_vectors.reset
                0x000000d4       0x4c ./startup/startup_mkl25z4.o
                0x000000d4                ResetISR
 .after_vectors.init_data
                0x00000120       0x12 ./startup/startup_mkl25z4.o
                0x00000120                data_init
 .after_vectors.init_bss
                0x00000132       0x10 ./startup/startup_mkl25z4.o
                0x00000132                bss_init
 .after_vectors
                0x00000142      0x10c ./startup/startup_mkl25z4.o
                0x00000142                NMI_Handler
                0x0000014c                I2C0_DriverIRQHandler
                0x0000014c                DMA0_DriverIRQHandler
                0x0000014c                SPI1_DriverIRQHandler
                0x0000014c                LPTMR0_DriverIRQHandler
                0x0000014c                Reserved39_DriverIRQHandler
                0x0000014c                PIT_DriverIRQHandler
                0x0000014c                PORTD_DriverIRQHandler
                0x0000014c                DMA2_DriverIRQHandler
                0x0000014c                CMP0_DriverIRQHandler
                0x0000014c                TPM2_DriverIRQHandler
                0x0000014c                ADC0_DriverIRQHandler
                0x0000014c                SPI0_DriverIRQHandler
                0x0000014c                TSI0_DriverIRQHandler
                0x0000014c                RTC_Seconds_DriverIRQHandler
                0x0000014c                I2C1_DriverIRQHandler
                0x0000014c                DMA1_DriverIRQHandler
                0x0000014c                LLWU_DriverIRQHandler
                0x0000014c                MCG_DriverIRQHandler
                0x0000014c                RTC_DriverIRQHandler
                0x0000014c                TPM1_DriverIRQHandler
                0x0000014c                PORTA_DriverIRQHandler
                0x0000014c                FTFA_DriverIRQHandler
                0x0000014c                IntDefaultHandler
                0x0000014c                USB0_DriverIRQHandler
                0x0000014c                DAC0_DriverIRQHandler
                0x0000014c                Reserved45_DriverIRQHandler
                0x0000014c                LVD_LVW_DriverIRQHandler
                0x0000014c                TPM0_DriverIRQHandler
                0x0000014c                DMA3_DriverIRQHandler
                0x0000014c                Reserved20_DriverIRQHandler
                0x0000014e                DMA0_IRQHandler
                0x00000156                DMA1_IRQHandler
                0x0000015e                DMA2_IRQHandler
                0x00000166                DMA3_IRQHandler
                0x0000016e                Reserved20_IRQHandler
                0x00000176                FTFA_IRQHandler
                0x0000017e                LVD_LVW_IRQHandler
                0x00000186                LLWU_IRQHandler
                0x0000018e                I2C0_IRQHandler
                0x00000196                I2C1_IRQHandler
                0x0000019e                SPI0_IRQHandler
                0x000001a6                SPI1_IRQHandler
                0x000001ae                UART0_IRQHandler
                0x000001b6                UART1_IRQHandler
                0x000001be                UART2_IRQHandler
                0x000001c6                ADC0_IRQHandler
                0x000001ce                CMP0_IRQHandler
                0x000001d6                TPM0_IRQHandler
                0x000001de                TPM1_IRQHandler
                0x000001e6                TPM2_IRQHandler
                0x000001ee                RTC_IRQHandler
                0x000001f6                RTC_Seconds_IRQHandler
                0x00000206                Reserved39_IRQHandler
                0x0000020e                USB0_IRQHandler
                0x00000216                DAC0_IRQHandler
                0x0000021e                TSI0_IRQHandler
                0x00000226                MCG_IRQHandler
                0x0000022e                LPTMR0_IRQHandler
                0x00000236                Reserved45_IRQHandler
                0x0000023e                PORTA_IRQHandler
                0x00000246                PORTD_IRQHandler
                0x00000400                . = 0x400
 *fill*         0x0000024e      0x1b2 ff
                0x00000400                PROVIDE (__FLASH_CONFIG_START__ = .)
 *(SORT_BY_ALIGNMENT(.FlashConfig))
 .FlashConfig   0x00000400       0x10 ./startup/startup_mkl25z4.o
                0x00000400                Flash_Config
                0x00000410                PROVIDE (__FLASH_CONFIG_END__ = .)
                0x00000001                ASSERT (! ((__FLASH_CONFIG_START__ == __FLASH_CONFIG_END__)), Linker Flash Config Support Enabled, but no .FlashConfig section provided within application)
 *(SORT_BY_ALIGNMENT(.text*))
 .text.vPortStartFirstTask
                0x00000410       0x38 ./freertos/port.o
 *fill*         0x00000448        0x8 ff
 .text.PendSV_Handler
                0x00000450       0x48 ./freertos/port.o
                0x00000450                PendSV_Handler
 .text.DbgConsole_Init
                0x00000498       0xf4 ./utilities/fsl_debug_console.o
                0x00000498                DbgConsole_Init
 .text.DbgConsole_Printf
                0x0000058c       0x44 ./utilities/fsl_debug_console.o
                0x0000058c                DbgConsole_Printf
 .text.DbgConsole_Putchar
                0x000005d0       0x34 ./utilities/fsl_debug_console.o
                0x000005d0                DbgConsole_Putchar
 .text.NVIC_EnableIRQ
                0x00000604       0x2c ./source/freertos_hello.o
 .text.PIT_GetDefaultConfig
                0x00000630       0x28 ./source/freertos_hello.o
 .text.main     0x00000658      0x118 ./source/freertos_hello.o
                0x00000658                main
 .text.vPeriodicTask
                0x00000770       0x40 ./source/freertos_hello.o
 .text.vHandlerTask
                0x000007b0       0x3c ./source/freertos_hello.o
 .text.PIT_IRQHandler
                0x000007ec       0x48 ./source/freertos_hello.o
                0x000007ec                PIT_IRQHandler
 .text.HardFault_Handler
                0x00000834       0x38 ./source/semihost_hardfault.o
                0x00000834                HardFault_Handler
 .text.prvSetupTimerInterrupt
                0x0000086c       0x40 ./freertos/fsl_tickless_lptmr.o
                0x0000086c                prvSetupTimerInterrupt
 .text.pvPortMalloc
                0x000008ac      0x150 ./freertos/heap_4.o
                0x000008ac                pvPortMalloc
 .text.vPortFree
                0x000009fc       0x94 ./freertos/heap_4.o
                0x000009fc                vPortFree
 .text.prvHeapInit
                0x00000a90       0xc0 ./freertos/heap_4.o
 .text.prvInsertBlockIntoFreeList
                0x00000b50       0xb0 ./freertos/heap_4.o
 .text.pxPortInitialiseStack
                0x00000c00       0x54 ./freertos/port.o
                0x00000c00                pxPortInitialiseStack
 .text.prvTaskExitError
                0x00000c54       0x1c ./freertos/port.o
 .text.xPortStartScheduler
                0x00000c70       0x44 ./freertos/port.o
                0x00000c70                xPortStartScheduler
 .text.vPortYield
                0x00000cb4       0x20 ./freertos/port.o
                0x00000cb4                vPortYield
 .text.vPortEnterCritical
                0x00000cd4       0x24 ./freertos/port.o
                0x00000cd4                vPortEnterCritical
 .text.vPortExitCritical
                0x00000cf8       0x30 ./freertos/port.o
                0x00000cf8                vPortExitCritical
 .text.SysTick_Handler
                0x00000d28       0x34 ./freertos/port.o
                0x00000d28                SysTick_Handler
 .text.vQueueAddToRegistry
                0x00000d5c       0x50 ./freertos/queue.o
                0x00000d5c                vQueueAddToRegistry
 .text.prvInitialiseNewTask
                0x00000dac      0x12c ./freertos/tasks.o
 .text.prvAddNewTaskToReadyList
                0x00000ed8       0xd0 ./freertos/tasks.o
 .text.vTaskSuspend
                0x00000fa8       0xb8 ./freertos/tasks.o
                0x00000fa8                vTaskSuspend
 .text.prvTaskIsTaskSuspended
                0x00001060       0x64 ./freertos/tasks.o
 .text.vTaskResume
                0x000010c4       0x9c ./freertos/tasks.o
                0x000010c4                vTaskResume
 .text.vTaskStartScheduler
                0x00001160       0x7c ./freertos/tasks.o
                0x00001160                vTaskStartScheduler
 .text.vTaskSuspendAll
                0x000011dc       0x18 ./freertos/tasks.o
                0x000011dc                vTaskSuspendAll
 .text.xTaskResumeAll
                0x000011f4      0x118 ./freertos/tasks.o
                0x000011f4                xTaskResumeAll
 .text.xTaskGetTickCount
                0x0000130c       0x1c ./freertos/tasks.o
                0x0000130c                xTaskGetTickCount
 .text.xTaskIncrementTick
                0x00001328      0x150 ./freertos/tasks.o
                0x00001328                xTaskIncrementTick
 .text.vTaskSwitchContext
                0x00001478       0xa4 ./freertos/tasks.o
                0x00001478                vTaskSwitchContext
 .text.vTaskPlaceOnEventList
                0x0000151c       0x40 ./freertos/tasks.o
                0x0000151c                vTaskPlaceOnEventList
 .text.vTaskPlaceOnEventListRestricted
                0x0000155c       0x50 ./freertos/tasks.o
                0x0000155c                vTaskPlaceOnEventListRestricted
 .text.xTaskRemoveFromEventList
                0x000015ac       0xbc ./freertos/tasks.o
                0x000015ac                xTaskRemoveFromEventList
 .text.vTaskSetTimeOutState
                0x00001668       0x34 ./freertos/tasks.o
                0x00001668                vTaskSetTimeOutState
 .text.xTaskCheckForTimeOut
                0x0000169c       0xa0 ./freertos/tasks.o
                0x0000169c                xTaskCheckForTimeOut
 .text.vTaskMissedYield
                0x0000173c       0x14 ./freertos/tasks.o
                0x0000173c                vTaskMissedYield
 .text.prvIdleTask
                0x00001750       0x20 ./freertos/tasks.o
 .text.prvInitialiseTaskLists
                0x00001770       0x88 ./freertos/tasks.o
 .text.prvCheckTasksWaitingTermination
                0x000017f8       0x78 ./freertos/tasks.o
 .text.prvResetNextTaskUnblockTime
                0x00001870       0x48 ./freertos/tasks.o
 .text.xTaskGetSchedulerState
                0x000018b8       0x38 ./freertos/tasks.o
                0x000018b8                xTaskGetSchedulerState
 .text.vTaskPriorityInherit
                0x000018f0       0xbc ./freertos/tasks.o
                0x000018f0                vTaskPriorityInherit
 .text.xTaskPriorityDisinherit
                0x000019ac       0xbc ./freertos/tasks.o
                0x000019ac                xTaskPriorityDisinherit
 .text.pvTaskIncrementMutexHeldCount
                0x00001a68       0x24 ./freertos/tasks.o
                0x00001a68                pvTaskIncrementMutexHeldCount
 .text.xTaskGenericNotify
                0x00001a8c      0x11c ./freertos/tasks.o
                0x00001a8c                xTaskGenericNotify
 .text.xTaskGenericNotifyFromISR
                0x00001ba8      0x158 ./freertos/tasks.o
                0x00001ba8                xTaskGenericNotifyFromISR
 .text.prvAddCurrentTaskToDelayedList
                0x00001d00       0xa8 ./freertos/tasks.o
 .text.xTimerCreateTimerTask
                0x00001da8       0x54 ./freertos/timers.o
                0x00001da8                xTimerCreateTimerTask
 .text.xTimerGenericCommand
                0x00001dfc       0x98 ./freertos/timers.o
                0x00001dfc                xTimerGenericCommand
 .text.prvProcessExpiredTimer
                0x00001e94       0x74 ./freertos/timers.o
 .text.prvProcessTimerOrBlockTask
                0x00001f08       0x8c ./freertos/timers.o
 .text.prvGetNextExpireTime
                0x00001f94       0x40 ./freertos/timers.o
 .text.prvSampleTimeNow
                0x00001fd4       0x40 ./freertos/timers.o
 .text.prvInsertTimerInActiveList
                0x00002014       0x84 ./freertos/timers.o
 .text.prvProcessReceivedCommands
                0x00002098      0x134 ./freertos/timers.o
 .text.prvSwitchTimerLists
                0x000021cc       0xb8 ./freertos/timers.o
 .text.prvCheckForValidListAndQueue
                0x00002284       0x74 ./freertos/timers.o
 .text.CLOCK_SetEr32kClock
                0x000022f8       0x34 ./drivers/fsl_clock.o
 .text.CLOCK_SetPllFllSelClock
                0x0000232c       0x38 ./drivers/fsl_clock.o
 .text.CLOCK_GetMcgExtClkFreq
                0x00002364       0x28 ./drivers/fsl_clock.o
 .text.CLOCK_GetFllExtRefClkFreq
                0x0000238c       0xa8 ./drivers/fsl_clock.o
 .text.CLOCK_GetInternalRefClkSelectFreq
                0x00002434       0x40 ./drivers/fsl_clock.o
 .text.CLOCK_GetFllRefClkFreq
                0x00002474       0x2c ./drivers/fsl_clock.o
 .text.CLOCK_GetOscRangeFromFreq
                0x000024a0       0x4c ./drivers/fsl_clock.o
 .text.CLOCK_GetOsc0ErClkFreq
                0x000024ec       0x3c ./drivers/fsl_clock.o
                0x000024ec                CLOCK_GetOsc0ErClkFreq
 .text.CLOCK_GetEr32kClkFreq
                0x00002528       0x78 ./drivers/fsl_clock.o
                0x00002528                CLOCK_GetEr32kClkFreq
 .text.CLOCK_GetPllFllSelClkFreq
                0x000025a0       0x4c ./drivers/fsl_clock.o
                0x000025a0                CLOCK_GetPllFllSelClkFreq
 .text.CLOCK_GetFreq
                0x000025ec       0xe0 ./drivers/fsl_clock.o
                0x000025ec                CLOCK_GetFreq
 .text.CLOCK_SetSimConfig
                0x000026cc       0x38 ./drivers/fsl_clock.o
                0x000026cc                CLOCK_SetSimConfig
 .text.CLOCK_GetOutClkFreq
                0x00002704       0x78 ./drivers/fsl_clock.o
                0x00002704                CLOCK_GetOutClkFreq
 .text.CLOCK_GetFllFreq
                0x0000277c       0x84 ./drivers/fsl_clock.o
                0x0000277c                CLOCK_GetFllFreq
 .text.CLOCK_GetInternalRefClkFreq
                0x00002800       0x28 ./drivers/fsl_clock.o
                0x00002800                CLOCK_GetInternalRefClkFreq
 .text.CLOCK_GetPll0Freq
                0x00002828       0x70 ./drivers/fsl_clock.o
                0x00002828                CLOCK_GetPll0Freq
 .text.CLOCK_SetInternalRefClkConfig
                0x00002898      0x124 ./drivers/fsl_clock.o
                0x00002898                CLOCK_SetInternalRefClkConfig
 .text.CLOCK_EnablePll0
                0x000029bc       0x94 ./drivers/fsl_clock.o
                0x000029bc                CLOCK_EnablePll0
 .text.CLOCK_InitOsc0
                0x00002a50       0x94 ./drivers/fsl_clock.o
                0x00002a50                CLOCK_InitOsc0
 .text.CLOCK_SetPbeMode
                0x00002ae4       0xb0 ./drivers/fsl_clock.o
                0x00002ae4                CLOCK_SetPbeMode
 .text.CLOCK_BootToPeeMode
                0x00002b94       0x70 ./drivers/fsl_clock.o
                0x00002b94                CLOCK_BootToPeeMode
 .text.__assertion_failed
                0x00002c04       0x1c ./drivers/fsl_common.o
                0x00002c04                __assertion_failed
 .text.CLOCK_EnableClock
                0x00002c20       0x34 ./drivers/fsl_lpsci.o
 .text.LPSCI_GetInstance
                0x00002c54       0x48 ./drivers/fsl_lpsci.o
                0x00002c54                LPSCI_GetInstance
 .text.LPSCI_Init
                0x00002c9c      0x258 ./drivers/fsl_lpsci.o
                0x00002c9c                LPSCI_Init
 .text.LPSCI_GetDefaultConfig
                0x00002ef4       0x44 ./drivers/fsl_lpsci.o
                0x00002ef4                LPSCI_GetDefaultConfig
 .text.LPSCI_ClearStatusFlags
                0x00002f38       0x94 ./drivers/fsl_lpsci.o
                0x00002f38                LPSCI_ClearStatusFlags
 .text.LPSCI_WriteBlocking
                0x00002fcc       0x4c ./drivers/fsl_lpsci.o
                0x00002fcc                LPSCI_WriteBlocking
 .text.LPSCI_ReadBlocking
                0x00003018       0xc0 ./drivers/fsl_lpsci.o
                0x00003018                LPSCI_ReadBlocking
 .text.UART0_DriverIRQHandler
                0x000030d8       0x24 ./drivers/fsl_lpsci.o
                0x000030d8                UART0_DriverIRQHandler
 .text.CLOCK_EnableClock
                0x000030fc       0x34 ./drivers/fsl_pit.o
 .text.PIT_GetInstance
                0x00003130       0x48 ./drivers/fsl_pit.o
 .text.PIT_Init
                0x00003178       0x6c ./drivers/fsl_pit.o
                0x00003178                PIT_Init
 .text.CLOCK_EnableClock
                0x000031e4       0x34 ./drivers/fsl_uart.o
 .text.UART_GetInstance
                0x00003218       0x54 ./drivers/fsl_uart.o
                0x00003218                UART_GetInstance
 .text.UART_Init
                0x0000326c      0x1e0 ./drivers/fsl_uart.o
                0x0000326c                UART_Init
 .text.UART_GetDefaultConfig
                0x0000344c       0x44 ./drivers/fsl_uart.o
                0x0000344c                UART_GetDefaultConfig
 .text.UART_ReadBlocking
                0x00003490       0x98 ./drivers/fsl_uart.o
                0x00003490                UART_ReadBlocking
 .text.UART1_DriverIRQHandler
                0x00003528       0x24 ./drivers/fsl_uart.o
                0x00003528                UART1_DriverIRQHandler
 .text.UART2_DriverIRQHandler
                0x0000354c       0x24 ./drivers/fsl_uart.o
                0x0000354c                UART2_DriverIRQHandler
 .text.CLOCK_SetLpsci0Clock
                0x00003570       0x38 ./board/board.o
 .text.BOARD_InitDebugConsole
                0x000035a8       0x30 ./board/board.o
                0x000035a8                BOARD_InitDebugConsole
 .text.CLOCK_SetSimSafeDivs
                0x000035d8       0x20 ./board/clock_config.o
 .text.CLOCK_SetXtal0Freq
                0x000035f8       0x1c ./board/clock_config.o
 .text.CLOCK_CONFIG_SetFllExtRefDiv
                0x00003614       0x3c ./board/clock_config.o
 .text.BOARD_BootClockRUN
                0x00003650       0x64 ./board/clock_config.o
                0x00003650                BOARD_BootClockRUN
 .text.CLOCK_EnableClock
                0x000036b4       0x34 ./board/pin_mux.o
 .text.PORT_SetPinMux
                0x000036e8       0x40 ./board/pin_mux.o
 .text.BOARD_InitPins
                0x00003728       0x4c ./board/pin_mux.o
                0x00003728                BOARD_InitPins
 .text.SystemInit
                0x00003774       0x18 ./CMSIS/system_MKL25Z4.o
                0x00003774                SystemInit
 .text._initio  0x0000378c       0x7c c:/nxp/mcuxpressoide_11.8.0_1165/ide/plugins/com.nxp.mcuxpresso.tools.win32_11.8.0.202306131047/tools/bin/../lib/gcc/arm-none-eabi/12.2.1/../../../../arm-none-eabi/lib/thumb/v6-m/nofp\libcr_c.a(initio.o)
                0x0000378c                _initio
 .text.setvbuf  0x00003808       0x4c c:/nxp/mcuxpressoide_11.8.0_1165/ide/plugins/com.nxp.mcuxpresso.tools.win32_11.8.0.202306131047/tools/bin/../lib/gcc/arm-none-eabi/12.2.1/../../../../arm-none-eabi/lib/thumb/v6-m/nofp\libcr_c.a(setvbuf.o)
                0x00003808                setvbuf
 .text.strlen   0x00003854       0x5c c:/nxp/mcuxpressoide_11.8.0_1165/ide/plugins/com.nxp.mcuxpresso.tools.win32_11.8.0.202306131047/tools/bin/../lib/gcc/arm-none-eabi/12.2.1/../../../../arm-none-eabi/lib/thumb/v6-m/nofp\libcr_c.a(strlen.o)
                0x00003854                strlen
 .text._fdopen  0x000038b0       0x74 c:/nxp/mcuxpressoide_11.8.0_1165/ide/plugins/com.nxp.mcuxpresso.tools.win32_11.8.0.202306131047/tools/bin/../lib/gcc/arm-none-eabi/12.2.1/../../../../arm-none-eabi/lib/thumb/v6-m/nofp\libcr_c.a(_fdopen.o)
                0x000038b0                _fdopen
 .text.fclose   0x00003924       0x5c c:/nxp/mcuxpressoide_11.8.0_1165/ide/plugins/com.nxp.mcuxpresso.tools.win32_11.8.0.202306131047/tools/bin/../lib/gcc/arm-none-eabi/12.2.1/../../../../arm-none-eabi/lib/thumb/v6-m/nofp\libcr_c.a(fclose.o)
                0x00003924                fclose
 .text.fflush   0x00003980       0x40 c:/nxp/mcuxpressoide_11.8.0_1165/ide/plugins/com.nxp.mcuxpresso.tools.win32_11.8.0.202306131047/tools/bin/../lib/gcc/arm-none-eabi/12.2.1/../../../../arm-none-eabi/lib/thumb/v6-m/nofp\libcr_c.a(fflush.o)
                0x00003980                fflush
 .text.fseek    0x000039c0       0xec c:/nxp/mcuxpressoide_11.8.0_1165/ide/plugins/com.nxp.mcuxpresso.tools.win32_11.8.0.202306131047/tools/bin/../lib/gcc/arm-none-eabi/12.2.1/../../../../arm-none-eabi/lib/thumb/v6-m/nofp\libcr_c.a(fseek.o)
                0x000039c0                fseek
 .text.ftell    0x00003aac       0x4c c:/nxp/mcuxpressoide_11.8.0_1165/ide/plugins/com.nxp.mcuxpresso.tools.win32_11.8.0.202306131047/tools/bin/../lib/gcc/arm-none-eabi/12.2.1/../../../../arm-none-eabi/lib/thumb/v6-m/nofp\libcr_c.a(ftell.o)
                0x00003aac                ftell
 .text._do_fflush
                0x00003af8       0x48 c:/nxp/mcuxpressoide_11.8.0_1165/ide/plugins/com.nxp.mcuxpresso.tools.win32_11.8.0.202306131047/tools/bin/../lib/gcc/arm-none-eabi/12.2.1/../../../../arm-none-eabi/lib/thumb/v6-m/nofp\libcr_c.a(_do_fflush.o)
                0x00003af8                _do_fflush
 .text._fflush  0x00003b40       0x5c c:/nxp/mcuxpressoide_11.8.0_1165/ide/plugins/com.nxp.mcuxpresso.tools.win32_11.8.0.202306131047/tools/bin/../lib/gcc/arm-none-eabi/12.2.1/../../../../arm-none-eabi/lib/thumb/v6-m/nofp\libcr_c.a(_fflush.o)
                0x00003b40                _fflush
 .text._Cwritebuf
                0x00003b9c       0x68 c:/nxp/mcuxpressoide_11.8.0_1165/ide/plugins/com.nxp.mcuxpresso.tools.win32_11.8.0.202306131047/tools/bin/../lib/gcc/arm-none-eabi/12.2.1/../../../../arm-none-eabi/lib/thumb/v6-m/nofp\libcr_c.a(_writebuf.o)
                0x00003b9c                _Cwritebuf
 .text._deferredlazyseek
                0x00003c04       0x40 c:/nxp/mcuxpressoide_11.8.0_1165/ide/plugins/com.nxp.mcuxpresso.tools.win32_11.8.0.202306131047/tools/bin/../lib/gcc/arm-none-eabi/12.2.1/../../../../arm-none-eabi/lib/thumb/v6-m/nofp\libcr_c.a(_deferredlazyseek.o)
                0x00003c04                _deferredlazyseek
 .text.UART_EnableTx
                0x00003c44       0x40 ./utilities/fsl_debug_console.o
 .text.UART_EnableRx
                0x00003c84       0x40 ./utilities/fsl_debug_console.o
 .text.LPSCI_EnableTx
                0x00003cc4       0x40 ./utilities/fsl_debug_console.o
 .text.LPSCI_EnableRx
                0x00003d04       0x40 ./utilities/fsl_debug_console.o
 .text.DbgConsole_PrintfPaddingCharacter
                0x00003d44       0x48 ./utilities/fsl_debug_console.o
 .text.DbgConsole_ConvertRadixNumToString
                0x00003d8c      0x114 ./utilities/fsl_debug_console.o
 .text.DbgConsole_PrintfFormattedData
                0x00003ea0      0x33a ./utilities/fsl_debug_console.o
 .text.EnableIRQ
                0x000041da       0x2c ./source/freertos_hello.o
 .text.PIT_EnableInterrupts
                0x00004206       0x42 ./source/freertos_hello.o
 .text.PIT_ClearStatusFlags
                0x00004248       0x2e ./source/freertos_hello.o
 .text.PIT_SetTimerPeriod
                0x00004276       0x28 ./source/freertos_hello.o
 .text.PIT_StartTimer
                0x0000429e       0x3e ./source/freertos_hello.o
 .text.vListInitialise
                0x000042dc       0x3c ./freertos/list.o
                0x000042dc                vListInitialise
 .text.vListInitialiseItem
                0x00004318       0x16 ./freertos/list.o
                0x00004318                vListInitialiseItem
 .text.vListInsertEnd
                0x0000432e       0x44 ./freertos/list.o
                0x0000432e                vListInsertEnd
 .text.vListInsert
                0x00004372       0x6c ./freertos/list.o
                0x00004372                vListInsert
 .text.uxListRemove
                0x000043de       0x50 ./freertos/list.o
                0x000043de                uxListRemove
 .text.SVC_Handler
                0x0000442e        0xa ./freertos/port.o
                0x0000442e                SVC_Handler
 .text.ulSetInterruptMaskFromISR
                0x00004438        0xc ./freertos/port.o
                0x00004438                ulSetInterruptMaskFromISR
 .text.vClearInterruptMaskFromISR
                0x00004444        0x8 ./freertos/port.o
                0x00004444                vClearInterruptMaskFromISR
 .text.xQueueGenericReset
                0x0000444c       0xaa ./freertos/queue.o
                0x0000444c                xQueueGenericReset
 .text.xQueueGenericCreate
                0x000044f6       0x66 ./freertos/queue.o
                0x000044f6                xQueueGenericCreate
 .text.prvInitialiseNewQueue
                0x0000455c       0x4e ./freertos/queue.o
 .text.xQueueGenericSend
                0x000045aa      0x190 ./freertos/queue.o
                0x000045aa                xQueueGenericSend
 .text.xQueueGenericSendFromISR
                0x0000473a       0xe8 ./freertos/queue.o
                0x0000473a                xQueueGenericSendFromISR
 .text.xQueueGiveFromISR
                0x00004822       0xd0 ./freertos/queue.o
                0x00004822                xQueueGiveFromISR
 .text.xQueueGenericReceive
                0x000048f2      0x1ce ./freertos/queue.o
                0x000048f2                xQueueGenericReceive
 .text.prvCopyDataToQueue
                0x00004ac0       0xd6 ./freertos/queue.o
 .text.prvCopyDataFromQueue
                0x00004b96       0x4c ./freertos/queue.o
 .text.prvUnlockQueue
                0x00004be2       0xbc ./freertos/queue.o
 .text.prvIsQueueEmpty
                0x00004c9e       0x2c ./freertos/queue.o
 .text.prvIsQueueFull
                0x00004cca       0x30 ./freertos/queue.o
 .text.vQueueWaitForMessageRestricted
                0x00004cfa       0x66 ./freertos/queue.o
                0x00004cfa                vQueueWaitForMessageRestricted
 .text.xTaskCreate
                0x00004d60       0x90 ./freertos/tasks.o
                0x00004d60                xTaskCreate
 .text.prvDeleteTCB
                0x00004df0       0x22 ./freertos/tasks.o
 .text.prvTimerTask
                0x00004e12       0x2a ./freertos/timers.o
 .text.OSC_SetExtRefClkConfig
                0x00004e3c       0x3e ./drivers/fsl_clock.o
 .text.OSC_SetCapLoad
                0x00004e7a       0x42 ./drivers/fsl_clock.o
 .text.CLOCK_GetPll0RefFreq
                0x00004ebc       0x10 ./drivers/fsl_clock.o
 .text.CLOCK_GetFixedFreqClkFreq
                0x00004ecc       0x30 ./drivers/fsl_clock.o
                0x00004ecc                CLOCK_GetFixedFreqClkFreq
 .text.CLOCK_SetExternalRefClkConfig
                0x00004efc       0x16 ./drivers/fsl_clock.o
                0x00004efc                CLOCK_SetExternalRefClkConfig
 .text.LPSCI_GetStatusFlags
                0x00004f12       0x26 ./drivers/fsl_lpsci.o
                0x00004f12                LPSCI_GetStatusFlags
 .text.UART_GetStatusFlags
                0x00004f38       0x26 ./drivers/fsl_uart.o
                0x00004f38                UART_GetStatusFlags
 .text.UART_WriteBlocking
                0x00004f5e       0x3c ./drivers/fsl_uart.o
                0x00004f5e                UART_WriteBlocking
 .text.__main   0x00004f9a        0xc c:/nxp/mcuxpressoide_11.8.0_1165/ide/plugins/com.nxp.mcuxpresso.tools.win32_11.8.0.202306131047/tools/bin/../lib/gcc/arm-none-eabi/12.2.1/../../../../arm-none-eabi/lib/thumb/v6-m/nofp\libcr_nohost_nf.a(_cr__main.o)
                0x00004f9a                __main
 .text.memcpy   0x00004fa6        0x8 c:/nxp/mcuxpressoide_11.8.0_1165/ide/plugins/com.nxp.mcuxpresso.tools.win32_11.8.0.202306131047/tools/bin/../lib/gcc/arm-none-eabi/12.2.1/../../../../arm-none-eabi/lib/thumb/v6-m/nofp\libcr_c.a(memcpy.o)
                0x00004fa6                memcpy
 .text.memset   0x00004fae        0x8 c:/nxp/mcuxpressoide_11.8.0_1165/ide/plugins/com.nxp.mcuxpresso.tools.win32_11.8.0.202306131047/tools/bin/../lib/gcc/arm-none-eabi/12.2.1/../../../../arm-none-eabi/lib/thumb/v6-m/nofp\libcr_c.a(memset.o)
                0x00004fae                memset
 .text.remove   0x00004fb6       0x12 c:/nxp/mcuxpressoide_11.8.0_1165/ide/plugins/com.nxp.mcuxpresso.tools.win32_11.8.0.202306131047/tools/bin/../lib/gcc/arm-none-eabi/12.2.1/../../../../arm-none-eabi/lib/thumb/v6-m/nofp\libcr_c.a(remove.o)
                0x00004fb6                remove
 .text.free     0x00004fc8       0x2c c:/nxp/mcuxpressoide_11.8.0_1165/ide/plugins/com.nxp.mcuxpresso.tools.win32_11.8.0.202306131047/tools/bin/../lib/gcc/arm-none-eabi/12.2.1/../../../../arm-none-eabi/lib/thumb/v6-m/nofp\libcr_c.a(alloc.o)
                0x00004fc8                free
 .text.__aeabi_division_idivmod
                0x00004ff4       0x78 c:/nxp/mcuxpressoide_11.8.0_1165/ide/plugins/com.nxp.mcuxpresso.tools.win32_11.8.0.202306131047/tools/bin/../lib/gcc/arm-none-eabi/12.2.1/thumb/v6-m/nofp\libcr_eabihelpers.a(division_32.o)
                0x00004ff4                __aeabi_idivmod
                0x00004ff4                __aeabi_idiv
                0x00004ffa                __aeabi_uidivmod
                0x00004ffa                __aeabi_uidiv
 .text.__aeabi_division_uldivmod
                0x0000506c       0x5a c:/nxp/mcuxpressoide_11.8.0_1165/ide/plugins/com.nxp.mcuxpresso.tools.win32_11.8.0.202306131047/tools/bin/../lib/gcc/arm-none-eabi/12.2.1/thumb/v6-m/nofp\libcr_eabihelpers.a(division_64.o)
                0x0000506c                __aeabi_uldivmod
 .text.__aeabi_division_idiv0
                0x000050c6        0x2 c:/nxp/mcuxpressoide_11.8.0_1165/ide/plugins/com.nxp.mcuxpresso.tools.win32_11.8.0.202306131047/tools/bin/../lib/gcc/arm-none-eabi/12.2.1/thumb/v6-m/nofp\libcr_eabihelpers.a(division_idiv0.o)
                0x000050c6                __aeabi_idiv0
 .text.__aeabi_memcpy
                0x000050c8       0x2c c:/nxp/mcuxpressoide_11.8.0_1165/ide/plugins/com.nxp.mcuxpresso.tools.win32_11.8.0.202306131047/tools/bin/../lib/gcc/arm-none-eabi/12.2.1/thumb/v6-m/nofp\libcr_eabihelpers.a(memcpy.o)
                0x000050c8                __aeabi_memcpy4
                0x000050c8                __aeabi_memcpy8
                0x000050c8                __aeabi_memcpy
 .text.__aeabi_memset_lowlevel
                0x000050f4       0x2a c:/nxp/mcuxpressoide_11.8.0_1165/ide/plugins/com.nxp.mcuxpresso.tools.win32_11.8.0.202306131047/tools/bin/../lib/gcc/arm-none-eabi/12.2.1/thumb/v6-m/nofp\libcr_eabihelpers.a(memcpy.o)
                0x000050f4                __aeabi_lowlevel_memset
 .text.__sys_close
                0x0000511e        0x6 c:/nxp/mcuxpressoide_11.8.0_1165/ide/plugins/com.nxp.mcuxpresso.tools.win32_11.8.0.202306131047/tools/bin/../lib/gcc/arm-none-eabi/12.2.1/../../../../arm-none-eabi/lib/thumb/v6-m/nofp\libcr_nohost_nf.a(__sys_close.o)
                0x0000511e                __sys_close
 .text.__sys_flen
                0x00005124        0x6 c:/nxp/mcuxpressoide_11.8.0_1165/ide/plugins/com.nxp.mcuxpresso.tools.win32_11.8.0.202306131047/tools/bin/../lib/gcc/arm-none-eabi/12.2.1/../../../../arm-none-eabi/lib/thumb/v6-m/nofp\libcr_nohost_nf.a(__sys_flen.o)
                0x00005124                __sys_flen
 .text.__sys_istty
                0x0000512a        0x6 c:/nxp/mcuxpressoide_11.8.0_1165/ide/plugins/com.nxp.mcuxpresso.tools.win32_11.8.0.202306131047/tools/bin/../lib/gcc/arm-none-eabi/12.2.1/../../../../arm-none-eabi/lib/thumb/v6-m/nofp\libcr_nohost_nf.a(__sys_istty.o)
                0x0000512a                __sys_istty
 .text.__sys_remove
                0x00005130        0x6 c:/nxp/mcuxpressoide_11.8.0_1165/ide/plugins/com.nxp.mcuxpresso.tools.win32_11.8.0.202306131047/tools/bin/../lib/gcc/arm-none-eabi/12.2.1/../../../../arm-none-eabi/lib/thumb/v6-m/nofp\libcr_nohost_nf.a(__sys_remove.o)
                0x00005130                __sys_remove
 .text.__sys_seek
                0x00005136        0x6 c:/nxp/mcuxpressoide_11.8.0_1165/ide/plugins/com.nxp.mcuxpresso.tools.win32_11.8.0.202306131047/tools/bin/../lib/gcc/arm-none-eabi/12.2.1/../../../../arm-none-eabi/lib/thumb/v6-m/nofp\libcr_nohost_nf.a(__sys_seek.o)
                0x00005136                __sys_seek
 .text.__sys_tmpnam
                0x0000513c        0x6 c:/nxp/mcuxpressoide_11.8.0_1165/ide/plugins/com.nxp.mcuxpresso.tools.win32_11.8.0.202306131047/tools/bin/../lib/gcc/arm-none-eabi/12.2.1/../../../../arm-none-eabi/lib/thumb/v6-m/nofp\libcr_nohost_nf.a(__sys_tmpnam.o)
                0x0000513c                __sys_tmpnam
 .text.__sys_write
                0x00005142        0x4 c:/nxp/mcuxpressoide_11.8.0_1165/ide/plugins/com.nxp.mcuxpresso.tools.win32_11.8.0.202306131047/tools/bin/../lib/gcc/arm-none-eabi/12.2.1/../../../../arm-none-eabi/lib/thumb/v6-m/nofp\libcr_nohost_nf.a(__sys_write.o)
                0x00005142                __sys_write
 *freertos*/tasks.o(SORT_BY_ALIGNMENT(.rodata*))
 *fill*         0x00005146        0x2 ff
 .rodata.vTaskStartScheduler.str1.4
                0x00005148        0x5 ./freertos/tasks.o
 *fill*         0x0000514d        0x3 ff
 .rodata.xTaskGenericNotify
                0x00005150       0x14 ./freertos/tasks.o
 .rodata.xTaskGenericNotifyFromISR
                0x00005164       0x14 ./freertos/tasks.o
 .rodata        0x00005178       0x10 ./freertos/tasks.o
                0x00005178                FreeRTOSDebugConfig
 *(SORT_BY_ALIGNMENT(.rodata) SORT_BY_ALIGNMENT(.rodata.*) SORT_BY_ALIGNMENT(.constdata) SORT_BY_ALIGNMENT(.constdata.*))
 .rodata.PIT_GetDefaultConfig.str1.4
                0x00005188       0x8c ./source/freertos_hello.o
 .rodata.main.str1.4
                0x00005214       0x11 ./source/freertos_hello.o
 *fill*         0x00005225        0x3 ff
 .rodata.vPeriodicTask.str1.4
                0x00005228       0x5f ./source/freertos_hello.o
 *fill*         0x00005287        0x1 ff
 .rodata.vHandlerTask.str1.4
                0x00005288       0x23 ./source/freertos_hello.o
 *fill*         0x000052ab        0x1 ff
 .rodata.xTimerCreateTimerTask.str1.4
                0x000052ac        0x8 ./freertos/timers.o
 .rodata.prvProcessReceivedCommands
                0x000052b4       0x28 ./freertos/timers.o
 .rodata.prvCheckForValidListAndQueue.str1.4
                0x000052dc        0x5 ./freertos/timers.o
 *fill*         0x000052e1        0x3 ff
 .rodata.CLOCK_GetMcgExtClkFreq.str1.4
                0x000052e4       0x1e ./drivers/fsl_clock.o
 *fill*         0x00005302        0x2 ff
 .rodata.CLOCK_GetOsc0ErClkFreq.str1.4
                0x00005304       0x1e ./drivers/fsl_clock.o
 *fill*         0x00005322        0x2 ff
 .rodata.CLOCK_GetEr32kClkFreq.str1.4
                0x00005324       0x1f ./drivers/fsl_clock.o
 *fill*         0x00005343        0x1 ff
 .rodata.CLOCK_GetFreq
                0x00005344       0x38 ./drivers/fsl_clock.o
 .rodata.CLOCK_GetPll0Freq.str1.4
                0x0000537c       0x1d ./drivers/fsl_clock.o
 *fill*         0x00005399        0x3 ff
 .rodata.CLOCK_EnablePll0.str1.4
                0x0000539c       0x19 ./drivers/fsl_clock.o
 *fill*         0x000053b5        0x3 ff
 .rodata.CLOCK_SetPbeMode.str1.4
                0x000053b8       0x1a ./drivers/fsl_clock.o
 *fill*         0x000053d2        0x2 ff
 .rodata.CLOCK_BootToPeeMode.str1.4
                0x000053d4       0x1a ./drivers/fsl_clock.o
 *fill*         0x000053ee        0x2 ff
 .rodata.fllFactorTable.1
                0x000053f0       0x10 ./drivers/fsl_clock.o
 .rodata.__assertion_failed.str1.4
                0x00005400        0x4 ./drivers/fsl_common.o
 .rodata.LPSCI_GetInstance.str1.4
                0x00005404       0x36 ./drivers/fsl_lpsci.o
 *fill*         0x0000543a        0x2 ff
 .rodata.LPSCI_Init.str1.4
                0x0000543c       0x43 ./drivers/fsl_lpsci.o
 *fill*         0x0000547f        0x1 ff
 .rodata.LPSCI_GetDefaultConfig.str1.4
                0x00005480       0x19 ./drivers/fsl_lpsci.o
 *fill*         0x00005499        0x3 ff
 .rodata.LPSCI_WriteBlocking.str1.4
                0x0000549c       0x17 ./drivers/fsl_lpsci.o
 *fill*         0x000054b3        0x1 ff
 .rodata.LPSCI_ReadBlocking.str1.4
                0x000054b4       0x17 ./drivers/fsl_lpsci.o
 *fill*         0x000054cb        0x1 ff
 .rodata.PIT_GetInstance.str1.4
                0x000054cc       0x31 ./drivers/fsl_pit.o
 *fill*         0x000054fd        0x3 ff
 .rodata.PIT_Init.str1.4
                0x00005500       0x16 ./drivers/fsl_pit.o
 *fill*         0x00005516        0x2 ff
 .rodata.s_uartBases
                0x00005518        0xc ./drivers/fsl_uart.o
 .rodata.s_uartClock
                0x00005524        0xc ./drivers/fsl_uart.o
 .rodata.UART_GetInstance.str1.4
                0x00005530       0x2b ./drivers/fsl_uart.o
 *fill*         0x0000555b        0x1 ff
 .rodata.UART_Init.str1.4
                0x0000555c       0x3e ./drivers/fsl_uart.o
 *fill*         0x0000559a        0x2 ff
 .rodata.UART_GetDefaultConfig.str1.4
                0x0000559c       0x18 ./drivers/fsl_uart.o
 .rodata.UART_ReadBlocking.str1.4
                0x000055b4       0x16 ./drivers/fsl_uart.o
 *fill*         0x000055ca        0x2 ff
 .rodata.mcgConfig_BOARD_BootClockRUN
                0x000055cc        0xa ./board/clock_config.o
                0x000055cc                mcgConfig_BOARD_BootClockRUN
 *fill*         0x000055d6        0x2 ff
 .rodata.simConfig_BOARD_BootClockRUN
                0x000055d8        0x8 ./board/clock_config.o
                0x000055d8                simConfig_BOARD_BootClockRUN
 .rodata.oscConfig_BOARD_BootClockRUN
                0x000055e0        0x8 ./board/clock_config.o
                0x000055e0                oscConfig_BOARD_BootClockRUN
 .rodata.__num_Ciob_streams
                0x000055e8        0x4 c:/nxp/mcuxpressoide_11.8.0_1165/ide/plugins/com.nxp.mcuxpresso.tools.win32_11.8.0.202306131047/tools/bin/../lib/gcc/arm-none-eabi/12.2.1/../../../../arm-none-eabi/lib/thumb/v6-m/nofp\libcr_nohost_nf.a(__ciob.o)
                0x000055e8                __num_Ciob_streams
 .rodata._initio.str1.1
                0x000055ec        0x4 c:/nxp/mcuxpressoide_11.8.0_1165/ide/plugins/com.nxp.mcuxpresso.tools.win32_11.8.0.202306131047/tools/bin/../lib/gcc/arm-none-eabi/12.2.1/../../../../arm-none-eabi/lib/thumb/v6-m/nofp\libcr_c.a(initio.o)
                0x000055f0                . = ALIGN (0x4)

.glue_7         0x000055f0        0x0
 .glue_7        0x000055f0        0x0 linker stubs

.glue_7t        0x000055f0        0x0
 .glue_7t       0x000055f0        0x0 linker stubs

.vfp11_veneer   0x000055f0        0x0
 .vfp11_veneer  0x000055f0        0x0 linker stubs

.v4_bx          0x000055f0        0x0
 .v4_bx         0x000055f0        0x0 linker stubs

.iplt           0x000055f0        0x0
 .iplt          0x000055f0        0x0 ./utilities/fsl_debug_console.o

.rel.dyn        0x000055f0        0x0
 .rel.iplt      0x000055f0        0x0 ./utilities/fsl_debug_console.o

.ARM.extab
 *(SORT_BY_ALIGNMENT(.ARM.extab*) SORT_BY_ALIGNMENT(.gnu.linkonce.armextab.*))

.ARM.exidx      0x000055f0        0x0
                0x000055f0                __exidx_start = .
 *(SORT_BY_ALIGNMENT(.ARM.exidx*) SORT_BY_ALIGNMENT(.gnu.linkonce.armexidx.*))
                0x000055f0                __exidx_end = .
                0x000055f0                _etext = .

.m_usb_data
 *(SORT_BY_ALIGNMENT(m_usb_bdt))

.mtb_buffer_default
                0x1ffff000       0x80
 *(SORT_BY_ALIGNMENT(.mtb*))
 .mtb.$RAM1     0x1ffff000       0x80 ./source/mtb.o
                0x1ffff000                __mtb_buffer__

.uninit_RESERVED
                0x1ffff080        0x0
                0x1ffff080                _start_uninit_RESERVED = .
 *(SORT_BY_ALIGNMENT(.bss.$RESERVED*))
                0x1ffff080                . = ALIGN (0x4)
                0x1ffff080                _end_uninit_RESERVED = .

.data           0x1ffff080       0x10 load address 0x000055f0
 FILL mask 0xff
                0x1ffff080                _data = .
                [!provide]                PROVIDE (__start_data_RAM = .)
                [!provide]                PROVIDE (__start_data_SRAM = .)
 *(SORT_BY_ALIGNMENT(vtable))
 *(SORT_BY_ALIGNMENT(.ramfunc*))
 *(SORT_BY_ALIGNMENT(CodeQuickAccess))
 *(SORT_BY_ALIGNMENT(DataQuickAccess))
 *(SORT_BY_ALIGNMENT(RamFunction))
 *(SORT_BY_ALIGNMENT(.data*))
 .data.uxCriticalNesting
                0x1ffff080        0x4 ./freertos/port.o
 .data.s_slowIrcFreq
                0x1ffff084        0x4 ./drivers/fsl_clock.o
 .data.s_fastIrcFreq
                0x1ffff088        0x4 ./drivers/fsl_clock.o
 .data.SystemCoreClock
                0x1ffff08c        0x4 ./CMSIS/system_MKL25Z4.o
                0x1ffff08c                SystemCoreClock
                0x1ffff090                . = ALIGN (0x4)
                0x1ffff090                _edata = .
                [!provide]                PROVIDE (__end_data_RAM = .)
                [!provide]                PROVIDE (__end_data_SRAM = .)

.igot.plt       0x1ffff090        0x0 load address 0x00005600
 .igot.plt      0x1ffff090        0x0 ./utilities/fsl_debug_console.o

.bss            0x1ffff090     0x2a90
                0x1ffff090                _bss = .
                [!provide]                PROVIDE (__start_bss_RAM = .)
                [!provide]                PROVIDE (__start_bss_SRAM = .)
 *(SORT_BY_ALIGNMENT(.bss*))
 .bss.s_debugConsole
                0x1ffff090       0x10 ./utilities/fsl_debug_console.o
 .bss.xBinarySemaphore
                0x1ffff0a0        0x4 ./source/freertos_hello.o
                0x1ffff0a0                xBinarySemaphore
 .bss.periodic_task
                0x1ffff0a4        0x4 ./source/freertos_hello.o
                0x1ffff0a4                periodic_task
 .bss.xHigherPriorityTaskWoken.0
                0x1ffff0a8        0x4 ./source/freertos_hello.o
 .bss.ucHeap    0x1ffff0ac     0x2800 ./freertos/heap_4.o
 .bss.xStart    0x200018ac        0x8 ./freertos/heap_4.o
 .bss.pxEnd     0x200018b4        0x4 ./freertos/heap_4.o
 .bss.xFreeBytesRemaining
                0x200018b8        0x4 ./freertos/heap_4.o
 .bss.xMinimumEverFreeBytesRemaining
                0x200018bc        0x4 ./freertos/heap_4.o
 .bss.xBlockAllocatedBit
                0x200018c0        0x4 ./freertos/heap_4.o
 .bss.xQueueRegistry
                0x200018c4       0x40 ./freertos/queue.o
                0x200018c4                xQueueRegistry
 .bss.pxCurrentTCB
                0x20001904        0x4 ./freertos/tasks.o
                0x20001904                pxCurrentTCB
 .bss.pxReadyTasksLists
                0x20001908       0x64 ./freertos/tasks.o
 .bss.xDelayedTaskList1
                0x2000196c       0x14 ./freertos/tasks.o
 .bss.xDelayedTaskList2
                0x20001980       0x14 ./freertos/tasks.o
 .bss.pxDelayedTaskList
                0x20001994        0x4 ./freertos/tasks.o
 .bss.pxOverflowDelayedTaskList
                0x20001998        0x4 ./freertos/tasks.o
 .bss.xPendingReadyList
                0x2000199c       0x14 ./freertos/tasks.o
 .bss.xTasksWaitingTermination
                0x200019b0       0x14 ./freertos/tasks.o
 .bss.uxDeletedTasksWaitingCleanUp
                0x200019c4        0x4 ./freertos/tasks.o
 .bss.xSuspendedTaskList
                0x200019c8       0x14 ./freertos/tasks.o
 .bss.uxCurrentNumberOfTasks
                0x200019dc        0x4 ./freertos/tasks.o
 .bss.xTickCount
                0x200019e0        0x4 ./freertos/tasks.o
 .bss.uxTopReadyPriority
                0x200019e4        0x4 ./freertos/tasks.o
 .bss.xSchedulerRunning
                0x200019e8        0x4 ./freertos/tasks.o
 .bss.uxPendedTicks
                0x200019ec        0x4 ./freertos/tasks.o
 .bss.xYieldPending
                0x200019f0        0x4 ./freertos/tasks.o
 .bss.xNumOfOverflows
                0x200019f4        0x4 ./freertos/tasks.o
 .bss.uxTaskNumber
                0x200019f8        0x4 ./freertos/tasks.o
 .bss.xNextTaskUnblockTime
                0x200019fc        0x4 ./freertos/tasks.o
 .bss.xIdleTaskHandle
                0x20001a00        0x4 ./freertos/tasks.o
 .bss.uxSchedulerSuspended
                0x20001a04        0x4 ./freertos/tasks.o
 .bss.xActiveTimerList1
                0x20001a08       0x14 ./freertos/timers.o
 .bss.xActiveTimerList2
                0x20001a1c       0x14 ./freertos/timers.o
 .bss.pxCurrentTimerList
                0x20001a30        0x4 ./freertos/timers.o
 .bss.pxOverflowTimerList
                0x20001a34        0x4 ./freertos/timers.o
 .bss.xTimerQueue
                0x20001a38        0x4 ./freertos/timers.o
 .bss.xTimerTaskHandle
                0x20001a3c        0x4 ./freertos/timers.o
 .bss.xLastTime.0
                0x20001a40        0x4 ./freertos/timers.o
 .bss.g_xtal0Freq
                0x20001a44        0x4 ./drivers/fsl_clock.o
                0x20001a44                g_xtal0Freq
 .bss.g_xtal32Freq
                0x20001a48        0x4 ./drivers/fsl_clock.o
                0x20001a48                g_xtal32Freq
 .bss.s_lpsciHandle
                0x20001a4c        0x4 ./drivers/fsl_lpsci.o
 .bss.s_lpsciIsr
                0x20001a50        0x4 ./drivers/fsl_lpsci.o
 .bss.s_uartHandle
                0x20001a54        0xc ./drivers/fsl_uart.o
 .bss.s_uartIsr
                0x20001a60        0x4 ./drivers/fsl_uart.o
 .bss.errno     0x20001a64        0x4 c:/nxp/mcuxpressoide_11.8.0_1165/ide/plugins/com.nxp.mcuxpresso.tools.win32_11.8.0.202306131047/tools/bin/../lib/gcc/arm-none-eabi/12.2.1/../../../../arm-none-eabi/lib/thumb/v6-m/nofp\libcr_c.a(errno.o)
                0x20001a64                errno
 .bss.__Ciob    0x20001a68       0xb4 c:/nxp/mcuxpressoide_11.8.0_1165/ide/plugins/com.nxp.mcuxpresso.tools.win32_11.8.0.202306131047/tools/bin/../lib/gcc/arm-none-eabi/12.2.1/../../../../arm-none-eabi/lib/thumb/v6-m/nofp\libcr_nohost_nf.a(__ciob.o)
                0x20001a68                __Ciob
 .bss.pitIsrFlag
                0x20001b1c        0x1 ./source/freertos_hello.o
                0x20001b1c                pitIsrFlag
 *(SORT_BY_ALIGNMENT(COMMON))
                0x20001b20                . = ALIGN (0x4)
 *fill*         0x20001b1d        0x3 
                0x20001b20                _ebss = .
                [!provide]                PROVIDE (__end_bss_RAM = .)
                [!provide]                PROVIDE (__end_bss_SRAM = .)
                [!provide]                PROVIDE (end = .)

.noinit         0x20001b20        0x0
                0x20001b20                _noinit = .
                [!provide]                PROVIDE (__start_noinit_RAM = .)
                [!provide]                PROVIDE (__start_noinit_SRAM = .)
 *(SORT_BY_ALIGNMENT(.noinit*))
                0x20001b20                . = ALIGN (0x4)
                0x20001b20                _end_noinit = .
                [!provide]                PROVIDE (__end_noinit_RAM = .)
                [!provide]                PROVIDE (__end_noinit_SRAM = .)
                0x00000400                _HeapSize = 0x400

.heap           0x20001b20      0x400
                0x20001b20                _pvHeapStart = .
                0x20001f20                . = (. + _HeapSize)
 *fill*         0x20001b20      0x400 
                0x20001f20                . = ALIGN (0x4)
                0x20001f20                _pvHeapLimit = .
                0x00000400                _StackSize = 0x400

.heap2stackfill
                0x20001f20      0x400
                0x20002320                . = (. + _StackSize)
 *fill*         0x20001f20      0x400 

.stack          0x20002c00        0x0
                0x20002c00                _vStackBase = .
                0x20002c00                . = ALIGN (0x4)
                0x20003000                _vStackTop = (. + _StackSize)
                0x00000000                _image_start = LOADADDR (.text)
                0x00005600                _image_end = (LOADADDR (.data) + SIZEOF (.data))
                0x00005600                _image_size = (_image_end - _image_start)
OUTPUT(Chapter3_rtos_examples_freertos_hello_Example12.axf elf32-littlearm)
LOAD linker stubs

.debug_info     0x00000000     0xbf62
 .debug_info    0x00000000      0xea3 ./utilities/fsl_debug_console.o
 .debug_info    0x00000ea3      0x636 ./startup/startup_mkl25z4.o
 .debug_info    0x000014d9      0xa2a ./source/freertos_hello.o
 .debug_info    0x00001f03       0x50 ./source/mtb.o
 .debug_info    0x00001f53       0x39 ./source/semihost_hardfault.o
 .debug_info    0x00001f8c       0xb1 ./freertos/fsl_tickless_lptmr.o
 .debug_info    0x0000203d      0x2f9 ./freertos/heap_4.o
 .debug_info    0x00002336      0x28e ./freertos/list.o
 .debug_info    0x000025c4      0x234 ./freertos/port.o
 .debug_info    0x000027f8      0xfc7 ./freertos/queue.o
 .debug_info    0x000037bf     0x18c4 ./freertos/tasks.o
 .debug_info    0x00005083      0xceb ./freertos/timers.o
 .debug_info    0x00005d6e     0x19b0 ./drivers/fsl_clock.o
 .debug_info    0x0000771e      0x3e3 ./drivers/fsl_common.o
 .debug_info    0x00007b01     0x13b2 ./drivers/fsl_lpsci.o
 .debug_info    0x00008eb3      0x5cd ./drivers/fsl_pit.o
 .debug_info    0x00009480     0x1352 ./drivers/fsl_uart.o
 .debug_info    0x0000a7d2      0x3a4 ./board/board.o
 .debug_info    0x0000ab76      0xb26 ./board/clock_config.o
 .debug_info    0x0000b69c      0x50a ./board/pin_mux.o
 .debug_info    0x0000bba6      0x3bc ./CMSIS/system_MKL25Z4.o

.debug_abbrev   0x00000000     0x2957
 .debug_abbrev  0x00000000      0x30c ./utilities/fsl_debug_console.o
 .debug_abbrev  0x0000030c      0x17d ./startup/startup_mkl25z4.o
 .debug_abbrev  0x00000489      0x2ba ./source/freertos_hello.o
 .debug_abbrev  0x00000743       0x43 ./source/mtb.o
 .debug_abbrev  0x00000786       0x2d ./source/semihost_hardfault.o
 .debug_abbrev  0x000007b3       0x65 ./freertos/fsl_tickless_lptmr.o
 .debug_abbrev  0x00000818      0x19f ./freertos/heap_4.o
 .debug_abbrev  0x000009b7       0xec ./freertos/list.o
 .debug_abbrev  0x00000aa3      0x19c ./freertos/port.o
 .debug_abbrev  0x00000c3f      0x2a4 ./freertos/queue.o
 .debug_abbrev  0x00000ee3      0x352 ./freertos/tasks.o
 .debug_abbrev  0x00001235      0x285 ./freertos/timers.o
 .debug_abbrev  0x000014ba      0x383 ./drivers/fsl_clock.o
 .debug_abbrev  0x0000183d      0x283 ./drivers/fsl_common.o
 .debug_abbrev  0x00001ac0      0x312 ./drivers/fsl_lpsci.o
 .debug_abbrev  0x00001dd2      0x210 ./drivers/fsl_pit.o
 .debug_abbrev  0x00001fe2      0x32e ./drivers/fsl_uart.o
 .debug_abbrev  0x00002310      0x14f ./board/board.o
 .debug_abbrev  0x0000245f      0x23d ./board/clock_config.o
 .debug_abbrev  0x0000269c      0x189 ./board/pin_mux.o
 .debug_abbrev  0x00002825      0x132 ./CMSIS/system_MKL25Z4.o

.debug_aranges  0x00000000      0xd00
 .debug_aranges
                0x00000000       0x90 ./utilities/fsl_debug_console.o
 .debug_aranges
                0x00000090      0x160 ./startup/startup_mkl25z4.o
 .debug_aranges
                0x000001f0       0x70 ./source/freertos_hello.o
 .debug_aranges
                0x00000260       0x18 ./source/mtb.o
 .debug_aranges
                0x00000278       0x20 ./source/semihost_hardfault.o
 .debug_aranges
                0x00000298       0x20 ./freertos/fsl_tickless_lptmr.o
 .debug_aranges
                0x000002b8       0x50 ./freertos/heap_4.o
 .debug_aranges
                0x00000308       0x40 ./freertos/list.o
 .debug_aranges
                0x00000348       0x80 ./freertos/port.o
 .debug_aranges
                0x000003c8      0x118 ./freertos/queue.o
 .debug_aranges
                0x000004e0      0x1e8 ./freertos/tasks.o
 .debug_aranges
                0x000006c8       0xc8 ./freertos/timers.o
 .debug_aranges
                0x00000790      0x1d8 ./drivers/fsl_clock.o
 .debug_aranges
                0x00000968       0x38 ./drivers/fsl_common.o
 .debug_aranges
                0x000009a0      0x118 ./drivers/fsl_lpsci.o
 .debug_aranges
                0x00000ab8       0x48 ./drivers/fsl_pit.o
 .debug_aranges
                0x00000b00      0x130 ./drivers/fsl_uart.o
 .debug_aranges
                0x00000c30       0x28 ./board/board.o
 .debug_aranges
                0x00000c58       0x50 ./board/clock_config.o
 .debug_aranges
                0x00000ca8       0x30 ./board/pin_mux.o
 .debug_aranges
                0x00000cd8       0x28 ./CMSIS/system_MKL25Z4.o

.debug_rnglists
                0x00000000      0x9a4
 .debug_rnglists
                0x00000000       0x6d ./utilities/fsl_debug_console.o
 .debug_rnglists
                0x0000006d      0x103 ./startup/startup_mkl25z4.o
 .debug_rnglists
                0x00000170       0x50 ./source/freertos_hello.o
 .debug_rnglists
                0x000001c0       0x13 ./source/semihost_hardfault.o
 .debug_rnglists
                0x000001d3       0x13 ./freertos/fsl_tickless_lptmr.o
 .debug_rnglists
                0x000001e6       0x3b ./freertos/heap_4.o
 .debug_rnglists
                0x00000221       0x2b ./freertos/list.o
 .debug_rnglists
                0x0000024c       0x5b ./freertos/port.o
 .debug_rnglists
                0x000002a7       0xd6 ./freertos/queue.o
 .debug_rnglists
                0x0000037d      0x185 ./freertos/tasks.o
 .debug_rnglists
                0x00000502       0x96 ./freertos/timers.o
 .debug_rnglists
                0x00000598      0x16f ./drivers/fsl_clock.o
 .debug_rnglists
                0x00000707       0x26 ./drivers/fsl_common.o
 .debug_rnglists
                0x0000072d       0xd6 ./drivers/fsl_lpsci.o
 .debug_rnglists
                0x00000803       0x31 ./drivers/fsl_pit.o
 .debug_rnglists
                0x00000834       0xe7 ./drivers/fsl_uart.o
 .debug_rnglists
                0x0000091b       0x19 ./board/board.o
 .debug_rnglists
                0x00000934       0x37 ./board/clock_config.o
 .debug_rnglists
                0x0000096b       0x1f ./board/pin_mux.o
 .debug_rnglists
                0x0000098a       0x1a ./CMSIS/system_MKL25Z4.o

.debug_line     0x00000000     0x80e4
 .debug_line    0x00000000      0xbe6 ./utilities/fsl_debug_console.o
 .debug_line    0x00000be6      0x310 ./startup/startup_mkl25z4.o
 .debug_line    0x00000ef6      0x572 ./source/freertos_hello.o
 .debug_line    0x00001468       0x30 ./source/mtb.o
 .debug_line    0x00001498       0x59 ./source/semihost_hardfault.o
 .debug_line    0x000014f1      0x100 ./freertos/fsl_tickless_lptmr.o
 .debug_line    0x000015f1      0x3e2 ./freertos/heap_4.o
 .debug_line    0x000019d3      0x1e6 ./freertos/list.o
 .debug_line    0x00001bb9      0x2ad ./freertos/port.o
 .debug_line    0x00001e66      0xbf7 ./freertos/queue.o
 .debug_line    0x00002a5d     0x14c1 ./freertos/tasks.o
 .debug_line    0x00003f1e      0x6a1 ./freertos/timers.o
 .debug_line    0x000045bf     0x1203 ./drivers/fsl_clock.o
 .debug_line    0x000057c2      0x2ea ./drivers/fsl_common.o
 .debug_line    0x00005aac      0xcf2 ./drivers/fsl_lpsci.o
 .debug_line    0x0000679e      0x295 ./drivers/fsl_pit.o
 .debug_line    0x00006a33      0xcce ./drivers/fsl_uart.o
 .debug_line    0x00007701      0x29a ./board/board.o
 .debug_line    0x0000799b      0x2fb ./board/clock_config.o
 .debug_line    0x00007c96      0x23e ./board/pin_mux.o
 .debug_line    0x00007ed4      0x210 ./CMSIS/system_MKL25Z4.o

.debug_str      0x00000000     0x57f2
 .debug_str     0x00000000      0xd3f ./utilities/fsl_debug_console.o
                                0xdbe (size before relaxing)
 .debug_str     0x00000d3f      0x39d ./startup/startup_mkl25z4.o
                                0x4fa (size before relaxing)
 .debug_str     0x000010dc      0x652 ./source/freertos_hello.o
                                0xd42 (size before relaxing)
 .debug_str     0x0000172e       0x1f ./source/mtb.o
                                0x17b (size before relaxing)
 .debug_str     0x0000174d       0x1f ./source/semihost_hardfault.o
                                0x17b (size before relaxing)
 .debug_str     0x0000176c       0x48 ./freertos/fsl_tickless_lptmr.o
                                0x236 (size before relaxing)
 .debug_str     0x000017b4      0x1f2 ./freertos/heap_4.o
                                0x3e6 (size before relaxing)
 .debug_str     0x000019a6      0x125 ./freertos/list.o
                                0x330 (size before relaxing)
 .debug_str     0x00001acb      0x134 ./freertos/port.o
                                0x38c (size before relaxing)
 .debug_str     0x00001bff      0x629 ./freertos/queue.o
                                0xa17 (size before relaxing)
 .debug_str     0x00002228      0xa8b ./freertos/tasks.o
                               0x10f1 (size before relaxing)
 .debug_str     0x00002cb3      0x4c7 ./freertos/timers.o
                                0x990 (size before relaxing)
 .debug_str     0x0000317a      0xf5b ./drivers/fsl_clock.o
                               0x17ee (size before relaxing)
 .debug_str     0x000040d5      0x12f ./drivers/fsl_common.o
                                0x4f1 (size before relaxing)
 .debug_str     0x00004204      0x910 ./drivers/fsl_lpsci.o
                               0x15a4 (size before relaxing)
 .debug_str     0x00004b14       0x6f ./drivers/fsl_pit.o
                                0x91c (size before relaxing)
 .debug_str     0x00004b83      0x7c8 ./drivers/fsl_uart.o
                               0x15b0 (size before relaxing)
 .debug_str     0x0000534b       0x35 ./board/board.o
                                0x33c (size before relaxing)
 .debug_str     0x00005380      0x2e8 ./board/clock_config.o
                                0xe5c (size before relaxing)
 .debug_str     0x00005668      0x146 ./board/pin_mux.o
                                0x59a (size before relaxing)
 .debug_str     0x000057ae       0x44 ./CMSIS/system_MKL25Z4.o
                                0x327 (size before relaxing)

.comment        0x00000000       0x45
 .comment       0x00000000       0x45 ./utilities/fsl_debug_console.o
                                 0x46 (size before relaxing)
 .comment       0x00000045       0x46 ./startup/startup_mkl25z4.o
 .comment       0x00000045       0x46 ./source/freertos_hello.o
 .comment       0x00000045       0x46 ./source/mtb.o
 .comment       0x00000045       0x46 ./source/semihost_hardfault.o
 .comment       0x00000045       0x46 ./freertos/fsl_tickless_lptmr.o
 .comment       0x00000045       0x46 ./freertos/heap_4.o
 .comment       0x00000045       0x46 ./freertos/list.o
 .comment       0x00000045       0x46 ./freertos/port.o
 .comment       0x00000045       0x46 ./freertos/queue.o
 .comment       0x00000045       0x46 ./freertos/tasks.o
 .comment       0x00000045       0x46 ./freertos/timers.o
 .comment       0x00000045       0x46 ./drivers/fsl_clock.o
 .comment       0x00000045       0x46 ./drivers/fsl_common.o
 .comment       0x00000045       0x46 ./drivers/fsl_lpsci.o
 .comment       0x00000045       0x46 ./drivers/fsl_pit.o
 .comment       0x00000045       0x46 ./drivers/fsl_uart.o
 .comment       0x00000045       0x46 ./board/board.o
 .comment       0x00000045       0x46 ./board/clock_config.o
 .comment       0x00000045       0x46 ./board/pin_mux.o
 .comment       0x00000045       0x46 ./CMSIS/system_MKL25Z4.o
 .comment       0x00000045       0x46 c:/nxp/mcuxpressoide_11.8.0_1165/ide/plugins/com.nxp.mcuxpresso.tools.win32_11.8.0.202306131047/tools/bin/../lib/gcc/arm-none-eabi/12.2.1/../../../../arm-none-eabi/lib/thumb/v6-m/nofp\libcr_nohost_nf.a(_cr__main.o)
 .comment       0x00000045       0x46 c:/nxp/mcuxpressoide_11.8.0_1165/ide/plugins/com.nxp.mcuxpresso.tools.win32_11.8.0.202306131047/tools/bin/../lib/gcc/arm-none-eabi/12.2.1/../../../../arm-none-eabi/lib/thumb/v6-m/nofp\libcr_c.a(memcpy.o)
 .comment       0x00000045       0x46 c:/nxp/mcuxpressoide_11.8.0_1165/ide/plugins/com.nxp.mcuxpresso.tools.win32_11.8.0.202306131047/tools/bin/../lib/gcc/arm-none-eabi/12.2.1/../../../../arm-none-eabi/lib/thumb/v6-m/nofp\libcr_c.a(memset.o)
 .comment       0x00000045       0x46 c:/nxp/mcuxpressoide_11.8.0_1165/ide/plugins/com.nxp.mcuxpresso.tools.win32_11.8.0.202306131047/tools/bin/../lib/gcc/arm-none-eabi/12.2.1/../../../../arm-none-eabi/lib/thumb/v6-m/nofp\libcr_c.a(initio.o)
 .comment       0x00000045       0x46 c:/nxp/mcuxpressoide_11.8.0_1165/ide/plugins/com.nxp.mcuxpresso.tools.win32_11.8.0.202306131047/tools/bin/../lib/gcc/arm-none-eabi/12.2.1/../../../../arm-none-eabi/lib/thumb/v6-m/nofp\libcr_c.a(setvbuf.o)
 .comment       0x00000045       0x46 c:/nxp/mcuxpressoide_11.8.0_1165/ide/plugins/com.nxp.mcuxpresso.tools.win32_11.8.0.202306131047/tools/bin/../lib/gcc/arm-none-eabi/12.2.1/../../../../arm-none-eabi/lib/thumb/v6-m/nofp\libcr_c.a(strlen.o)
 .comment       0x00000045       0x46 c:/nxp/mcuxpressoide_11.8.0_1165/ide/plugins/com.nxp.mcuxpresso.tools.win32_11.8.0.202306131047/tools/bin/../lib/gcc/arm-none-eabi/12.2.1/../../../../arm-none-eabi/lib/thumb/v6-m/nofp\libcr_c.a(_fdopen.o)
 .comment       0x00000045       0x46 c:/nxp/mcuxpressoide_11.8.0_1165/ide/plugins/com.nxp.mcuxpresso.tools.win32_11.8.0.202306131047/tools/bin/../lib/gcc/arm-none-eabi/12.2.1/../../../../arm-none-eabi/lib/thumb/v6-m/nofp\libcr_c.a(fclose.o)
 .comment       0x00000045       0x46 c:/nxp/mcuxpressoide_11.8.0_1165/ide/plugins/com.nxp.mcuxpresso.tools.win32_11.8.0.202306131047/tools/bin/../lib/gcc/arm-none-eabi/12.2.1/../../../../arm-none-eabi/lib/thumb/v6-m/nofp\libcr_c.a(fflush.o)
 .comment       0x00000045       0x46 c:/nxp/mcuxpressoide_11.8.0_1165/ide/plugins/com.nxp.mcuxpresso.tools.win32_11.8.0.202306131047/tools/bin/../lib/gcc/arm-none-eabi/12.2.1/../../../../arm-none-eabi/lib/thumb/v6-m/nofp\libcr_c.a(fseek.o)
 .comment       0x00000045       0x46 c:/nxp/mcuxpressoide_11.8.0_1165/ide/plugins/com.nxp.mcuxpresso.tools.win32_11.8.0.202306131047/tools/bin/../lib/gcc/arm-none-eabi/12.2.1/../../../../arm-none-eabi/lib/thumb/v6-m/nofp\libcr_c.a(ftell.o)
 .comment       0x00000045       0x46 c:/nxp/mcuxpressoide_11.8.0_1165/ide/plugins/com.nxp.mcuxpresso.tools.win32_11.8.0.202306131047/tools/bin/../lib/gcc/arm-none-eabi/12.2.1/../../../../arm-none-eabi/lib/thumb/v6-m/nofp\libcr_c.a(remove.o)
 .comment       0x00000045       0x46 c:/nxp/mcuxpressoide_11.8.0_1165/ide/plugins/com.nxp.mcuxpresso.tools.win32_11.8.0.202306131047/tools/bin/../lib/gcc/arm-none-eabi/12.2.1/../../../../arm-none-eabi/lib/thumb/v6-m/nofp\libcr_c.a(_do_fflush.o)
 .comment       0x00000045       0x46 c:/nxp/mcuxpressoide_11.8.0_1165/ide/plugins/com.nxp.mcuxpresso.tools.win32_11.8.0.202306131047/tools/bin/../lib/gcc/arm-none-eabi/12.2.1/../../../../arm-none-eabi/lib/thumb/v6-m/nofp\libcr_c.a(_fflush.o)
 .comment       0x00000045       0x46 c:/nxp/mcuxpressoide_11.8.0_1165/ide/plugins/com.nxp.mcuxpresso.tools.win32_11.8.0.202306131047/tools/bin/../lib/gcc/arm-none-eabi/12.2.1/../../../../arm-none-eabi/lib/thumb/v6-m/nofp\libcr_c.a(_writebuf.o)
 .comment       0x00000045       0x46 c:/nxp/mcuxpressoide_11.8.0_1165/ide/plugins/com.nxp.mcuxpresso.tools.win32_11.8.0.202306131047/tools/bin/../lib/gcc/arm-none-eabi/12.2.1/../../../../arm-none-eabi/lib/thumb/v6-m/nofp\libcr_c.a(alloc.o)
 .comment       0x00000045       0x46 c:/nxp/mcuxpressoide_11.8.0_1165/ide/plugins/com.nxp.mcuxpresso.tools.win32_11.8.0.202306131047/tools/bin/../lib/gcc/arm-none-eabi/12.2.1/../../../../arm-none-eabi/lib/thumb/v6-m/nofp\libcr_c.a(errno.o)
 .comment       0x00000045       0x46 c:/nxp/mcuxpressoide_11.8.0_1165/ide/plugins/com.nxp.mcuxpresso.tools.win32_11.8.0.202306131047/tools/bin/../lib/gcc/arm-none-eabi/12.2.1/../../../../arm-none-eabi/lib/thumb/v6-m/nofp\libcr_c.a(_deferredlazyseek.o)
 .comment       0x00000045       0x46 c:/nxp/mcuxpressoide_11.8.0_1165/ide/plugins/com.nxp.mcuxpresso.tools.win32_11.8.0.202306131047/tools/bin/../lib/gcc/arm-none-eabi/12.2.1/../../../../arm-none-eabi/lib/thumb/v6-m/nofp\libcr_nohost_nf.a(__ciob.o)
 .comment       0x00000045       0x46 c:/nxp/mcuxpressoide_11.8.0_1165/ide/plugins/com.nxp.mcuxpresso.tools.win32_11.8.0.202306131047/tools/bin/../lib/gcc/arm-none-eabi/12.2.1/../../../../arm-none-eabi/lib/thumb/v6-m/nofp\libcr_nohost_nf.a(__sys_close.o)
 .comment       0x00000045       0x46 c:/nxp/mcuxpressoide_11.8.0_1165/ide/plugins/com.nxp.mcuxpresso.tools.win32_11.8.0.202306131047/tools/bin/../lib/gcc/arm-none-eabi/12.2.1/../../../../arm-none-eabi/lib/thumb/v6-m/nofp\libcr_nohost_nf.a(__sys_flen.o)
 .comment       0x00000045       0x46 c:/nxp/mcuxpressoide_11.8.0_1165/ide/plugins/com.nxp.mcuxpresso.tools.win32_11.8.0.202306131047/tools/bin/../lib/gcc/arm-none-eabi/12.2.1/../../../../arm-none-eabi/lib/thumb/v6-m/nofp\libcr_nohost_nf.a(__sys_istty.o)
 .comment       0x00000045       0x46 c:/nxp/mcuxpressoide_11.8.0_1165/ide/plugins/com.nxp.mcuxpresso.tools.win32_11.8.0.202306131047/tools/bin/../lib/gcc/arm-none-eabi/12.2.1/../../../../arm-none-eabi/lib/thumb/v6-m/nofp\libcr_nohost_nf.a(__sys_remove.o)
 .comment       0x00000045       0x46 c:/nxp/mcuxpressoide_11.8.0_1165/ide/plugins/com.nxp.mcuxpresso.tools.win32_11.8.0.202306131047/tools/bin/../lib/gcc/arm-none-eabi/12.2.1/../../../../arm-none-eabi/lib/thumb/v6-m/nofp\libcr_nohost_nf.a(__sys_seek.o)
 .comment       0x00000045       0x46 c:/nxp/mcuxpressoide_11.8.0_1165/ide/plugins/com.nxp.mcuxpresso.tools.win32_11.8.0.202306131047/tools/bin/../lib/gcc/arm-none-eabi/12.2.1/../../../../arm-none-eabi/lib/thumb/v6-m/nofp\libcr_nohost_nf.a(__sys_tmpnam.o)
 .comment       0x00000045       0x46 c:/nxp/mcuxpressoide_11.8.0_1165/ide/plugins/com.nxp.mcuxpresso.tools.win32_11.8.0.202306131047/tools/bin/../lib/gcc/arm-none-eabi/12.2.1/../../../../arm-none-eabi/lib/thumb/v6-m/nofp\libcr_nohost_nf.a(__sys_write.o)

.ARM.attributes
                0x00000000       0x2a
 .ARM.attributes
                0x00000000       0x2c ./utilities/fsl_debug_console.o
 .ARM.attributes
                0x0000002c       0x2c ./startup/startup_mkl25z4.o
 .ARM.attributes
                0x00000058       0x2c ./source/freertos_hello.o
 .ARM.attributes
                0x00000084       0x2c ./source/mtb.o
 .ARM.attributes
                0x000000b0       0x2c ./source/semihost_hardfault.o
 .ARM.attributes
                0x000000dc       0x2c ./freertos/fsl_tickless_lptmr.o
 .ARM.attributes
                0x00000108       0x2c ./freertos/heap_4.o
 .ARM.attributes
                0x00000134       0x2c ./freertos/list.o
 .ARM.attributes
                0x00000160       0x2c ./freertos/port.o
 .ARM.attributes
                0x0000018c       0x2c ./freertos/queue.o
 .ARM.attributes
                0x000001b8       0x2c ./freertos/tasks.o
 .ARM.attributes
                0x000001e4       0x2c ./freertos/timers.o
 .ARM.attributes
                0x00000210       0x2c ./drivers/fsl_clock.o
 .ARM.attributes
                0x0000023c       0x2c ./drivers/fsl_common.o
 .ARM.attributes
                0x00000268       0x2c ./drivers/fsl_lpsci.o
 .ARM.attributes
                0x00000294       0x2c ./drivers/fsl_pit.o
 .ARM.attributes
                0x000002c0       0x2c ./drivers/fsl_uart.o
 .ARM.attributes
                0x000002ec       0x2c ./board/board.o
 .ARM.attributes
                0x00000318       0x2c ./board/clock_config.o
 .ARM.attributes
                0x00000344       0x2c ./board/pin_mux.o
 .ARM.attributes
                0x00000370       0x2c ./CMSIS/system_MKL25Z4.o
 .ARM.attributes
                0x0000039c       0x2c c:/nxp/mcuxpressoide_11.8.0_1165/ide/plugins/com.nxp.mcuxpresso.tools.win32_11.8.0.202306131047/tools/bin/../lib/gcc/arm-none-eabi/12.2.1/../../../../arm-none-eabi/lib/thumb/v6-m/nofp\libcr_nohost_nf.a(_cr__main.o)
 .ARM.attributes
                0x000003c8       0x2c c:/nxp/mcuxpressoide_11.8.0_1165/ide/plugins/com.nxp.mcuxpresso.tools.win32_11.8.0.202306131047/tools/bin/../lib/gcc/arm-none-eabi/12.2.1/../../../../arm-none-eabi/lib/thumb/v6-m/nofp\libcr_c.a(memcpy.o)
 .ARM.attributes
                0x000003f4       0x2c c:/nxp/mcuxpressoide_11.8.0_1165/ide/plugins/com.nxp.mcuxpresso.tools.win32_11.8.0.202306131047/tools/bin/../lib/gcc/arm-none-eabi/12.2.1/../../../../arm-none-eabi/lib/thumb/v6-m/nofp\libcr_c.a(memset.o)
 .ARM.attributes
                0x00000420       0x2c c:/nxp/mcuxpressoide_11.8.0_1165/ide/plugins/com.nxp.mcuxpresso.tools.win32_11.8.0.202306131047/tools/bin/../lib/gcc/arm-none-eabi/12.2.1/../../../../arm-none-eabi/lib/thumb/v6-m/nofp\libcr_c.a(initio.o)
 .ARM.attributes
                0x0000044c       0x2c c:/nxp/mcuxpressoide_11.8.0_1165/ide/plugins/com.nxp.mcuxpresso.tools.win32_11.8.0.202306131047/tools/bin/../lib/gcc/arm-none-eabi/12.2.1/../../../../arm-none-eabi/lib/thumb/v6-m/nofp\libcr_c.a(setvbuf.o)
 .ARM.attributes
                0x00000478       0x2c c:/nxp/mcuxpressoide_11.8.0_1165/ide/plugins/com.nxp.mcuxpresso.tools.win32_11.8.0.202306131047/tools/bin/../lib/gcc/arm-none-eabi/12.2.1/../../../../arm-none-eabi/lib/thumb/v6-m/nofp\libcr_c.a(strlen.o)
 .ARM.attributes
                0x000004a4       0x2c c:/nxp/mcuxpressoide_11.8.0_1165/ide/plugins/com.nxp.mcuxpresso.tools.win32_11.8.0.202306131047/tools/bin/../lib/gcc/arm-none-eabi/12.2.1/../../../../arm-none-eabi/lib/thumb/v6-m/nofp\libcr_c.a(_fdopen.o)
 .ARM.attributes
                0x000004d0       0x2c c:/nxp/mcuxpressoide_11.8.0_1165/ide/plugins/com.nxp.mcuxpresso.tools.win32_11.8.0.202306131047/tools/bin/../lib/gcc/arm-none-eabi/12.2.1/../../../../arm-none-eabi/lib/thumb/v6-m/nofp\libcr_c.a(fclose.o)
 .ARM.attributes
                0x000004fc       0x2c c:/nxp/mcuxpressoide_11.8.0_1165/ide/plugins/com.nxp.mcuxpresso.tools.win32_11.8.0.202306131047/tools/bin/../lib/gcc/arm-none-eabi/12.2.1/../../../../arm-none-eabi/lib/thumb/v6-m/nofp\libcr_c.a(fflush.o)
 .ARM.attributes
                0x00000528       0x2c c:/nxp/mcuxpressoide_11.8.0_1165/ide/plugins/com.nxp.mcuxpresso.tools.win32_11.8.0.202306131047/tools/bin/../lib/gcc/arm-none-eabi/12.2.1/../../../../arm-none-eabi/lib/thumb/v6-m/nofp\libcr_c.a(fseek.o)
 .ARM.attributes
                0x00000554       0x2c c:/nxp/mcuxpressoide_11.8.0_1165/ide/plugins/com.nxp.mcuxpresso.tools.win32_11.8.0.202306131047/tools/bin/../lib/gcc/arm-none-eabi/12.2.1/../../../../arm-none-eabi/lib/thumb/v6-m/nofp\libcr_c.a(ftell.o)
 .ARM.attributes
                0x00000580       0x2c c:/nxp/mcuxpressoide_11.8.0_1165/ide/plugins/com.nxp.mcuxpresso.tools.win32_11.8.0.202306131047/tools/bin/../lib/gcc/arm-none-eabi/12.2.1/../../../../arm-none-eabi/lib/thumb/v6-m/nofp\libcr_c.a(remove.o)
 .ARM.attributes
                0x000005ac       0x2c c:/nxp/mcuxpressoide_11.8.0_1165/ide/plugins/com.nxp.mcuxpresso.tools.win32_11.8.0.202306131047/tools/bin/../lib/gcc/arm-none-eabi/12.2.1/../../../../arm-none-eabi/lib/thumb/v6-m/nofp\libcr_c.a(_do_fflush.o)
 .ARM.attributes
                0x000005d8       0x2c c:/nxp/mcuxpressoide_11.8.0_1165/ide/plugins/com.nxp.mcuxpresso.tools.win32_11.8.0.202306131047/tools/bin/../lib/gcc/arm-none-eabi/12.2.1/../../../../arm-none-eabi/lib/thumb/v6-m/nofp\libcr_c.a(_fflush.o)
 .ARM.attributes
                0x00000604       0x2c c:/nxp/mcuxpressoide_11.8.0_1165/ide/plugins/com.nxp.mcuxpresso.tools.win32_11.8.0.202306131047/tools/bin/../lib/gcc/arm-none-eabi/12.2.1/../../../../arm-none-eabi/lib/thumb/v6-m/nofp\libcr_c.a(_writebuf.o)
 .ARM.attributes
                0x00000630       0x2c c:/nxp/mcuxpressoide_11.8.0_1165/ide/plugins/com.nxp.mcuxpresso.tools.win32_11.8.0.202306131047/tools/bin/../lib/gcc/arm-none-eabi/12.2.1/../../../../arm-none-eabi/lib/thumb/v6-m/nofp\libcr_c.a(alloc.o)
 .ARM.attributes
                0x0000065c       0x2c c:/nxp/mcuxpressoide_11.8.0_1165/ide/plugins/com.nxp.mcuxpresso.tools.win32_11.8.0.202306131047/tools/bin/../lib/gcc/arm-none-eabi/12.2.1/../../../../arm-none-eabi/lib/thumb/v6-m/nofp\libcr_c.a(errno.o)
 .ARM.attributes
                0x00000688       0x2c c:/nxp/mcuxpressoide_11.8.0_1165/ide/plugins/com.nxp.mcuxpresso.tools.win32_11.8.0.202306131047/tools/bin/../lib/gcc/arm-none-eabi/12.2.1/../../../../arm-none-eabi/lib/thumb/v6-m/nofp\libcr_c.a(_deferredlazyseek.o)
 .ARM.attributes
                0x000006b4       0x1c c:/nxp/mcuxpressoide_11.8.0_1165/ide/plugins/com.nxp.mcuxpresso.tools.win32_11.8.0.202306131047/tools/bin/../lib/gcc/arm-none-eabi/12.2.1/thumb/v6-m/nofp\libcr_eabihelpers.a(division_32.o)
 .ARM.attributes
                0x000006d0       0x1c c:/nxp/mcuxpressoide_11.8.0_1165/ide/plugins/com.nxp.mcuxpresso.tools.win32_11.8.0.202306131047/tools/bin/../lib/gcc/arm-none-eabi/12.2.1/thumb/v6-m/nofp\libcr_eabihelpers.a(division_64.o)
 .ARM.attributes
                0x000006ec       0x1c c:/nxp/mcuxpressoide_11.8.0_1165/ide/plugins/com.nxp.mcuxpresso.tools.win32_11.8.0.202306131047/tools/bin/../lib/gcc/arm-none-eabi/12.2.1/thumb/v6-m/nofp\libcr_eabihelpers.a(division_idiv0.o)
 .ARM.attributes
                0x00000708       0x1c c:/nxp/mcuxpressoide_11.8.0_1165/ide/plugins/com.nxp.mcuxpresso.tools.win32_11.8.0.202306131047/tools/bin/../lib/gcc/arm-none-eabi/12.2.1/thumb/v6-m/nofp\libcr_eabihelpers.a(memcpy.o)
 .ARM.attributes
                0x00000724       0x2c c:/nxp/mcuxpressoide_11.8.0_1165/ide/plugins/com.nxp.mcuxpresso.tools.win32_11.8.0.202306131047/tools/bin/../lib/gcc/arm-none-eabi/12.2.1/../../../../arm-none-eabi/lib/thumb/v6-m/nofp\libcr_nohost_nf.a(__ciob.o)
 .ARM.attributes
                0x00000750       0x2c c:/nxp/mcuxpressoide_11.8.0_1165/ide/plugins/com.nxp.mcuxpresso.tools.win32_11.8.0.202306131047/tools/bin/../lib/gcc/arm-none-eabi/12.2.1/../../../../arm-none-eabi/lib/thumb/v6-m/nofp\libcr_nohost_nf.a(__sys_close.o)
 .ARM.attributes
                0x0000077c       0x2c c:/nxp/mcuxpressoide_11.8.0_1165/ide/plugins/com.nxp.mcuxpresso.tools.win32_11.8.0.202306131047/tools/bin/../lib/gcc/arm-none-eabi/12.2.1/../../../../arm-none-eabi/lib/thumb/v6-m/nofp\libcr_nohost_nf.a(__sys_flen.o)
 .ARM.attributes
                0x000007a8       0x2c c:/nxp/mcuxpressoide_11.8.0_1165/ide/plugins/com.nxp.mcuxpresso.tools.win32_11.8.0.202306131047/tools/bin/../lib/gcc/arm-none-eabi/12.2.1/../../../../arm-none-eabi/lib/thumb/v6-m/nofp\libcr_nohost_nf.a(__sys_istty.o)
 .ARM.attributes
                0x000007d4       0x2c c:/nxp/mcuxpressoide_11.8.0_1165/ide/plugins/com.nxp.mcuxpresso.tools.win32_11.8.0.202306131047/tools/bin/../lib/gcc/arm-none-eabi/12.2.1/../../../../arm-none-eabi/lib/thumb/v6-m/nofp\libcr_nohost_nf.a(__sys_remove.o)
 .ARM.attributes
                0x00000800       0x2c c:/nxp/mcuxpressoide_11.8.0_1165/ide/plugins/com.nxp.mcuxpresso.tools.win32_11.8.0.202306131047/tools/bin/../lib/gcc/arm-none-eabi/12.2.1/../../../../arm-none-eabi/lib/thumb/v6-m/nofp\libcr_nohost_nf.a(__sys_seek.o)
 .ARM.attributes
                0x0000082c       0x2c c:/nxp/mcuxpressoide_11.8.0_1165/ide/plugins/com.nxp.mcuxpresso.tools.win32_11.8.0.202306131047/tools/bin/../lib/gcc/arm-none-eabi/12.2.1/../../../../arm-none-eabi/lib/thumb/v6-m/nofp\libcr_nohost_nf.a(__sys_tmpnam.o)
 .ARM.attributes
                0x00000858       0x2c c:/nxp/mcuxpressoide_11.8.0_1165/ide/plugins/com.nxp.mcuxpresso.tools.win32_11.8.0.202306131047/tools/bin/../lib/gcc/arm-none-eabi/12.2.1/../../../../arm-none-eabi/lib/thumb/v6-m/nofp\libcr_nohost_nf.a(__sys_write.o)

.debug_frame    0x00000000     0x2b00
 .debug_frame   0x00000000      0x1f0 ./utilities/fsl_debug_console.o
 .debug_frame   0x000001f0      0x3b0 ./startup/startup_mkl25z4.o
 .debug_frame   0x000005a0      0x170 ./source/freertos_hello.o
 .debug_frame   0x00000710       0x20 ./source/semihost_hardfault.o
 .debug_frame   0x00000730       0x2c ./freertos/fsl_tickless_lptmr.o
 .debug_frame   0x0000075c       0xe4 ./freertos/heap_4.o
 .debug_frame   0x00000840       0xb0 ./freertos/list.o
 .debug_frame   0x000008f0      0x154 ./freertos/port.o
 .debug_frame   0x00000a44      0x410 ./freertos/queue.o
 .debug_frame   0x00000e54      0x73c ./freertos/tasks.o
 .debug_frame   0x00001590      0x2c8 ./freertos/timers.o
 .debug_frame   0x00001858      0x6e0 ./drivers/fsl_clock.o
 .debug_frame   0x00001f38       0x90 ./drivers/fsl_common.o
 .debug_frame   0x00001fc8      0x414 ./drivers/fsl_lpsci.o
 .debug_frame   0x000023dc       0xd4 ./drivers/fsl_pit.o
 .debug_frame   0x000024b0      0x464 ./drivers/fsl_uart.o
 .debug_frame   0x00002914       0x50 ./board/board.o
 .debug_frame   0x00002964       0xe4 ./board/clock_config.o
 .debug_frame   0x00002a48       0x6c ./board/pin_mux.o
 .debug_frame   0x00002ab4       0x4c ./CMSIS/system_MKL25Z4.o

.debug_loclists
                0x00000000      0x104
 .debug_loclists
                0x00000000      0x104 ./startup/startup_mkl25z4.o

Cross Reference Table

Symbol                                            File
ADC0_DriverIRQHandler                             ./startup/startup_mkl25z4.o
ADC0_IRQHandler                                   ./startup/startup_mkl25z4.o
BOARD_BootClockRUN                                ./board/clock_config.o
                                                  ./source/freertos_hello.o
BOARD_BootClockVLPR                               ./board/clock_config.o
BOARD_InitDebugConsole                            ./board/board.o
                                                  ./source/freertos_hello.o
BOARD_InitPins                                    ./board/pin_mux.o
                                                  ./source/freertos_hello.o
CLOCK_BootToBlpeMode                              ./drivers/fsl_clock.o
CLOCK_BootToBlpiMode                              ./drivers/fsl_clock.o
                                                  ./board/clock_config.o
CLOCK_BootToFeeMode                               ./drivers/fsl_clock.o
CLOCK_BootToFeiMode                               ./drivers/fsl_clock.o
CLOCK_BootToPeeMode                               ./drivers/fsl_clock.o
                                                  ./board/clock_config.o
CLOCK_CalcPllDiv                                  ./drivers/fsl_clock.o
CLOCK_ClearStatusFlags                            ./drivers/fsl_clock.o
CLOCK_DeinitOsc0                                  ./drivers/fsl_clock.o
CLOCK_EnablePll0                                  ./drivers/fsl_clock.o
CLOCK_EnableUsbfs0Clock                           ./drivers/fsl_clock.o
CLOCK_ExternalModeToFbeModeQuick                  ./drivers/fsl_clock.o
CLOCK_FllStableDelay                              ./drivers/fsl_clock.o
CLOCK_GetBusClkFreq                               ./drivers/fsl_clock.o
CLOCK_GetCoreSysClkFreq                           ./drivers/fsl_clock.o
CLOCK_GetEr32kClkFreq                             ./drivers/fsl_clock.o
CLOCK_GetFixedFreqClkFreq                         ./drivers/fsl_clock.o
CLOCK_GetFlashClkFreq                             ./drivers/fsl_clock.o
CLOCK_GetFllFreq                                  ./drivers/fsl_clock.o
CLOCK_GetFreq                                     ./drivers/fsl_clock.o
                                                  ./source/freertos_hello.o
CLOCK_GetInternalRefClkFreq                       ./drivers/fsl_clock.o
CLOCK_GetMode                                     ./drivers/fsl_clock.o
CLOCK_GetOsc0ErClkFreq                            ./drivers/fsl_clock.o
CLOCK_GetOutClkFreq                               ./drivers/fsl_clock.o
CLOCK_GetPlatClkFreq                              ./drivers/fsl_clock.o
CLOCK_GetPll0Freq                                 ./drivers/fsl_clock.o
CLOCK_GetPllFllSelClkFreq                         ./drivers/fsl_clock.o
                                                  ./board/board.o
CLOCK_GetStatusFlags                              ./drivers/fsl_clock.o
CLOCK_InitOsc0                                    ./drivers/fsl_clock.o
                                                  ./board/clock_config.o
CLOCK_InternalModeToFbiModeQuick                  ./drivers/fsl_clock.o
CLOCK_SetBlpeMode                                 ./drivers/fsl_clock.o
CLOCK_SetBlpiMode                                 ./drivers/fsl_clock.o
CLOCK_SetExternalRefClkConfig                     ./drivers/fsl_clock.o
CLOCK_SetFbeMode                                  ./drivers/fsl_clock.o
CLOCK_SetFbiMode                                  ./drivers/fsl_clock.o
CLOCK_SetFeeMode                                  ./drivers/fsl_clock.o
CLOCK_SetFeiMode                                  ./drivers/fsl_clock.o
CLOCK_SetInternalRefClkConfig                     ./drivers/fsl_clock.o
                                                  ./board/clock_config.o
CLOCK_SetMcgConfig                                ./drivers/fsl_clock.o
CLOCK_SetOsc0MonitorMode                          ./drivers/fsl_clock.o
CLOCK_SetPbeMode                                  ./drivers/fsl_clock.o
CLOCK_SetPeeMode                                  ./drivers/fsl_clock.o
CLOCK_SetPll0MonitorMode                          ./drivers/fsl_clock.o
CLOCK_SetSimConfig                                ./drivers/fsl_clock.o
                                                  ./board/clock_config.o
CLOCK_TrimInternalRefClk                          ./drivers/fsl_clock.o
CMP0_DriverIRQHandler                             ./startup/startup_mkl25z4.o
CMP0_IRQHandler                                   ./startup/startup_mkl25z4.o
DAC0_DriverIRQHandler                             ./startup/startup_mkl25z4.o
DAC0_IRQHandler                                   ./startup/startup_mkl25z4.o
DMA0_DriverIRQHandler                             ./startup/startup_mkl25z4.o
DMA0_IRQHandler                                   ./startup/startup_mkl25z4.o
DMA1_DriverIRQHandler                             ./startup/startup_mkl25z4.o
DMA1_IRQHandler                                   ./startup/startup_mkl25z4.o
DMA2_DriverIRQHandler                             ./startup/startup_mkl25z4.o
DMA2_IRQHandler                                   ./startup/startup_mkl25z4.o
DMA3_DriverIRQHandler                             ./startup/startup_mkl25z4.o
DMA3_IRQHandler                                   ./startup/startup_mkl25z4.o
DbgConsole_Deinit                                 ./utilities/fsl_debug_console.o
DbgConsole_Getchar                                ./utilities/fsl_debug_console.o
DbgConsole_Init                                   ./utilities/fsl_debug_console.o
                                                  ./board/board.o
DbgConsole_Printf                                 ./utilities/fsl_debug_console.o
                                                  ./drivers/fsl_common.o
                                                  ./source/freertos_hello.o
DbgConsole_Putchar                                ./utilities/fsl_debug_console.o
DbgConsole_Scanf                                  ./utilities/fsl_debug_console.o
FLASH_Erase                                       ./drivers/fsl_flash.o
FLASH_EraseAll                                    ./drivers/fsl_flash.o
FLASH_EraseAllExecuteOnlySegments                 ./drivers/fsl_flash.o
FLASH_GetProperty                                 ./drivers/fsl_flash.o
FLASH_GetSecurityState                            ./drivers/fsl_flash.o
FLASH_Init                                        ./drivers/fsl_flash.o
FLASH_IsExecuteOnly                               ./drivers/fsl_flash.o
FLASH_IsProtected                                 ./drivers/fsl_flash.o
FLASH_PflashGetPrefetchSpeculation                ./drivers/fsl_flash.o
FLASH_PflashGetProtection                         ./drivers/fsl_flash.o
FLASH_PflashSetPrefetchSpeculation                ./drivers/fsl_flash.o
                                                  ./drivers/fsl_smc.o
FLASH_PflashSetProtection                         ./drivers/fsl_flash.o
FLASH_PrepareExecuteInRamFunctions                ./drivers/fsl_flash.o
FLASH_Program                                     ./drivers/fsl_flash.o
FLASH_ProgramOnce                                 ./drivers/fsl_flash.o
FLASH_ReadOnce                                    ./drivers/fsl_flash.o
FLASH_ReadResource                                ./drivers/fsl_flash.o
FLASH_SecurityBypass                              ./drivers/fsl_flash.o
FLASH_SetCallback                                 ./drivers/fsl_flash.o
FLASH_SetProperty                                 ./drivers/fsl_flash.o
FLASH_VerifyErase                                 ./drivers/fsl_flash.o
FLASH_VerifyEraseAll                              ./drivers/fsl_flash.o
FLASH_VerifyEraseAllExecuteOnlySegments           ./drivers/fsl_flash.o
FLASH_VerifyProgram                               ./drivers/fsl_flash.o
FTFA_DriverIRQHandler                             ./startup/startup_mkl25z4.o
FTFA_IRQHandler                                   ./startup/startup_mkl25z4.o
Flash_Config                                      ./startup/startup_mkl25z4.o
FreeRTOSDebugConfig                               ./freertos/tasks.o
GPIO_ClearPinsInterruptFlags                      ./drivers/fsl_gpio.o
GPIO_GetPinsInterruptFlags                        ./drivers/fsl_gpio.o
GPIO_PinInit                                      ./drivers/fsl_gpio.o
HardFault_Handler                                 ./source/semihost_hardfault.o
                                                  ./startup/startup_mkl25z4.o
I2C0_DriverIRQHandler                             ./startup/startup_mkl25z4.o
I2C0_IRQHandler                                   ./startup/startup_mkl25z4.o
I2C1_DriverIRQHandler                             ./startup/startup_mkl25z4.o
I2C1_IRQHandler                                   ./startup/startup_mkl25z4.o
InstallIRQHandler                                 ./drivers/fsl_common.o
IntDefaultHandler                                 ./startup/startup_mkl25z4.o
LLWU_DriverIRQHandler                             ./startup/startup_mkl25z4.o
LLWU_IRQHandler                                   ./startup/startup_mkl25z4.o
LPSCI_ClearStatusFlags                            ./drivers/fsl_lpsci.o
                                                  ./drivers/fsl_lpsci_freertos.o
LPSCI_Deinit                                      ./drivers/fsl_lpsci.o
                                                  ./drivers/fsl_lpsci_freertos.o
                                                  ./utilities/fsl_debug_console.o
LPSCI_DisableInterrupts                           ./drivers/fsl_lpsci.o
LPSCI_EnableInterrupts                            ./drivers/fsl_lpsci.o
LPSCI_GetDefaultConfig                            ./drivers/fsl_lpsci.o
                                                  ./drivers/fsl_lpsci_freertos.o
                                                  ./utilities/fsl_debug_console.o
LPSCI_GetEnabledInterrupts                        ./drivers/fsl_lpsci.o
LPSCI_GetInstance                                 ./drivers/fsl_lpsci.o
LPSCI_GetStatusFlags                              ./drivers/fsl_lpsci.o
LPSCI_Init                                        ./drivers/fsl_lpsci.o
                                                  ./drivers/fsl_lpsci_freertos.o
                                                  ./utilities/fsl_debug_console.o
LPSCI_RTOS_Deinit                                 ./drivers/fsl_lpsci_freertos.o
LPSCI_RTOS_Init                                   ./drivers/fsl_lpsci_freertos.o
LPSCI_RTOS_Receive                                ./drivers/fsl_lpsci_freertos.o
LPSCI_RTOS_Send                                   ./drivers/fsl_lpsci_freertos.o
LPSCI_ReadBlocking                                ./drivers/fsl_lpsci.o
                                                  ./utilities/fsl_debug_console.o
LPSCI_SetBaudRate                                 ./drivers/fsl_lpsci.o
LPSCI_TransferAbortReceive                        ./drivers/fsl_lpsci.o
                                                  ./drivers/fsl_lpsci_freertos.o
LPSCI_TransferAbortSend                           ./drivers/fsl_lpsci.o
LPSCI_TransferCreateHandle                        ./drivers/fsl_lpsci.o
                                                  ./drivers/fsl_lpsci_freertos.o
LPSCI_TransferGetReceiveCount                     ./drivers/fsl_lpsci.o
LPSCI_TransferGetSendCount                        ./drivers/fsl_lpsci.o
LPSCI_TransferHandleErrorIRQ                      ./drivers/fsl_lpsci.o
LPSCI_TransferHandleIRQ                           ./drivers/fsl_lpsci.o
LPSCI_TransferReceiveNonBlocking                  ./drivers/fsl_lpsci.o
                                                  ./drivers/fsl_lpsci_freertos.o
LPSCI_TransferSendNonBlocking                     ./drivers/fsl_lpsci.o
                                                  ./drivers/fsl_lpsci_freertos.o
LPSCI_TransferStartRingBuffer                     ./drivers/fsl_lpsci.o
                                                  ./drivers/fsl_lpsci_freertos.o
LPSCI_TransferStopRingBuffer                      ./drivers/fsl_lpsci.o
LPSCI_WriteBlocking                               ./drivers/fsl_lpsci.o
                                                  ./utilities/fsl_debug_console.o
LPTMR0_DriverIRQHandler                           ./startup/startup_mkl25z4.o
LPTMR0_IRQHandler                                 ./startup/startup_mkl25z4.o
LVD_LVW_DriverIRQHandler                          ./startup/startup_mkl25z4.o
LVD_LVW_IRQHandler                                ./startup/startup_mkl25z4.o
MCG_DriverIRQHandler                              ./startup/startup_mkl25z4.o
MCG_IRQHandler                                    ./startup/startup_mkl25z4.o
NMI_Handler                                       ./startup/startup_mkl25z4.o
PIT_Deinit                                        ./drivers/fsl_pit.o
PIT_DriverIRQHandler                              ./startup/startup_mkl25z4.o
PIT_GetLifetimeTimerCount                         ./drivers/fsl_pit.o
PIT_IRQHandler                                    ./source/freertos_hello.o
                                                  ./startup/startup_mkl25z4.o
PIT_Init                                          ./drivers/fsl_pit.o
                                                  ./source/freertos_hello.o
PORTA_DriverIRQHandler                            ./startup/startup_mkl25z4.o
PORTA_IRQHandler                                  ./startup/startup_mkl25z4.o
PORTD_DriverIRQHandler                            ./startup/startup_mkl25z4.o
PORTD_IRQHandler                                  ./startup/startup_mkl25z4.o
PendSV_Handler                                    ./freertos/port.o
                                                  ./startup/startup_mkl25z4.o
RTC_DriverIRQHandler                              ./startup/startup_mkl25z4.o
RTC_IRQHandler                                    ./startup/startup_mkl25z4.o
RTC_Seconds_DriverIRQHandler                      ./startup/startup_mkl25z4.o
RTC_Seconds_IRQHandler                            ./startup/startup_mkl25z4.o
Reserved20_DriverIRQHandler                       ./startup/startup_mkl25z4.o
Reserved20_IRQHandler                             ./startup/startup_mkl25z4.o